<html>
<body>
<pre>
<h1>µVision Build Log</h1>
<h2>Tool Versions:</h2>
IDE-Version: ¦ÌVision V5.39.0.0
Copyright (C) 2023 ARM Ltd and ARM Germany GmbH. All rights reserved.
License Information: llz llz, llz, LIC=NQQMA-1HJ65-TGY7T-RHTSI-QZ6PJ-SQW6W
 
Tool Versions:
Toolchain:       MDK-ARM Plus  Version: 5.39.0.0
Toolchain Path:  D:\download\keil5MDK\ARM\ARMCC\Bin
C Compiler:      Armcc.exe V5.06 update 7 (build 960)
Assembler:       Armasm.exe V5.06 update 7 (build 960)
Linker/Locator:  ArmLink.exe V5.06 update 7 (build 960)
Library Manager: ArmAr.exe V5.06 update 7 (build 960)
Hex Converter:   FromElf.exe V5.06 update 7 (build 960)
CPU DLL:         SARMCM3.DLL V5.39.0.0
Dialog DLL:      DCM.DLL V1.17.5.0
Target DLL:      CMSIS_AGDI.dll V1.33.16.0
Dialog DLL:      TCM.DLL V1.56.4.0
 
<h2>Project:</h2>
E:\»úÆ÷ÈË\li_FOC\AT32F403ACCT7_WorkBench\project\MDK_V5\AT32F403ACCT7_WorkBench.uvprojx
Project File Date:  11/12/2025

<h2>Output:</h2>
*** Using Compiler 'V5.06 update 7 (build 960)', folder: 'D:\download\keil5MDK\ARM\ARMCC\Bin'
Build target 'AT32F403ACCT7_WorkBench'
compiling main.c...
linking...
Program Size: Code=5092 RO-data=476 RW-data=80 ZI-data=1464  
FromELF: creating hex file...
".\objects\AT32F403ACCT7_WorkBench.axf" - 0 Error(s), 0 Warning(s).

<h2>Software Packages used:</h2>

Package Vendor: ArteryTek
                
                ArteryTek::AT32F403A_407_DFP@2.2.2
                ArteryTek AT32F403A_407 Series Device Support,Drivers

<h2>Collection of Component include folders:</h2>
  D:/download/keil5MDK/Packs/ArteryTek/AT32F403A_407_DFP/2.2.2/Device/Include

<h2>Collection of Component Files used:</h2>
Build Time Elapsed:  00:00:00
</pre>
</body>
</html>
