<html>
<body>
<pre>
<h1>µVision Build Log</h1>
<h2>Tool Versions:</h2>
IDE-Version: ¦ÌVision V5.39.0.0
Copyright (C) 2023 ARM Ltd and ARM Germany GmbH. All rights reserved.
License Information: lhz lhz, lhz, LIC=14HV2-91RGE-Z96G9-4RLCA-2AWNX-8BDUN
 
Tool Versions:
Toolchain:       MDK-ARM Plus  Version: 5.39.0.0
Toolchain Path:  E:\tools\keil5\ARM\AC5\Bin
C Compiler:      Armcc.exe V5.06 update 7 (build 960)
Assembler:       Armasm.exe V5.06 update 7 (build 960)
Linker/Locator:  ArmLink.exe V5.06 update 7 (build 960)
Library Manager: ArmAr.exe V5.06 update 7 (build 960)
Hex Converter:   FromElf.exe V5.06 update 7 (build 960)
CPU DLL:         SARMCM3.DLL V5.39.0.0
Dialog DLL:      DCM.DLL V1.17.5.0
Target DLL:      CMSIS_AGDI.dll V1.33.16.0
Dialog DLL:      TCM.DLL V1.56.4.0
 
<h2>Project:</h2>
E:\Li_FOC\AT32F403ACCT7_WorkBench\project\MDK_V5\AT32F403ACCT7_WorkBench.uvprojx
Project File Date:  03/28/2026

<h2>Output:</h2>
*** Using Compiler 'V5.06 update 7 (build 960)', folder: 'E:\tools\keil5\ARM\AC5\Bin'
Build target 'AT32F403ACCT7_WorkBench'
compiling mt6701.c...
compiling current_control.c...
compiling position_control.c...
compiling speed_control.c...
compiling SVPWM.c...
compiling protocol.c...
compiling at32f403a_407_int.c...
compiling freertos_app.c...
compiling FOC.c...
..\Hardware\FOC.c(314): warning:  #177-D: function "inv_clarke_transform"  was declared but never referenced
  static void inv_clarke_transform(float Ualpha, float Ubeta, float *Out_Ua, float *Out_Ub, float *Out_Uc)
..\Hardware\FOC.c: 1 warning, 0 errors
linking...
Program Size: Code=28272 RO-data=544 RW-data=624 ZI-data=16808  
FromELF: creating hex file...
".\objects\AT32F403ACCT7_WorkBench.axf" - 0 Error(s), 1 Warning(s).

<h2>Software Packages used:</h2>

Package Vendor: ArteryTek
                
                ArteryTek::AT32F403A_407_DFP@2.2.3
                ArteryTek AT32F403A_407 Series Device Support,Drivers

<h2>Collection of Component include folders:</h2>
  E:/tools/keil5/Packs/ArteryTek/AT32F403A_407_DFP/2.2.3/Device/Include

<h2>Collection of Component Files used:</h2>
Build Time Elapsed:  00:00:01
</pre>
</body>
</html>
