Component: ARM Compiler 5.06 update 7 (build 960) Tool: armlink [4d3601]

==============================================================================

Section Cross References

    main.o(i.main) refers to at32f403a_407_wk_config.o(i.wk_system_clock_config) for wk_system_clock_config
    main.o(i.main) refers to at32f403a_407_wk_config.o(i.wk_periph_clock_config) for wk_periph_clock_config
    main.o(i.main) refers to wk_debug.o(i.wk_debug_config) for wk_debug_config
    main.o(i.main) refers to at32f403a_407_wk_config.o(i.wk_nvic_config) for wk_nvic_config
    main.o(i.main) refers to wk_gpio.o(i.wk_gpio_config) for wk_gpio_config
    main.o(i.main) refers to wk_adc.o(i.wk_adc2_init) for wk_adc2_init
    main.o(i.main) refers to wk_adc.o(i.wk_adc1_init) for wk_adc1_init
    main.o(i.main) refers to wk_dma.o(i.wk_dma1_channel1_init) for wk_dma1_channel1_init
    main.o(i.main) refers to wk_dma.o(i.wk_dma_channel_config) for wk_dma_channel_config
    main.o(i.main) refers to at32f403a_407_dma.o(i.dma_channel_enable) for dma_channel_enable
    main.o(i.main) refers to wk_usart.o(i.wk_usart1_init) for wk_usart1_init
    main.o(i.main) refers to wk_usart.o(i.wk_usart3_init) for wk_usart3_init
    main.o(i.main) refers to wk_spi.o(i.wk_spi1_init) for wk_spi1_init
    main.o(i.main) refers to wk_tmr.o(i.wk_tmr1_init) for wk_tmr1_init
    main.o(i.main) refers to wk_tmr.o(i.wk_tmr2_init) for wk_tmr2_init
    main.o(i.main) refers to wk_can.o(i.wk_can1_init) for wk_can1_init
    main.o(i.main) refers to at32f403a_407_adc.o(i.adc_interrupt_enable) for adc_interrupt_enable
    main.o(i.main) refers to at32f403a_407_tmr.o(i.tmr_interrupt_enable) for tmr_interrupt_enable
    main.o(i.main) refers to at32f403a_407_dma.o(i.dma_interrupt_enable) for dma_interrupt_enable
    main.o(i.main) refers to at32f403a_407_usart.o(i.usart_interrupt_enable) for usart_interrupt_enable
    main.o(i.main) refers to freertos_app.o(i.wk_freertos_init) for wk_freertos_init
    main.o(i.main) refers to usart3.o(.bss) for uart3_tx_buffer
    at32f403a_407_wk_config.o(i.wk_nvic_config) refers to at32f403a_407_misc.o(i.nvic_priority_group_config) for nvic_priority_group_config
    at32f403a_407_wk_config.o(i.wk_nvic_config) refers to at32f403a_407_wk_config.o(i.__NVIC_GetPriorityGrouping) for __NVIC_GetPriorityGrouping
    at32f403a_407_wk_config.o(i.wk_nvic_config) refers to at32f403a_407_wk_config.o(i.NVIC_EncodePriority) for NVIC_EncodePriority
    at32f403a_407_wk_config.o(i.wk_nvic_config) refers to at32f403a_407_wk_config.o(i.__NVIC_SetPriority) for __NVIC_SetPriority
    at32f403a_407_wk_config.o(i.wk_nvic_config) refers to at32f403a_407_misc.o(i.nvic_irq_enable) for nvic_irq_enable
    at32f403a_407_wk_config.o(i.wk_periph_clock_config) refers to at32f403a_407_crm.o(i.crm_periph_clock_enable) for crm_periph_clock_enable
    at32f403a_407_wk_config.o(i.wk_system_clock_config) refers to at32f403a_407_crm.o(i.crm_reset) for crm_reset
    at32f403a_407_wk_config.o(i.wk_system_clock_config) refers to at32f403a_407_crm.o(i.crm_clock_source_enable) for crm_clock_source_enable
    at32f403a_407_wk_config.o(i.wk_system_clock_config) refers to at32f403a_407_crm.o(i.crm_flag_get) for crm_flag_get
    at32f403a_407_wk_config.o(i.wk_system_clock_config) refers to at32f403a_407_crm.o(i.crm_hext_stable_wait) for crm_hext_stable_wait
    at32f403a_407_wk_config.o(i.wk_system_clock_config) refers to at32f403a_407_crm.o(i.crm_pll_config) for crm_pll_config
    at32f403a_407_wk_config.o(i.wk_system_clock_config) refers to at32f403a_407_crm.o(i.crm_ahb_div_set) for crm_ahb_div_set
    at32f403a_407_wk_config.o(i.wk_system_clock_config) refers to at32f403a_407_crm.o(i.crm_apb2_div_set) for crm_apb2_div_set
    at32f403a_407_wk_config.o(i.wk_system_clock_config) refers to at32f403a_407_crm.o(i.crm_apb1_div_set) for crm_apb1_div_set
    at32f403a_407_wk_config.o(i.wk_system_clock_config) refers to at32f403a_407_crm.o(i.crm_auto_step_mode_enable) for crm_auto_step_mode_enable
    at32f403a_407_wk_config.o(i.wk_system_clock_config) refers to at32f403a_407_crm.o(i.crm_sysclk_switch) for crm_sysclk_switch
    at32f403a_407_wk_config.o(i.wk_system_clock_config) refers to at32f403a_407_crm.o(i.crm_sysclk_switch_status_get) for crm_sysclk_switch_status_get
    at32f403a_407_wk_config.o(i.wk_system_clock_config) refers to system_at32f403a_407.o(i.system_core_clock_update) for system_core_clock_update
    at32f403a_407_int.o(i.ADC1_2_IRQHandler) refers to at32f403a_407_adc.o(i.adc_interrupt_flag_get) for adc_interrupt_flag_get
    at32f403a_407_int.o(i.ADC1_2_IRQHandler) refers to at32f403a_407_adc.o(i.adc_preempt_conversion_data_get) for adc_preempt_conversion_data_get
    at32f403a_407_int.o(i.ADC1_2_IRQHandler) refers to foc.o(i.FocContorl) for FocContorl
    at32f403a_407_int.o(i.ADC1_2_IRQHandler) refers to at32f403a_407_adc.o(i.adc_flag_clear) for adc_flag_clear
    at32f403a_407_int.o(i.ADC1_2_IRQHandler) refers to foc.o(.bss) for g_motorAdValues
[...]
    _printf_u                                0x00000000   Number         0  stubs.o ABSOLUTE
    _printf_wc                               0x00000000   Number         0  stubs.o ABSOLUTE
    _printf_wctomb                           0x00000000   Number         0  stubs.o ABSOLUTE
    _printf_widthprec                        0x00000000   Number         0  stubs.o ABSOLUTE
    _printf_x                                0x00000000   Number         0  stubs.o ABSOLUTE
    __arm_fini_                               - Undefined Weak Reference
    __cpp_initialize__aeabi_                  - Undefined Weak Reference
    __cxa_finalize                            - Undefined Weak Reference
    _clock_init                               - Undefined Weak Reference
    _microlib_exit                            - Undefined Weak Reference
    __Vectors_Size                           0x00000184   Number         0  startup_at32f403a_407.o ABSOLUTE
    __Vectors                                0x08000000   Data           4  startup_at32f403a_407.o(RESET)
    __Vectors_End                            0x08000184   Data           0  startup_at32f403a_407.o(RESET)
    __main                                   0x08000185   Thumb Code     0  entry.o(.ARM.Collect$$$$00000000)
    _main_stk                                0x08000185   Thumb Code     0  entry2.o(.ARM.Collect$$$$00000001)
    _main_scatterload                        0x08000189   Thumb Code     0  entry5.o(.ARM.Collect$$$$00000004)
    __main_after_scatterload                 0x0800018d   Thumb Code     0  entry5.o(.ARM.Collect$$$$00000004)
    _main_clock                              0x0800018d   Thumb Code     0  entry7b.o(.ARM.Collect$$$$00000008)
    _main_cpp_init                           0x0800018d   Thumb Code     0  entry8b.o(.ARM.Collect$$$$0000000A)
    _main_init                               0x0800018d   Thumb Code     0  entry9a.o(.ARM.Collect$$$$0000000B)
    __rt_lib_shutdown_fini                   0x08000195   Thumb Code     0  entry12b.o(.ARM.Collect$$$$0000000E)
    __rt_final_cpp                           0x08000199   Thumb Code     0  entry10a.o(.ARM.Collect$$$$0000000F)
    __rt_final_exit                          0x08000199   Thumb Code     0  entry11a.o(.ARM.Collect$$$$00000011)
    SVC_Handler                              0x0800019d   Thumb Code    28  include_port.o(.emb_text)
    __asm___14_include_port_c_39a90d8d__prvStartFirstTask 0x080001bd   Thumb Code    36  include_port.o(.emb_text)
    __asm___14_include_port_c_39a90d8d__prvEnableVFP 0x080001e5   Thumb Code    16  include_port.o(.emb_text)
    PendSV_Handler                           0x080001f9   Thumb Code    88  include_port.o(.emb_text)
    vPortGetIPSR                             0x08000255   Thumb Code     6  include_port.o(.emb_text)
    Reset_Handler                            0x0800025d   Thumb Code     8  startup_at32f403a_407.o(.text)
    ACC_IRQHandler                           0x08000277   Thumb Code     0  startup_at32f403a_407.o(.text)
    ADC3_IRQHandler                          0x08000277   Thumb Code     0  startup_at32f403a_407.o(.text)
    CAN1_RX1_IRQHandler                      0x08000277   Thumb Code     0  startup_at32f403a_407.o(.text)
    CAN1_SE_IRQHandler                       0x08000277   Thumb Code     0  startup_at32f403a_407.o(.text)
    CAN2_RX0_IRQHandler                      0x08000277   Thumb Code     0  startup_at32f403a_407.o(.text)
    CAN2_RX1_IRQHandler                      0x08000277   Thumb Code     0  startup_at32f403a_407.o(.text)
    CAN2_SE_IRQHandler                       0x08000277   Thumb Code     0  startup_at32f403a_407.o(.text)
    CAN2_TX_IRQHandler                       0x08000277   Thumb Code     0  startup_at32f403a_407.o(.text)
    CRM_IRQHandler                           0x08000277   Thumb Code     0  startup_at32f403a_407.o(.text)
    DMA1_Channel2_IRQHandler                 0x08000277   Thumb Code     0  startup_at32f403a_407.o(.text)
    DMA1_Channel3_IRQHandler                 0x08000277   Thumb Code     0  startup_at32f403a_407.o(.text)
    DMA1_Channel4_IRQHandler                 0x08000277   Thumb Code     0  startup_at32f403a_407.o(.text)
    DMA1_Channel5_IRQHandler                 0x08000277   Thumb Code     0  startup_at32f403a_407.o(.text)
    DMA1_Channel6_IRQHandler                 0x08000277   Thumb Code     0  startup_at32f403a_407.o(.text)
    DMA1_Channel7_IRQHandler                 0x08000277   Thumb Code     0  startup_at32f403a_407.o(.text)
    DMA2_Channel1_IRQHandler                 0x08000277   Thumb Code     0  startup_at32f403a_407.o(.text)
    DMA2_Channel2_IRQHandler                 0x08000277   Thumb Code     0  startup_at32f403a_407.o(.text)
    DMA2_Channel3_IRQHandler                 0x08000277   Thumb Code     0  startup_at32f403a_407.o(.text)
    DMA2_Channel4_5_IRQHandler               0x08000277   Thumb Code     0  startup_at32f403a_407.o(.text)
    DMA2_Channel6_7_IRQHandler               0x08000277   Thumb Code     0  startup_at32f403a_407.o(.text)
    EMAC_IRQHandler                          0x08000277   Thumb Code     0  startup_at32f403a_407.o(.text)
    EMAC_WKUP_IRQHandler                     0x08000277   Thumb Code     0  startup_at32f403a_407.o(.text)
    EXINT0_IRQHandler                        0x08000277   Thumb Code     0  startup_at32f403a_407.o(.text)
    EXINT15_10_IRQHandler                    0x08000277   Thumb Code     0  startup_at32f403a_407.o(.text)
    EXINT1_IRQHandler                        0x08000277   Thumb Code     0  startup_at32f403a_407.o(.text)
    EXINT2_IRQHandler                        0x08000277   Thumb Code     0  startup_at32f403a_407.o(.text)
    EXINT3_IRQHandler                        0x08000277   Thumb Code     0  startup_at32f403a_407.o(.text)
    EXINT4_IRQHandler                        0x08000277   Thumb Code     0  startup_at32f403a_407.o(.text)
    EXINT9_5_IRQHandler                      0x08000277   Thumb Code     0  startup_at32f403a_407.o(.text)
    FLASH_IRQHandler                         0x08000277   Thumb Code     0  startup_at32f403a_407.o(.text)
    I2C1_ERR_IRQHandler                      0x08000277   Thumb Code     0  startup_at32f403a_407.o(.text)
    I2C1_EVT_IRQHandler                      0x08000277   Thumb Code     0  startup_at32f403a_407.o(.text)
    I2C2_ERR_IRQHandler                      0x08000277   Thumb Code     0  startup_at32f403a_407.o(.text)
    I2C2_EVT_IRQHandler                      0x08000277   Thumb Code     0  startup_at32f403a_407.o(.text)
    I2C3_ERR_IRQHandler                      0x08000277   Thumb Code     0  startup_at32f403a_407.o(.text)
    I2C3_EVT_IRQHandler                      0x08000277   Thumb Code     0  startup_at32f403a_407.o(.text)
    PVM_IRQHandler                           0x08000277   Thumb Code     0  startup_at32f403a_407.o(.text)
    RTCAlarm_IRQHandler                      0x08000277   Thumb Code     0  startup_at32f403a_407.o(.text)
    RTC_IRQHandler                           0x08000277   Thumb Code     0  startup_at32f403a_407.o(.text)
    SDIO1_IRQHandler                         0x08000277   Thumb Code     0  startup_at32f403a_407.o(.text)
    SDIO2_IRQHandler                         0x08000277   Thumb Code     0  startup_at32f403a_407.o(.text)
    SPI1_IRQHandler                          0x08000277   Thumb Code     0  startup_at32f403a_407.o(.text)
    SPI2_I2S2EXT_IRQHandler                  0x08000277   Thumb Code     0  startup_at32f403a_407.o(.text)
    SPI3_I2S3EXT_IRQHandler                  0x08000277   Thumb Code     0  startup_at32f403a_407.o(.text)
    SPI4_IRQHandler                          0x08000277   Thumb Code     0  startup_at32f403a_407.o(.text)
    TAMPER_IRQHandler                        0x08000277   Thumb Code     0  startup_at32f403a_407.o(.text)
    TMR1_BRK_TMR9_IRQHandler                 0x08000277   Thumb Code     0  startup_at32f403a_407.o(.text)
    TMR1_CH_IRQHandler                       0x08000277   Thumb Code     0  startup_at32f403a_407.o(.text)
    TMR1_OVF_TMR10_IRQHandler                0x08000277   Thumb Code     0  startup_at32f403a_407.o(.text)
    TMR1_TRG_HALL_TMR11_IRQHandler           0x08000277   Thumb Code     0  startup_at32f403a_407.o(.text)
    TMR3_GLOBAL_IRQHandler                   0x08000277   Thumb Code     0  startup_at32f403a_407.o(.text)
    TMR4_GLOBAL_IRQHandler                   0x08000277   Thumb Code     0  startup_at32f403a_407.o(.text)
    TMR5_GLOBAL_IRQHandler                   0x08000277   Thumb Code     0  startup_at32f403a_407.o(.text)
    TMR6_GLOBAL_IRQHandler                   0x08000277   Thumb Code     0  startup_at32f403a_407.o(.text)
    TMR7_GLOBAL_IRQHandler                   0x08000277   Thumb Code     0  startup_at32f403a_407.o(.text)
    TMR8_BRK_TMR12_IRQHandler                0x08000277   Thumb Code     0  startup_at32f403a_407.o(.text)
    TMR8_CH_IRQHandler                       0x08000277   Thumb Code     0  startup_at32f403a_407.o(.text)
    TMR8_OVF_TMR13_IRQHandler                0x08000277   Thumb Code     0  startup_at32f403a_407.o(.text)
    TMR8_TRG_HALL_TMR14_IRQHandler           0x08000277   Thumb Code     0  startup_at32f403a_407.o(.text)
    UART4_IRQHandler                         0x08000277   Thumb Code     0  startup_at32f403a_407.o(.text)
    UART5_IRQHandler                         0x08000277   Thumb Code     0  startup_at32f403a_407.o(.text)
    UART7_IRQHandler                         0x08000277   Thumb Code     0  startup_at32f403a_407.o(.text)
    UART8_IRQHandler                         0x08000277   Thumb Code     0  startup_at32f403a_407.o(.text)
    USART1_IRQHandler                        0x08000277   Thumb Code     0  startup_at32f403a_407.o(.text)
    USART2_IRQHandler                        0x08000277   Thumb Code     0  startup_at32f403a_407.o(.text)
    USART6_IRQHandler                        0x08000277   Thumb Code     0  startup_at32f403a_407.o(.text)
    USBFSWakeUp_IRQHandler                   0x08000277   Thumb Code     0  startup_at32f403a_407.o(.text)
    USBFS_H_CAN1_TX_IRQHandler               0x08000277   Thumb Code     0  startup_at32f403a_407.o(.text)
    USBFS_L_CAN1_RX0_IRQHandler              0x08000277   Thumb Code     0  startup_at32f403a_407.o(.text)
    USBFS_MAPH_IRQHandler                    0x08000277   Thumb Code     0  startup_at32f403a_407.o(.text)
    USBFS_MAPL_IRQHandler                    0x08000277   Thumb Code     0  startup_at32f403a_407.o(.text)
    WWDT_IRQHandler                          0x08000277   Thumb Code     0  startup_at32f403a_407.o(.text)
    XMC_IRQHandler                           0x08000277   Thumb Code     0  startup_at32f403a_407.o(.text)
    __aeabi_memcpy                           0x08000281   Thumb Code    36  memcpya.o(.text)
    __aeabi_memcpy4                          0x08000281   Thumb Code     0  memcpya.o(.text)
    __aeabi_memcpy8                          0x08000281   Thumb Code     0  memcpya.o(.text)
    __aeabi_memset                           0x080002a5   Thumb Code    14  memseta.o(.text)
    __aeabi_memset4                          0x080002a5   Thumb Code     0  memseta.o(.text)
    __aeabi_memset8                          0x080002a5   Thumb Code     0  memseta.o(.text)
    __aeabi_memclr                           0x080002b3   Thumb Code     4  memseta.o(.text)
    __aeabi_memclr4                          0x080002b3   Thumb Code     0  memseta.o(.text)
    __aeabi_memclr8                          0x080002b3   Thumb Code     0  memseta.o(.text)
    memset                                   0x080002b7   Thumb Code    18  memseta.o(.text)
    __aeabi_dadd                             0x080002c9   Thumb Code   322  dadd.o(.text)
    __aeabi_dsub                             0x0800040b   Thumb Code     6  dadd.o(.text)
    __aeabi_drsub                            0x08000411   Thumb Code     6  dadd.o(.text)
    __aeabi_dmul                             0x08000417   Thumb Code   228  dmul.o(.text)
    __aeabi_ddiv                             0x080004fb   Thumb Code   222  ddiv.o(.text)
    __aeabi_i2d                              0x080005d9   Thumb Code    34  dflti.o(.text)
    __aeabi_f2d                              0x080005fb   Thumb Code    38  f2d.o(.text)
    __aeabi_cdcmpeq                          0x08000621   Thumb Code     0  cdcmple.o(.text)
    __aeabi_cdcmple                          0x08000621   Thumb Code    48  cdcmple.o(.text)
    __aeabi_cdrcmple                         0x08000651   Thumb Code    48  cdrcmple.o(.text)
    __aeabi_d2f                              0x08000681   Thumb Code    56  d2f.o(.text)
    __aeabi_uidiv                            0x080006b9   Thumb Code     0  uidiv.o(.text)
    __aeabi_uidivmod                         0x080006b9   Thumb Code    44  uidiv.o(.text)
    __aeabi_uldivmod                         0x080006e5   Thumb Code    98  uldiv.o(.text)
    __aeabi_llsl                             0x08000747   Thumb Code    30  llshl.o(.text)
    _ll_shift_l                              0x08000747   Thumb Code     0  llshl.o(.text)
    __aeabi_lasr                             0x08000765   Thumb Code    36  llsshr.o(.text)
    _ll_sshift_r                             0x08000765   Thumb Code     0  llsshr.o(.text)
    __I$use$fp                               0x08000789   Thumb Code     0  iusefp.o(.text)
    _float_round                             0x08000789   Thumb Code    18  fepilogue.o(.text)
    _float_epilogue                          0x0800079b   Thumb Code    92  fepilogue.o(.text)
    _frem                                    0x080007f7   Thumb Code    82  frem.o(.text)
    _double_round                            0x08000849   Thumb Code    30  depilogue.o(.text)
    _double_epilogue                         0x08000867   Thumb Code   156  depilogue.o(.text)
    __aeabi_d2ulz                            0x08000903   Thumb Code    48  dfixul.o(.text)
    __scatterload                            0x08000935   Thumb Code    28  init.o(.text)
    __scatterload_rt2                        0x08000935   Thumb Code     0  init.o(.text)
    __aeabi_llsr                             0x08000959   Thumb Code    32  llushr.o(.text)
    _ll_ushift_r                             0x08000959   Thumb Code     0  llushr.o(.text)
    __decompress                             0x08000979   Thumb Code     0  __dczerorl2.o(.text)
    __decompress1                            0x08000979   Thumb Code    86  __dczerorl2.o(.text)
    ADC1_2_IRQHandler                        0x080009d1   Thumb Code   100  at32f403a_407_int.o(i.ADC1_2_IRQHandler)
    AngleGetCorrectedElec                    0x08000a49   Thumb Code    60  foc.o(i.AngleGetCorrectedElec)
    AngleInitZeroOffset                      0x08000a89   Thumb Code   194  foc.o(i.AngleInitZeroOffset)
    BusFault_Handler                         0x08000b55   Thumb Code     4  at32f403a_407_int.o(i.BusFault_Handler)
    CalculateElectricalAngle                 0x08000b59   Thumb Code    60  foc.o(i.CalculateElectricalAngle)
    CalculatePosition                        0x08000b99   Thumb Code    94  position_control.o(i.CalculatePosition)
    CalculateSpeed                           0x08000c09   Thumb Code   136  speed_control.o(i.CalculateSpeed)
    CurrentPIControlID                       0x08000ca1   Thumb Code   346  current_control.o(i.CurrentPIControlID)
    CurrentPIControlIQ                       0x08000dfd   Thumb Code   382  current_control.o(i.CurrentPIControlIQ)
    DMA1_Channel1_IRQHandler                 0x08001039   Thumb Code    32  at32f403a_407_int.o(i.DMA1_Channel1_IRQHandler)
    DebugMon_Handler                         0x08001061   Thumb Code     2  at32f403a_407_int.o(i.DebugMon_Handler)
    FocContorl                               0x08001065   Thumb Code   442  foc.o(i.FocContorl)
    GetMosTemp                               0x0800123d   Thumb Code    14  mostemp.o(i.GetMosTemp)
    GetTempAdc                               0x0800124d   Thumb Code    52  mostemp.o(i.GetTempAdc)
    HardFault_Handler                        0x08001285   Thumb Code     4  at32f403a_407_int.o(i.HardFault_Handler)
    LPF_Init                                 0x08001289   Thumb Code    78  filter.o(i.LPF_Init)
    LPF_Speed_Init                           0x080012e5   Thumb Code    66  filter.o(i.LPF_Speed_Init)
    LPF_Speed_Update                         0x08001335   Thumb Code    34  filter.o(i.LPF_Speed_Update)
    LPF_Update                               0x08001357   Thumb Code    66  filter.o(i.LPF_Update)
    LimitValue                               0x08001399   Thumb Code    42  my_math.o(i.LimitValue)
    MemManage_Handler                        0x080013c3   Thumb Code     4  at32f403a_407_int.o(i.MemManage_Handler)
    Monitor_task_func                        0x080013c9   Thumb Code    56  freertos_app.o(i.Monitor_task_func)
    MotorApplyStrongDrag                     0x08001405   Thumb Code   230  foc.o(i.MotorApplyStrongDrag)
    MotorSetPwm                              0x080014fd   Thumb Code   218  foc.o(i.MotorSetPwm)
    Mt6701GetAngle                           0x080015ed   Thumb Code   120  mt6701.o(i.Mt6701GetAngle)
    Mt6701GetAngleWrapper                    0x08001671   Thumb Code    10  mt6701.o(i.Mt6701GetAngleWrapper)
    NMI_Handler                              0x080016d3   Thumb Code     2  at32f403a_407_int.o(i.NMI_Handler)
    NormalizeAngle                           0x08001715   Thumb Code    56  foc.o(i.NormalizeAngle)
    PositionPDControl                        0x08001751   Thumb Code   342  position_control.o(i.PositionPDControl)
    SVpwm                                    0x080018a9   Thumb Code  1324  svpwm.o(i.SVpwm)
    SetCurrentPIDParams                      0x08001dd5   Thumb Code   120  current_control.o(i.SetCurrentPIDParams)
    SetCurrentPIDTar                         0x08001e75   Thumb Code    72  current_control.o(i.SetCurrentPIDTar)
    SetPositionPIDParams                     0x08001ee1   Thumb Code    18  position_control.o(i.SetPositionPIDParams)
    SetPositionPIDTar                        0x08001ef3   Thumb Code     6  position_control.o(i.SetPositionPIDTar)
    SetSpeedPIDParams                        0x08001ef9   Thumb Code    18  speed_control.o(i.SetSpeedPIDParams)
    SetSpeedPIDTar                           0x08001f0b   Thumb Code     6  speed_control.o(i.SetSpeedPIDTar)
    SpeedPIControl                           0x08001f11   Thumb Code   370  speed_control.o(i.SpeedPIControl)
    SysTick_Handler                          0x08002089   Thumb Code    16  at32f403a_407_int.o(i.SysTick_Handler)
    SystemInit                               0x08002099   Thumb Code   100  system_at32f403a_407.o(i.SystemInit)
    TMR2_GLOBAL_IRQHandler                   0x08002109   Thumb Code   580  at32f403a_407_int.o(i.TMR2_GLOBAL_IRQHandler)
    USART3_IRQHandler                        0x08002391   Thumb Code    38  at32f403a_407_int.o(i.USART3_IRQHandler)
    USART3_ParseFixedCommand                 0x080023bd   Thumb Code   172  usart3.o(i.USART3_ParseFixedCommand)
    USART3_SendPacket                        0x0800247d   Thumb Code   146  usart3.o(i.USART3_SendPacket)
    UsageFault_Handler                       0x0800251d   Thumb Code     4  at32f403a_407_int.o(i.UsageFault_Handler)
    __0printf                                0x08002521   Thumb Code    22  printfa.o(i.__0printf)
    __1printf                                0x08002521   Thumb Code     0  printfa.o(i.__0printf)
    __2printf                                0x08002521   Thumb Code     0  printfa.o(i.__0printf)
    __c89printf                              0x08002521   Thumb Code     0  printfa.o(i.__0printf)
    printf                                   0x08002521   Thumb Code     0  printfa.o(i.__0printf)
    __hardfp_fabs                            0x08002579   Thumb Code    20  fabs.o(i.__hardfp_fabs)
    __hardfp_fmodf                           0x0800258d   Thumb Code   176  fmodf.o(i.__hardfp_fmodf)
    __hardfp_log                             0x08002641   Thumb Code   872  log.o(i.__hardfp_log)
    __kernel_poly                            0x08002a05   Thumb Code   248  poly.o(i.__kernel_poly)
    __mathlib_dbl_divzero                    0x08002b01   Thumb Code    28  dunder.o(i.__mathlib_dbl_divzero)
    __mathlib_dbl_infnan                     0x08002b31   Thumb Code    20  dunder.o(i.__mathlib_dbl_infnan)
    __mathlib_dbl_invalid                    0x08002b49   Thumb Code    24  dunder.o(i.__mathlib_dbl_invalid)
    __mathlib_flt_invalid                    0x08002b69   Thumb Code    10  funder.o(i.__mathlib_flt_invalid)
    __scatterload_copy                       0x08002b79   Thumb Code    14  handlers.o(i.__scatterload_copy)
    __scatterload_null                       0x08002b87   Thumb Code     2  handlers.o(i.__scatterload_null)
    __scatterload_zeroinit                   0x08002b89   Thumb Code    14  handlers.o(i.__scatterload_zeroinit)
    __set_errno                              0x08002b99   Thumb Code     6  errno.o(i.__set_errno)
    adc_base_config                          0x0800342f   Thumb Code    44  at32f403a_407_adc.o(i.adc_base_config)
    adc_base_default_para_init               0x0800345b   Thumb Code    14  at32f403a_407_adc.o(i.adc_base_default_para_init)
    adc_calibration_init                     0x08003469   Thumb Code    12  at32f403a_407_adc.o(i.adc_calibration_init)
    adc_calibration_init_status_get          0x08003475   Thumb Code    18  at32f403a_407_adc.o(i.adc_calibration_init_status_get)
    adc_calibration_start                    0x08003487   Thumb Code    12  at32f403a_407_adc.o(i.adc_calibration_start)
    adc_calibration_status_get               0x08003493   Thumb Code    18  at32f403a_407_adc.o(i.adc_calibration_status_get)
    adc_combine_mode_select                  0x080034a5   Thumb Code    14  at32f403a_407_adc.o(i.adc_combine_mode_select)
    adc_enable                               0x080034b9   Thumb Code    10  at32f403a_407_adc.o(i.adc_enable)
    adc_flag_clear                           0x080034c3   Thumb Code     6  at32f403a_407_adc.o(i.adc_flag_clear)
    adc_flag_get                             0x080034c9   Thumb Code    16  at32f403a_407_adc.o(i.adc_flag_get)
    adc_interrupt_enable                     0x080034d9   Thumb Code    22  at32f403a_407_adc.o(i.adc_interrupt_enable)
    adc_interrupt_flag_get                   0x080034ef   Thumb Code    84  at32f403a_407_adc.o(i.adc_interrupt_flag_get)
    adc_ordinary_channel_set                 0x08003543   Thumb Code   168  at32f403a_407_adc.o(i.adc_ordinary_channel_set)
    adc_ordinary_conversion_data_get         0x080035eb   Thumb Code     8  at32f403a_407_adc.o(i.adc_ordinary_conversion_data_get)
    adc_ordinary_conversion_trigger_set      0x080035f3   Thumb Code    52  at32f403a_407_adc.o(i.adc_ordinary_conversion_trigger_set)
    adc_ordinary_part_mode_enable            0x08003627   Thumb Code    10  at32f403a_407_adc.o(i.adc_ordinary_part_mode_enable)
    adc_ordinary_software_trigger_enable     0x08003631   Thumb Code    10  at32f403a_407_adc.o(i.adc_ordinary_software_trigger_enable)
    adc_preempt_channel_length_set           0x0800363b   Thumb Code    12  at32f403a_407_adc.o(i.adc_preempt_channel_length_set)
    adc_preempt_channel_set                  0x08003647   Thumb Code   142  at32f403a_407_adc.o(i.adc_preempt_channel_set)
    adc_preempt_conversion_data_get          0x080036d5   Thumb Code    50  at32f403a_407_adc.o(i.adc_preempt_conversion_data_get)
    adc_preempt_conversion_trigger_set       0x08003707   Thumb Code    52  at32f403a_407_adc.o(i.adc_preempt_conversion_trigger_set)
    adc_preempt_offset_value_set             0x0800373b   Thumb Code    62  at32f403a_407_adc.o(i.adc_preempt_offset_value_set)
    adc_reset                                0x08003779   Thumb Code    84  at32f403a_407_adc.o(i.adc_reset)
    can_base_init                            0x080037dd   Thumb Code   188  at32f403a_407_can.o(i.can_base_init)
    can_baudrate_set                         0x08003899   Thumb Code   146  at32f403a_407_can.o(i.can_baudrate_set)
    can_default_para_init                    0x0800392b   Thumb Code    18  at32f403a_407_can.o(i.can_default_para_init)
    can_filter_init                          0x0800393d   Thumb Code   356  at32f403a_407_can.o(i.can_filter_init)
    clarke_transform                         0x08003aa1   Thumb Code    30  foc.o(i.clarke_transform)
    comm_task_func                           0x08003ac5   Thumb Code  1740  freertos_app.o(i.comm_task_func)
    control_task_func                        0x080041bd   Thumb Code    72  freertos_app.o(i.control_task_func)
    crc32_compute                            0x08004215   Thumb Code    54  flash_ops.o(i.crc32_compute)
    crm_adc_clock_div_set                    0x08004251   Thumb Code    28  at32f403a_407_crm.o(i.crm_adc_clock_div_set)
    crm_ahb_div_set                          0x08004271   Thumb Code    14  at32f403a_407_crm.o(i.crm_ahb_div_set)
    crm_apb1_div_set                         0x08004285   Thumb Code    14  at32f403a_407_crm.o(i.crm_apb1_div_set)
    crm_apb2_div_set                         0x08004299   Thumb Code    14  at32f403a_407_crm.o(i.crm_apb2_div_set)
    crm_auto_step_mode_enable                0x080042ad   Thumb Code    34  at32f403a_407_crm.o(i.crm_auto_step_mode_enable)
    crm_clock_source_enable                  0x080042d5   Thumb Code    90  at32f403a_407_crm.o(i.crm_clock_source_enable)
    crm_clocks_freq_get                      0x08004335   Thumb Code   268  at32f403a_407_crm.o(i.crm_clocks_freq_get)
    crm_flag_get                             0x08004461   Thumb Code    42  at32f403a_407_crm.o(i.crm_flag_get)
    crm_hext_stable_wait                     0x08004491   Thumb Code    46  at32f403a_407_crm.o(i.crm_hext_stable_wait)
    crm_periph_clock_enable                  0x080044c1   Thumb Code    62  at32f403a_407_crm.o(i.crm_periph_clock_enable)
    crm_periph_reset                         0x08004505   Thumb Code    62  at32f403a_407_crm.o(i.crm_periph_reset)
    crm_pll_config                           0x08004549   Thumb Code   118  at32f403a_407_crm.o(i.crm_pll_config)
    crm_reset                                0x080045c5   Thumb Code    80  at32f403a_407_crm.o(i.crm_reset)
    crm_sysclk_switch                        0x0800461d   Thumb Code    54  at32f403a_407_crm.o(i.crm_sysclk_switch)
    crm_sysclk_switch_status_get             0x08004659   Thumb Code    10  at32f403a_407_crm.o(i.crm_sysclk_switch_status_get)
    dma_channel_enable                       0x08004669   Thumb Code    10  at32f403a_407_dma.o(i.dma_channel_enable)
    dma_data_number_set                      0x08004673   Thumb Code     4  at32f403a_407_dma.o(i.dma_data_number_set)
    dma_default_para_init                    0x08004677   Thumb Code    24  at32f403a_407_dma.o(i.dma_default_para_init)
    dma_flag_clear                           0x08004691   Thumb Code    22  at32f403a_407_dma.o(i.dma_flag_clear)
    dma_flexible_config                      0x080046b1   Thumb Code   152  at32f403a_407_dma.o(i.dma_flexible_config)
    dma_init                                 0x08004749   Thumb Code    92  at32f403a_407_dma.o(i.dma_init)
    dma_interrupt_enable                     0x080047a5   Thumb Code    18  at32f403a_407_dma.o(i.dma_interrupt_enable)
    dma_interrupt_flag_get                   0x080047b9   Thumb Code    36  at32f403a_407_dma.o(i.dma_interrupt_flag_get)
    dma_reset                                0x080047e5   Thumb Code   102  at32f403a_407_dma.o(i.dma_reset)
    flash_bank1_operation_status_get         0x080049e1   Thumb Code    48  at32f403a_407_flash.o(i.flash_bank1_operation_status_get)
    flash_bank1_operation_wait_for           0x08004a15   Thumb Code    36  at32f403a_407_flash.o(i.flash_bank1_operation_wait_for)
    flash_bank2_operation_status_get         0x08004a39   Thumb Code    48  at32f403a_407_flash.o(i.flash_bank2_operation_status_get)
    flash_bank2_operation_wait_for           0x08004a6d   Thumb Code    36  at32f403a_407_flash.o(i.flash_bank2_operation_wait_for)
    flash_halfword_program                   0x08004a91   Thumb Code   174  at32f403a_407_flash.o(i.flash_halfword_program)
    flash_lock                               0x08004b49   Thumb Code    28  at32f403a_407_flash.o(i.flash_lock)
    flash_sector_erase                       0x08004b69   Thumb Code   214  at32f403a_407_flash.o(i.flash_sector_erase)
    flash_spim_dummy_read                    0x08004c49   Thumb Code    16  at32f403a_407_flash.o(i.flash_spim_dummy_read)
    flash_spim_operation_status_get          0x08004c61   Thumb Code    48  at32f403a_407_flash.o(i.flash_spim_operation_status_get)
    flash_spim_operation_wait_for            0x08004c95   Thumb Code    36  at32f403a_407_flash.o(i.flash_spim_operation_wait_for)
    flash_unlock                             0x08004cb9   Thumb Code    20  at32f403a_407_flash.o(i.flash_unlock)
    foc_params_load                          0x08004cd9   Thumb Code    82  flash_ops.o(i.foc_params_load)
    foc_params_save                          0x08004d5d   Thumb Code   102  flash_ops.o(i.foc_params_save)
    fputc                                    0x08004e0d   Thumb Code    46  usart3.o(i.fputc)
    freertos_semaphore_create                0x08004e41   Thumb Code    18  freertos_app.o(i.freertos_semaphore_create)
    freertos_task_create                     0x08004e59   Thumb Code    92  freertos_app.o(i.freertos_task_create)
    getAdoffset                              0x08004f11   Thumb Code    92  foc.o(i.getAdoffset)
    gpio_bits_reset                          0x0800502d   Thumb Code     4  at32f403a_407_gpio.o(i.gpio_bits_reset)
    gpio_bits_set                            0x08005031   Thumb Code     4  at32f403a_407_gpio.o(i.gpio_bits_set)
    gpio_default_para_init                   0x08005035   Thumb Code    22  at32f403a_407_gpio.o(i.gpio_default_para_init)
    gpio_init                                0x0800504b   Thumb Code   168  at32f403a_407_gpio.o(i.gpio_init)
    gpio_pin_remap_config                    0x080050f5   Thumb Code    70  at32f403a_407_gpio.o(i.gpio_pin_remap_config)
    led_get                                  0x08005199   Thumb Code     6  led.o(i.led_get)
    led_init                                 0x0800519f   Thumb Code    14  led.o(i.led_init)
    led_set                                  0x080051ad   Thumb Code    34  led.o(i.led_set)
    main                                     0x080051d1   Thumb Code   126  main.o(i.main)
    ntc_temp_c                               0x08005265   Thumb Code   262  mostemp.o(i.ntc_temp_c)
    nvic_irq_enable                          0x080053a1   Thumb Code   190  at32f403a_407_misc.o(i.nvic_irq_enable)
    nvic_priority_group_config               0x08005469   Thumb Code    32  at32f403a_407_misc.o(i.nvic_priority_group_config)
    park_transform                           0x08005491   Thumb Code    88  foc.o(i.park_transform)
    pvPortMalloc                             0x08005f09   Thumb Code   338  heap_4.o(i.pvPortMalloc)
    pxPortInitialiseStack                    0x08006075   Thumb Code    38  include_port.o(i.pxPortInitialiseStack)
    spi_default_para_init                    0x0800612d   Thumb Code    22  at32f403a_407_spi.o(i.spi_default_para_init)
    spi_enable                               0x08006143   Thumb Code    10  at32f403a_407_spi.o(i.spi_enable)
    spi_i2s_data_receive                     0x0800614d   Thumb Code     8  at32f403a_407_spi.o(i.spi_i2s_data_receive)
    spi_i2s_data_transmit                    0x08006155   Thumb Code     4  at32f403a_407_spi.o(i.spi_i2s_data_transmit)
    spi_i2s_flag_get                         0x08006159   Thumb Code    16  at32f403a_407_spi.o(i.spi_i2s_flag_get)
    spi_init                                 0x08006169   Thumb Code   292  at32f403a_407_spi.o(i.spi_init)
    system_core_clock_update                 0x0800628d   Thumb Code   222  system_at32f403a_407.o(i.system_core_clock_update)
    tmr_base_init                            0x08006385   Thumb Code    16  at32f403a_407_tmr.o(i.tmr_base_init)
    tmr_brkdt_config                         0x08006395   Thumb Code    72  at32f403a_407_tmr.o(i.tmr_brkdt_config)
    tmr_channel_value_set                    0x080063dd   Thumb Code    40  at32f403a_407_tmr.o(i.tmr_channel_value_set)
    tmr_clock_source_div_set                 0x08006405   Thumb Code    10  at32f403a_407_tmr.o(i.tmr_clock_source_div_set)
    tmr_cnt_dir_set                          0x0800640f   Thumb Code    10  at32f403a_407_tmr.o(i.tmr_cnt_dir_set)
    tmr_counter_enable                       0x08006419   Thumb Code    10  at32f403a_407_tmr.o(i.tmr_counter_enable)
    tmr_flag_clear                           0x08006423   Thumb Code     6  at32f403a_407_tmr.o(i.tmr_flag_clear)
    tmr_interrupt_enable                     0x08006429   Thumb Code    22  at32f403a_407_tmr.o(i.tmr_interrupt_enable)
    tmr_output_channel_buffer_enable         0x0800643f   Thumb Code    66  at32f403a_407_tmr.o(i.tmr_output_channel_buffer_enable)
    tmr_output_channel_config                0x08006481   Thumb Code   464  at32f403a_407_tmr.o(i.tmr_output_channel_config)
    tmr_output_channel_immediately_set       0x08006651   Thumb Code    66  at32f403a_407_tmr.o(i.tmr_output_channel_immediately_set)
    tmr_output_enable                        0x08006693   Thumb Code    10  at32f403a_407_tmr.o(i.tmr_output_enable)
    tmr_period_buffer_enable                 0x0800669d   Thumb Code    10  at32f403a_407_tmr.o(i.tmr_period_buffer_enable)
    tmr_primary_mode_select                  0x080066a7   Thumb Code    10  at32f403a_407_tmr.o(i.tmr_primary_mode_select)
    tmr_repetition_counter_set               0x080066b1   Thumb Code    10  at32f403a_407_tmr.o(i.tmr_repetition_counter_set)
    tmr_sub_sync_mode_set                    0x080066bb   Thumb Code    10  at32f403a_407_tmr.o(i.tmr_sub_sync_mode_set)
    usart_data_receive                       0x080066c5   Thumb Code     8  at32f403a_407_usart.o(i.usart_data_receive)
    usart_data_transmit                      0x080066cd   Thumb Code     8  at32f403a_407_usart.o(i.usart_data_transmit)
    usart_dma_transmitter_enable             0x080066d5   Thumb Code    10  at32f403a_407_usart.o(i.usart_dma_transmitter_enable)
    usart_enable                             0x080066df   Thumb Code    10  at32f403a_407_usart.o(i.usart_enable)
    usart_flag_clear                         0x080066e9   Thumb Code    18  at32f403a_407_usart.o(i.usart_flag_clear)
    usart_flag_get                           0x080066fb   Thumb Code    16  at32f403a_407_usart.o(i.usart_flag_get)
    usart_hardware_flow_control_set          0x0800670b   Thumb Code   102  at32f403a_407_usart.o(i.usart_hardware_flow_control_set)
    usart_init                               0x08006771   Thumb Code   114  at32f403a_407_usart.o(i.usart_init)
    usart_interrupt_enable                   0x080067f1   Thumb Code    54  at32f403a_407_usart.o(i.usart_interrupt_enable)
    usart_interrupt_flag_get                 0x08006827   Thumb Code   176  at32f403a_407_usart.o(i.usart_interrupt_flag_get)
    usart_parity_selection_config            0x080068d7   Thumb Code    76  at32f403a_407_usart.o(i.usart_parity_selection_config)
    usart_receiver_enable                    0x08006923   Thumb Code    10  at32f403a_407_usart.o(i.usart_receiver_enable)
    usart_transmitter_enable                 0x0800692d   Thumb Code    10  at32f403a_407_usart.o(i.usart_transmitter_enable)
    uxListRemove                             0x08006937   Thumb Code    40  list.o(i.uxListRemove)
    vApplicationGetIdleTaskMemory            0x08006961   Thumb Code    14  freertos_app.o(i.vApplicationGetIdleTaskMemory)
    vApplicationGetTimerTaskMemory           0x08006979   Thumb Code    16  freertos_app.o(i.vApplicationGetTimerTaskMemory)
    vListInitialise                          0x08006991   Thumb Code    26  list.o(i.vListInitialise)
    vListInitialiseItem                      0x080069ab   Thumb Code     6  list.o(i.vListInitialiseItem)
    vListInsert                              0x080069b1   Thumb Code    52  list.o(i.vListInsert)
    vListInsertEnd                           0x080069e5   Thumb Code    24  list.o(i.vListInsertEnd)
    vPortEnterCritical                       0x080069fd   Thumb Code    76  include_port.o(i.vPortEnterCritical)
    vPortExitCritical                        0x08006a51   Thumb Code    56  include_port.o(i.vPortExitCritical)
    vPortFree                                0x08006a8d   Thumb Code   150  heap_4.o(i.vPortFree)
    vPortSetupTimerInterrupt                 0x08006b31   Thumb Code    36  include_port.o(i.vPortSetupTimerInterrupt)
    vPortValidateInterruptPriority           0x08006b59   Thumb Code   106  include_port.o(i.vPortValidateInterruptPriority)
    vQueueAddToRegistry                      0x08006bd1   Thumb Code    38  queue.o(i.vQueueAddToRegistry)
    vQueueWaitForMessageRestricted           0x08006bfd   Thumb Code    74  queue.o(i.vQueueWaitForMessageRestricted)
    vTaskDelay                               0x08006c49   Thumb Code    82  tasks.o(i.vTaskDelay)
    vTaskInternalSetTimeOutState             0x08006ca5   Thumb Code    14  tasks.o(i.vTaskInternalSetTimeOutState)
    vTaskMissedYield                         0x08006cbd   Thumb Code     8  tasks.o(i.vTaskMissedYield)
    vTaskPlaceOnEventList                    0x08006cc9   Thumb Code    52  tasks.o(i.vTaskPlaceOnEventList)
    vTaskPlaceOnEventListRestricted          0x08006d01   Thumb Code    60  tasks.o(i.vTaskPlaceOnEventListRestricted)
    vTaskStartScheduler                      0x08006d41   Thumb Code   160  tasks.o(i.vTaskStartScheduler)
    vTaskSuspendAll                          0x08006e01   Thumb Code    12  tasks.o(i.vTaskSuspendAll)
    vTaskSwitchContext                       0x08006e11   Thumb Code   122  tasks.o(i.vTaskSwitchContext)
    wk_adc1_init                             0x08006ea1   Thumb Code   304  wk_adc.o(i.wk_adc1_init)
    wk_adc2_init                             0x08006fd9   Thumb Code   148  wk_adc.o(i.wk_adc2_init)
    wk_can1_init                             0x08007075   Thumb Code   214  wk_can.o(i.wk_can1_init)
    wk_debug_config                          0x08007155   Thumb Code    12  wk_debug.o(i.wk_debug_config)
    wk_dma1_channel1_init                    0x08007165   Thumb Code    76  wk_dma.o(i.wk_dma1_channel1_init)
    wk_dma_channel_config                    0x080071b5   Thumb Code     8  wk_dma.o(i.wk_dma_channel_config)
    wk_freertos_init                         0x080071bd   Thumb Code    24  freertos_app.o(i.wk_freertos_init)
    wk_gpio_config                           0x080071d5   Thumb Code    98  wk_gpio.o(i.wk_gpio_config)
    wk_nvic_config                           0x0800723d   Thumb Code   232  at32f403a_407_wk_config.o(i.wk_nvic_config)
    wk_periph_clock_config                   0x08007325   Thumb Code   130  at32f403a_407_wk_config.o(i.wk_periph_clock_config)
    wk_spi1_init                             0x080073b1   Thumb Code   182  wk_spi.o(i.wk_spi1_init)
    wk_system_clock_config                   0x08007471   Thumb Code   146  at32f403a_407_wk_config.o(i.wk_system_clock_config)
    wk_tmr1_init                             0x08007509   Thumb Code   690  wk_tmr.o(i.wk_tmr1_init)
    wk_tmr2_init                             0x080077c9   Thumb Code    76  wk_tmr.o(i.wk_tmr2_init)
    wk_usart1_init                           0x08007815   Thumb Code   142  wk_usart.o(i.wk_usart1_init)
    wk_usart3_init                           0x080078b1   Thumb Code   142  wk_usart.o(i.wk_usart3_init)
    xPortStartScheduler                      0x0800794d   Thumb Code   330  include_port.o(i.xPortStartScheduler)
    xPortSysTickHandler                      0x08007ab5   Thumb Code    46  include_port.o(i.xPortSysTickHandler)
    xQueueGenericCreate                      0x08007ae9   Thumb Code   168  queue.o(i.xQueueGenericCreate)
    xQueueGenericCreateStatic                0x08007b91   Thumb Code   224  queue.o(i.xQueueGenericCreateStatic)
    xQueueGenericReset                       0x08007c71   Thumb Code   146  queue.o(i.xQueueGenericReset)
    xQueueGenericSend                        0x08007d09   Thumb Code   420  queue.o(i.xQueueGenericSend)
    xQueueGenericSendFromISR                 0x08007eb1   Thumb Code   288  queue.o(i.xQueueGenericSendFromISR)
    xQueueReceive                            0x08007fd1   Thumb Code   356  queue.o(i.xQueueReceive)
    xTaskCheckForTimeOut                     0x08008139   Thumb Code   136  tasks.o(i.xTaskCheckForTimeOut)
    xTaskCreateStatic                        0x080081c9   Thumb Code   186  tasks.o(i.xTaskCreateStatic)
    xTaskGetSchedulerState                   0x08008285   Thumb Code    24  tasks.o(i.xTaskGetSchedulerState)
    xTaskGetTickCount                        0x080082a5   Thumb Code     6  tasks.o(i.xTaskGetTickCount)
    xTaskIncrementTick                       0x080082b1   Thumb Code   280  tasks.o(i.xTaskIncrementTick)
    xTaskPriorityDisinherit                  0x080083f5   Thumb Code   152  tasks.o(i.xTaskPriorityDisinherit)
    xTaskRemoveFromEventList                 0x08008499   Thumb Code   126  tasks.o(i.xTaskRemoveFromEventList)
    xTaskResumeAll                           0x08008531   Thumb Code   222  tasks.o(i.xTaskResumeAll)
    xTimerCreateTimerTask                    0x08008635   Thumb Code   100  timers.o(i.xTimerCreateTimerTask)
    xTimerGenericCommand                     0x080086ad   Thumb Code   128  timers.o(i.xTimerGenericCommand)
    __mathlib_zero                           0x080087a0   Data           8  qnan.o(.constdata)
    Region$$Table$$Base                      0x080087a8   Number         0  anon$$obj.o(Region$$Table)
    Region$$Table$$Limit                     0x080087c8   Number         0  anon$$obj.o(Region$$Table)
    adcVbus                                  0x20000000   Data           2  freertos_app.o(.data)
    adcMostemp                               0x20000002   Data           2  freertos_app.o(.data)
    dcVbus                                   0x20000004   Data           4  freertos_app.o(.data)
    anglePrintingEnabled                     0x20000010   Data           1  freertos_app.o(.data)
    uabcEnabled                              0x20000011   Data           1  freertos_app.o(.data)
    adcEnabled                               0x20000012   Data           1  freertos_app.o(.data)
    tabcEnabled                              0x20000013   Data           1  freertos_app.o(.data)
    IabcEnabled                              0x20000014   Data           1  freertos_app.o(.data)
    UAlpha_BetaEnabled                       0x20000015   Data           1  freertos_app.o(.data)
    IAlpha_BetaEnabled                       0x20000016   Data           1  freertos_app.o(.data)
    IQ_ID_Enabled                            0x20000017   Data           1  freertos_app.o(.data)
    mostemp_Enabled                          0x20000018   Data           1  freertos_app.o(.data)
    speed_Enabled                            0x20000019   Data           1  freertos_app.o(.data)
    speedOut_Enabled                         0x2000001a   Data           1  freertos_app.o(.data)
    local_Enabled                            0x2000001b   Data           1  freertos_app.o(.data)
    localOut_Enabled                         0x2000001c   Data           1  freertos_app.o(.data)
    comm_task_handle                         0x20000020   Data           4  freertos_app.o(.data)
    control_task_handle                      0x20000024   Data           4  freertos_app.o(.data)
    Monitor_task_handle                      0x20000028   Data           4  freertos_app.o(.data)
    usart3_dma_tx_sem_handle                 0x2000002c   Data           4  freertos_app.o(.data)
    system_core_clock                        0x2000003c   Data           4  system_at32f403a_407.o(.data)
    usart3_tx_dma_status                     0x20000040   Data           1  usart3.o(.data)
    g_commCmd                                0x2000004b   Data           1  usart3.o(.data)
    g_cmdData                                0x2000004c   Data           4  usart3.o(.data)
    g_mt6701                                 0x20000050   Data          16  mt6701.o(.data)
    g_udc                                    0x20000060   Data           4  foc.o(.data)
    zero                                     0x20000064   Data           4  foc.o(.data)
    g_ADoffest                               0x20000068   Data           6  foc.o(.data)
    cnt                                      0x20000070   Data           4  foc.o(.data)
    Motor                                    0x20000074   Data         276  foc.o(.data)
    g_pMotor                                 0x20000188   Data           4  foc.o(.data)
    g_pwmA                                   0x2000018c   Data           4  foc.o(.data)
    g_pwmB                                   0x20000190   Data           4  foc.o(.data)
    g_pwmC                                   0x20000194   Data           4  foc.o(.data)
    TpSVpwm                                  0x20000198   Data          76  svpwm.o(.data)
    PSVpwm                                   0x200001e4   Data           4  svpwm.o(.data)
    PM1_LPF                                  0x200001f0   Data           4  filter.o(.data)
    M1_LPF_Speed                             0x200001f4   Data           8  filter.o(.data)
    PM1_LPF_Speed                            0x200001fc   Data           4  filter.o(.data)
    pxCurrentTCB                             0x20000200   Data           4  tasks.o(.data)
    uxTopUsedPriority                        0x20000238   Data           4  tasks.o(.data)
    __stdout                                 0x20000274   Data           4  stdout.o(.data)
    comm_task_stack                          0x20000298   Data        1024  freertos_app.o(.bss)
    control_task_stack                       0x20000698   Data        1024  freertos_app.o(.bss)
    Monitor_task_stack                       0x20000a98   Data         512  freertos_app.o(.bss)
    comm_task_buffer                         0x20000c98   Data          92  freertos_app.o(.bss)
    control_task_buffer                      0x20000cf4   Data          92  freertos_app.o(.bss)
    Monitor_task_buffer                      0x20000d50   Data          92  freertos_app.o(.bss)
    uart3_tx_buffer                          0x20001464   Data         128  usart3.o(.bss)
    g_params                                 0x200014e4   Data          20  flash_ops.o(.bss)
    g_readback                               0x200014f8   Data          20  flash_ops.o(.bss)
    g_motorAdValues                          0x2000150c   Data          12  foc.o(.bss)
    M1_LPF                                   0x20001518   Data          16  filter.o(.bss)
    xQueueRegistry                           0x20001528   Data          64  queue.o(.bss)
    __initial_sp                             0x20004428   Data           0  startup_at32f403a_407.o(STACK)



==============================================================================

Memory Map of the image

  Image Entry point : 0x08000185

  Load Region LR_IROM1 (Base: 0x08000000, Size: 0x00008a44, Max: 0x00040000, ABSOLUTE, COMPRESSED[0x000087fc])

    Execution Region ER_IROM1 (Exec base: 0x08000000, Load base: 0x08000000, Size: 0x000087c8, Max: 0x00040000, ABSOLUTE)

    Exec Addr    Load Addr    Size         Type   Attr      Idx    E Section Name        Object

    0x08000000   0x08000000   0x00000184   Data   RO         4266    RESET               startup_at32f403a_407.o
    0x08000184   0x08000184   0x00000000   Code   RO         6172  * .ARM.Collect$$$$00000000  mc_w.l(entry.o)
    0x08000184   0x08000184   0x00000004   Code   RO         6493    .ARM.Collect$$$$00000001  mc_w.l(entry2.o)
    0x08000188   0x08000188   0x00000004   Code   RO         6496    .ARM.Collect$$$$00000004  mc_w.l(entry5.o)
    0x0800018c   0x0800018c   0x00000000   Code   RO         6498    .ARM.Collect$$$$00000008  mc_w.l(entry7b.o)
    0x0800018c   0x0800018c   0x00000000   Code   RO         6500    .ARM.Collect$$$$0000000A  mc_w.l(entry8b.o)
    0x0800018c   0x0800018c   0x00000008   Code   RO         6501    .ARM.Collect$$$$0000000B  mc_w.l(entry9a.o)
    0x08000194   0x08000194   0x00000004   Code   RO         6508    .ARM.Collect$$$$0000000E  mc_w.l(entry12b.o)
    0x08000198   0x08000198   0x00000000   Code   RO         6503    .ARM.Collect$$$$0000000F  mc_w.l(entry10a.o)
    0x08000198   0x08000198   0x00000000   Code   RO         6505    .ARM.Collect$$$$00000011  mc_w.l(entry11a.o)
    0x08000198   0x08000198   0x00000004   Code   RO         6494    .ARM.Collect$$$$00002712  mc_w.l(entry2.o)
    0x0800019c   0x0800019c   0x000000be   Code   RO          589    .emb_text           include_port.o
    0x0800025a   0x0800025a   0x00000002   PAD
    0x0800025c   0x0800025c   0x00000024   Code   RO         4267    .text               startup_at32f403a_407.o
    0x08000280   0x08000280   0x00000024   Code   RO         6175    .text               mc_w.l(memcpya.o)
    0x080002a4   0x080002a4   0x00000024   Code   RO         6179    .text               mc_w.l(memseta.o)
    0x080002c8   0x080002c8   0x0000014e   Code   RO         6444    .text               mf_w.l(dadd.o)
    0x08000416   0x08000416   0x000000e4   Code   RO         6446    .text               mf_w.l(dmul.o)
    0x080004fa   0x080004fa   0x000000de   Code   RO         6448    .text               mf_w.l(ddiv.o)
    0x080005d8   0x080005d8   0x00000022   Code   RO         6452    .text               mf_w.l(dflti.o)
    0x080005fa   0x080005fa   0x00000026   Code   RO         6454    .text               mf_w.l(f2d.o)
    0x08000620   0x08000620   0x00000030   Code   RO         6456    .text               mf_w.l(cdcmple.o)
    0x08000650   0x08000650   0x00000030   Code   RO         6458    .text               mf_w.l(cdrcmple.o)
    0x08000680   0x08000680   0x00000038   Code   RO         6460    .text               mf_w.l(d2f.o)
    0x080006b8   0x080006b8   0x0000002c   Code   RO         6510    .text               mc_w.l(uidiv.o)
    0x080006e4   0x080006e4   0x00000062   Code   RO         6512    .text               mc_w.l(uldiv.o)
    0x08000746   0x08000746   0x0000001e   Code   RO         6514    .text               mc_w.l(llshl.o)
    0x08000764   0x08000764   0x00000024   Code   RO         6516    .text               mc_w.l(llsshr.o)
    0x08000788   0x08000788   0x00000000   Code   RO         6525    .text               mc_w.l(iusefp.o)
    0x08000788   0x08000788   0x0000006e   Code   RO         6526    .text               mf_w.l(fepilogue.o)
    0x080007f6   0x080007f6   0x00000052   Code   RO         6528    .text               mf_w.l(frem.o)
    0x08000848   0x08000848   0x000000ba   Code   RO         6530    .text               mf_w.l(depilogue.o)
    0x08000902   0x08000902   0x00000030   Code   RO         6532    .text               mf_w.l(dfixul.o)
    0x08000932   0x08000932   0x00000002   PAD
    0x08000934   0x08000934   0x00000024   Code   RO         6534    .text               mc_w.l(init.o)
    0x08000958   0x08000958   0x00000020   Code   RO         6536    .text               mc_w.l(llushr.o)
    0x08000978   0x08000978   0x00000056   Code   RO         6546    .text               mc_w.l(__dczerorl2.o)
    0x080009ce   0x080009ce   0x00000002   PAD
    0x080009d0   0x080009d0   0x00000078   Code   RO          283    i.ADC1_2_IRQHandler  at32f403a_407_int.o
    0x08000a48   0x08000a48   0x00000040   Code   RO         4549    i.AngleGetCorrectedElec  foc.o
    0x08000a88   0x08000a88   0x000000cc   Code   RO         4550    i.AngleInitZeroOffset  foc.o
    0x08000b54   0x08000b54   0x00000004   Code   RO          284    i.BusFault_Handler  at32f403a_407_int.o
    0x08000b58   0x08000b58   0x00000040   Code   RO         4551    i.CalculateElectricalAngle  foc.o
    0x08000b98   0x08000b98   0x00000070   Code   RO         4843    i.CalculatePosition  position_control.o
    0x08000c08   0x08000c08   0x00000098   Code   RO         4800    i.CalculateSpeed    speed_control.o
    0x08000ca0   0x08000ca0   0x0000015a   Code   RO         4718    i.CurrentPIControlID  current_control.o
    0x08000dfa   0x08000dfa   0x00000002   PAD
    0x08000dfc   0x08000dfc   0x00000184   Code   RO         4719    i.CurrentPIControlIQ  current_control.o
    0x08000f80   0x08000f80   0x000000b8   Code   RO         4552    i.CurrentReconstruction  foc.o
    0x08001038   0x08001038   0x00000028   Code   RO          285    i.DMA1_Channel1_IRQHandler  at32f403a_407_int.o
    0x08001060   0x08001060   0x00000002   Code   RO          286    i.DebugMon_Handler  at32f403a_407_int.o
    0x08001062   0x08001062   0x00000002   PAD
    0x08001064   0x08001064   0x000001d8   Code   RO         4553    i.FocContorl        foc.o
    0x0800123c   0x0800123c   0x0000000e   Code   RO         4764    i.GetMosTemp        mostemp.o
    0x0800124a   0x0800124a   0x00000002   PAD
    0x0800124c   0x0800124c   0x00000038   Code   RO         4765    i.GetTempAdc        mostemp.o
    0x08001284   0x08001284   0x00000004   Code   RO          287    i.HardFault_Handler  at32f403a_407_int.o
    0x08001288   0x08001288   0x0000005c   Code   RO         4886    i.LPF_Init          filter.o
    0x080012e4   0x080012e4   0x00000050   Code   RO         4887    i.LPF_Speed_Init    filter.o
    0x08001334   0x08001334   0x00000022   Code   RO         4888    i.LPF_Speed_Update  filter.o
    0x08001356   0x08001356   0x00000042   Code   RO         4889    i.LPF_Update        filter.o
    0x08001398   0x08001398   0x0000002a   Code   RO         4935    i.LimitValue        my_math.o
    0x080013c2   0x080013c2   0x00000004   Code   RO          288    i.MemManage_Handler  at32f403a_407_int.o
    0x080013c6   0x080013c6   0x00000002   PAD
    0x080013c8   0x080013c8   0x0000003c   Code   RO          477    i.Monitor_task_func  freertos_app.o
    0x08001404   0x08001404   0x000000f8   Code   RO         4554    i.MotorApplyStrongDrag  foc.o
    0x080014fc   0x080014fc   0x000000f0   Code   RO         4555    i.MotorSetPwm       foc.o
    0x080015ec   0x080015ec   0x00000084   Code   RO         4411    i.Mt6701GetAngle    mt6701.o
    0x08001670   0x08001670   0x00000010   Code   RO         4412    i.Mt6701GetAngleWrapper  mt6701.o
    0x08001680   0x08001680   0x00000052   Code   RO         4413    i.Mt6701SpiReadByte  mt6701.o
    0x080016d2   0x080016d2   0x00000002   Code   RO          289    i.NMI_Handler       at32f403a_407_int.o
    0x080016d4   0x080016d4   0x00000040   Code   RO          228    i.NVIC_EncodePriority  at32f403a_407_wk_config.o
    0x08001714   0x08001714   0x0000003c   Code   RO         4556    i.NormalizeAngle    foc.o
    0x08001750   0x08001750   0x00000156   Code   RO         4844    i.PositionPDControl  position_control.o
    0x080018a6   0x080018a6   0x00000002   PAD
    0x080018a8   0x080018a8   0x0000052c   Code   RO         4688    i.SVpwm             svpwm.o
    0x08001dd4   0x08001dd4   0x000000a0   Code   RO         4720    i.SetCurrentPIDParams  current_control.o
    0x08001e74   0x08001e74   0x0000006c   Code   RO         4721    i.SetCurrentPIDTar  current_control.o
    0x08001ee0   0x08001ee0   0x00000012   Code   RO         4845    i.SetPositionPIDParams  position_control.o
    0x08001ef2   0x08001ef2   0x00000006   Code   RO         4846    i.SetPositionPIDTar  position_control.o
    0x08001ef8   0x08001ef8   0x00000012   Code   RO         4801    i.SetSpeedPIDParams  speed_control.o
    0x08001f0a   0x08001f0a   0x00000006   Code   RO         4802    i.SetSpeedPIDTar    speed_control.o
    0x08001f10   0x08001f10   0x00000178   Code   RO         4803    i.SpeedPIControl    speed_control.o
    0x08002088   0x08002088   0x00000010   Code   RO          290    i.SysTick_Handler   at32f403a_407_int.o
    0x08002098   0x08002098   0x00000070   Code   RO         4274    i.SystemInit        system_at32f403a_407.o
    0x08002108   0x08002108   0x00000288   Code   RO          291    i.TMR2_GLOBAL_IRQHandler  at32f403a_407_int.o
    0x08002390   0x08002390   0x0000002c   Code   RO          292    i.USART3_IRQHandler  at32f403a_407_int.o
    0x080023bc   0x080023bc   0x000000c0   Code   RO         4311    i.USART3_ParseFixedCommand  usart3.o
    0x0800247c   0x0800247c   0x000000a0   Code   RO         4312    i.USART3_SendPacket  usart3.o
    0x0800251c   0x0800251c   0x00000004   Code   RO          293    i.UsageFault_Handler  at32f403a_407_int.o
    0x08002520   0x08002520   0x00000020   Code   RO         6416    i.__0printf         mc_w.l(printfa.o)
    0x08002540   0x08002540   0x00000010   Code   RO          229    i.__NVIC_GetPriorityGrouping  at32f403a_407_wk_config.o
    0x08002550   0x08002550   0x00000028   Code   RO          230    i.__NVIC_SetPriority  at32f403a_407_wk_config.o
    0x08002578   0x08002578   0x00000014   Code   RO         6140    i.__hardfp_fabs     m_wm.l(fabs.o)
    0x0800258c   0x0800258c   0x000000b0   Code   RO         6146    i.__hardfp_fmodf    m_wm.l(fmodf.o)
    0x0800263c   0x0800263c   0x00000004   PAD
    0x08002640   0x08002640   0x000003c4   Code   RO         6158    i.__hardfp_log      m_wm.l(log.o)
    0x08002a04   0x08002a04   0x000000f8   Code   RO         6490    i.__kernel_poly     m_wm.l(poly.o)
    0x08002afc   0x08002afc   0x00000004   PAD
    0x08002b00   0x08002b00   0x00000030   Code   RO         6462    i.__mathlib_dbl_divzero  m_wm.l(dunder.o)
    0x08002b30   0x08002b30   0x00000014   Code   RO         6463    i.__mathlib_dbl_infnan  m_wm.l(dunder.o)
    0x08002b44   0x08002b44   0x00000004   PAD
    0x08002b48   0x08002b48   0x00000020   Code   RO         6465    i.__mathlib_dbl_invalid  m_wm.l(dunder.o)
    0x08002b68   0x08002b68   0x00000010   Code   RO         6479    i.__mathlib_flt_invalid  m_wm.l(funder.o)
    0x08002b78   0x08002b78   0x0000000e   Code   RO         6540    i.__scatterload_copy  mc_w.l(handlers.o)
    0x08002b86   0x08002b86   0x00000002   Code   RO         6541    i.__scatterload_null  mc_w.l(handlers.o)
    0x08002b88   0x08002b88   0x0000000e   Code   RO         6542    i.__scatterload_zeroinit  mc_w.l(handlers.o)
    0x08002b96   0x08002b96   0x00000002   PAD
    0x08002b98   0x08002b98   0x0000000c   Code   RO         6520    i.__set_errno       mc_w.l(errno.o)
    0x08002ba4   0x08002ba4   0x00000184   Code   RO         6423    i._fp_digits        mc_w.l(printfa.o)
    0x08002d28   0x08002d28   0x000006b4   Code   RO         6424    i._printf_core      mc_w.l(printfa.o)
    0x080033dc   0x080033dc   0x00000024   Code   RO         6425    i._printf_post_padding  mc_w.l(printfa.o)
    0x08003400   0x08003400   0x0000002e   Code   RO         6426    i._printf_pre_padding  mc_w.l(printfa.o)
    0x0800342e   0x0800342e   0x0000002c   Code   RO         2162    i.adc_base_config   at32f403a_407_adc.o
    0x0800345a   0x0800345a   0x0000000e   Code   RO         2163    i.adc_base_default_para_init  at32f403a_407_adc.o
    0x08003468   0x08003468   0x0000000c   Code   RO         2164    i.adc_calibration_init  at32f403a_407_adc.o
    0x08003474   0x08003474   0x00000012   Code   RO         2165    i.adc_calibration_init_status_get  at32f403a_407_adc.o
    0x08003486   0x08003486   0x0000000c   Code   RO         2166    i.adc_calibration_start  at32f403a_407_adc.o
    0x08003492   0x08003492   0x00000012   Code   RO         2167    i.adc_calibration_status_get  at32f403a_407_adc.o
    0x080034a4   0x080034a4   0x00000014   Code   RO         2168    i.adc_combine_mode_select  at32f403a_407_adc.o
    0x080034b8   0x080034b8   0x0000000a   Code   RO         2171    i.adc_enable        at32f403a_407_adc.o
    0x080034c2   0x080034c2   0x00000006   Code   RO         2172    i.adc_flag_clear    at32f403a_407_adc.o
    0x080034c8   0x080034c8   0x00000010   Code   RO         2173    i.adc_flag_get      at32f403a_407_adc.o
    0x080034d8   0x080034d8   0x00000016   Code   RO         2174    i.adc_interrupt_enable  at32f403a_407_adc.o
    0x080034ee   0x080034ee   0x00000054   Code   RO         2175    i.adc_interrupt_flag_get  at32f403a_407_adc.o
    0x08003542   0x08003542   0x000000a8   Code   RO         2176    i.adc_ordinary_channel_set  at32f403a_407_adc.o
    0x080035ea   0x080035ea   0x00000008   Code   RO         2177    i.adc_ordinary_conversion_data_get  at32f403a_407_adc.o
    0x080035f2   0x080035f2   0x00000034   Code   RO         2178    i.adc_ordinary_conversion_trigger_set  at32f403a_407_adc.o
    0x08003626   0x08003626   0x0000000a   Code   RO         2180    i.adc_ordinary_part_mode_enable  at32f403a_407_adc.o
    0x08003630   0x08003630   0x0000000a   Code   RO         2181    i.adc_ordinary_software_trigger_enable  at32f403a_407_adc.o
    0x0800363a   0x0800363a   0x0000000c   Code   RO         2184    i.adc_preempt_channel_length_set  at32f403a_407_adc.o
    0x08003646   0x08003646   0x0000008e   Code   RO         2185    i.adc_preempt_channel_set  at32f403a_407_adc.o
    0x080036d4   0x080036d4   0x00000032   Code   RO         2186    i.adc_preempt_conversion_data_get  at32f403a_407_adc.o
    0x08003706   0x08003706   0x00000034   Code   RO         2187    i.adc_preempt_conversion_trigger_set  at32f403a_407_adc.o
    0x0800373a   0x0800373a   0x0000003e   Code   RO         2188    i.adc_preempt_offset_value_set  at32f403a_407_adc.o
    0x08003778   0x08003778   0x00000064   Code   RO         2192    i.adc_reset         at32f403a_407_adc.o
    0x080037dc   0x080037dc   0x000000bc   Code   RO         3541    i.can_base_init     at32f403a_407_can.o
    0x08003898   0x08003898   0x00000092   Code   RO         3543    i.can_baudrate_set  at32f403a_407_can.o
    0x0800392a   0x0800392a   0x00000012   Code   RO         3545    i.can_default_para_init  at32f403a_407_can.o
    0x0800393c   0x0800393c   0x00000164   Code   RO         3550    i.can_filter_init   at32f403a_407_can.o
    0x08003aa0   0x08003aa0   0x00000024   Code   RO         4558    i.clarke_transform  foc.o
    0x08003ac4   0x08003ac4   0x000006f8   Code   RO          478    i.comm_task_func    freertos_app.o
    0x080041bc   0x080041bc   0x00000058   Code   RO          479    i.control_task_func  freertos_app.o
    0x08004214   0x08004214   0x0000003c   Code   RO         4452    i.crc32_compute     flash_ops.o
    0x08004250   0x08004250   0x00000020   Code   RO          865    i.crm_adc_clock_div_set  at32f403a_407_crm.o
    0x08004270   0x08004270   0x00000014   Code   RO          866    i.crm_ahb_div_set   at32f403a_407_crm.o
    0x08004284   0x08004284   0x00000014   Code   RO          867    i.crm_apb1_div_set  at32f403a_407_crm.o
    0x08004298   0x08004298   0x00000014   Code   RO          868    i.crm_apb2_div_set  at32f403a_407_crm.o
    0x080042ac   0x080042ac   0x00000028   Code   RO          869    i.crm_auto_step_mode_enable  at32f403a_407_crm.o
    0x080042d4   0x080042d4   0x00000060   Code   RO          875    i.crm_clock_source_enable  at32f403a_407_crm.o
    0x08004334   0x08004334   0x0000012c   Code   RO          876    i.crm_clocks_freq_get  at32f403a_407_crm.o
    0x08004460   0x08004460   0x00000030   Code   RO          878    i.crm_flag_get      at32f403a_407_crm.o
    0x08004490   0x08004490   0x0000002e   Code   RO          881    i.crm_hext_stable_wait  at32f403a_407_crm.o
    0x080044be   0x080044be   0x00000002   PAD
    0x080044c0   0x080044c0   0x00000044   Code   RO          889    i.crm_periph_clock_enable  at32f403a_407_crm.o
    0x08004504   0x08004504   0x00000044   Code   RO          890    i.crm_periph_reset  at32f403a_407_crm.o
    0x08004548   0x08004548   0x0000007c   Code   RO          892    i.crm_pll_config    at32f403a_407_crm.o
    0x080045c4   0x080045c4   0x00000058   Code   RO          893    i.crm_reset         at32f403a_407_crm.o
    0x0800461c   0x0800461c   0x0000003c   Code   RO          896    i.crm_sysclk_switch  at32f403a_407_crm.o
    0x08004658   0x08004658   0x00000010   Code   RO          897    i.crm_sysclk_switch_status_get  at32f403a_407_crm.o
    0x08004668   0x08004668   0x0000000a   Code   RO         2552    i.dma_channel_enable  at32f403a_407_dma.o
    0x08004672   0x08004672   0x00000004   Code   RO         2554    i.dma_data_number_set  at32f403a_407_dma.o
    0x08004676   0x08004676   0x00000018   Code   RO         2555    i.dma_default_para_init  at32f403a_407_dma.o
    0x0800468e   0x0800468e   0x00000002   PAD
    0x08004690   0x08004690   0x00000020   Code   RO         2556    i.dma_flag_clear    at32f403a_407_dma.o
    0x080046b0   0x080046b0   0x00000098   Code   RO         2558    i.dma_flexible_config  at32f403a_407_dma.o
    0x08004748   0x08004748   0x0000005c   Code   RO         2559    i.dma_init          at32f403a_407_dma.o
    0x080047a4   0x080047a4   0x00000012   Code   RO         2560    i.dma_interrupt_enable  at32f403a_407_dma.o
    0x080047b6   0x080047b6   0x00000002   PAD
    0x080047b8   0x080047b8   0x0000002c   Code   RO         2561    i.dma_interrupt_flag_get  at32f403a_407_dma.o
    0x080047e4   0x080047e4   0x00000070   Code   RO         2562    i.dma_reset         at32f403a_407_dma.o
    0x08004854   0x08004854   0x000000c4   Code   RO         4559    i.fast_cos          foc.o
    0x08004918   0x08004918   0x000000c8   Code   RO         4560    i.fast_sin          foc.o
    0x080049e0   0x080049e0   0x00000034   Code   RO         2638    i.flash_bank1_operation_status_get  at32f403a_407_flash.o
    0x08004a14   0x08004a14   0x00000024   Code   RO         2639    i.flash_bank1_operation_wait_for  at32f403a_407_flash.o
    0x08004a38   0x08004a38   0x00000034   Code   RO         2643    i.flash_bank2_operation_status_get  at32f403a_407_flash.o
    0x08004a6c   0x08004a6c   0x00000024   Code   RO         2644    i.flash_bank2_operation_wait_for  at32f403a_407_flash.o
    0x08004a90   0x08004a90   0x000000b8   Code   RO         2654    i.flash_halfword_program  at32f403a_407_flash.o
    0x08004b48   0x08004b48   0x00000020   Code   RO         2657    i.flash_lock        at32f403a_407_flash.o
    0x08004b68   0x08004b68   0x000000e0   Code   RO         2660    i.flash_sector_erase  at32f403a_407_flash.o
    0x08004c48   0x08004c48   0x00000018   Code   RO         2669    i.flash_spim_dummy_read  at32f403a_407_flash.o
    0x08004c60   0x08004c60   0x00000034   Code   RO         2674    i.flash_spim_operation_status_get  at32f403a_407_flash.o
    0x08004c94   0x08004c94   0x00000024   Code   RO         2675    i.flash_spim_operation_wait_for  at32f403a_407_flash.o
    0x08004cb8   0x08004cb8   0x00000020   Code   RO         2679    i.flash_unlock      at32f403a_407_flash.o
    0x08004cd8   0x08004cd8   0x00000084   Code   RO         4453    i.foc_params_load   flash_ops.o
    0x08004d5c   0x08004d5c   0x000000b0   Code   RO         4454    i.foc_params_save   flash_ops.o
    0x08004e0c   0x08004e0c   0x00000034   Code   RO         4313    i.fputc             usart3.o
    0x08004e40   0x08004e40   0x00000018   Code   RO          480    i.freertos_semaphore_create  freertos_app.o
    0x08004e58   0x08004e58   0x000000b8   Code   RO          481    i.freertos_task_create  freertos_app.o
    0x08004f10   0x08004f10   0x000000a0   Code   RO         4561    i.getAdoffset       foc.o
    0x08004fb0   0x08004fb0   0x0000007c   Code   RO          482    i.getVbus           freertos_app.o
    0x0800502c   0x0800502c   0x00000004   Code   RO         1544    i.gpio_bits_reset   at32f403a_407_gpio.o
    0x08005030   0x08005030   0x00000004   Code   RO         1545    i.gpio_bits_set     at32f403a_407_gpio.o
    0x08005034   0x08005034   0x00000016   Code   RO         1548    i.gpio_default_para_init  at32f403a_407_gpio.o
    0x0800504a   0x0800504a   0x000000a8   Code   RO         1552    i.gpio_init         at32f403a_407_gpio.o
    0x080050f2   0x080050f2   0x00000002   PAD
    0x080050f4   0x080050f4   0x0000004c   Code   RO         1558    i.gpio_pin_remap_config  at32f403a_407_gpio.o
    0x08005140   0x08005140   0x00000058   Code   RO         4563    i.inv_park_transform  foc.o
    0x08005198   0x08005198   0x00000006   Code   RO         4375    i.led_get           led.o
    0x0800519e   0x0800519e   0x0000000e   Code   RO         4376    i.led_init          led.o
    0x080051ac   0x080051ac   0x00000022   Code   RO         4377    i.led_set           led.o
    0x080051ce   0x080051ce   0x00000002   PAD
    0x080051d0   0x080051d0   0x00000094   Code   RO            4    i.main              main.o
    0x08005264   0x08005264   0x0000013c   Code   RO         4766    i.ntc_temp_c        mostemp.o
    0x080053a0   0x080053a0   0x000000c8   Code   RO         3232    i.nvic_irq_enable   at32f403a_407_misc.o
    0x08005468   0x08005468   0x00000028   Code   RO         3234    i.nvic_priority_group_config  at32f403a_407_misc.o
    0x08005490   0x08005490   0x00000058   Code   RO         4564    i.park_transform    foc.o
    0x080054e8   0x080054e8   0x0000007c   Code   RO         5372    i.prvAddCurrentTaskToDelayedList  tasks.o
    0x08005564   0x08005564   0x000000b8   Code   RO         5373    i.prvAddNewTaskToReadyList  tasks.o
    0x0800561c   0x0800561c   0x00000074   Code   RO         5748    i.prvCheckForValidListAndQueue  timers.o
    0x08005690   0x08005690   0x00000048   Code   RO         5374    i.prvCheckTasksWaitingTermination  tasks.o
    0x080056d8   0x080056d8   0x0000002a   Code   RO         5124    i.prvCopyDataFromQueue  queue.o
    0x08005702   0x08005702   0x0000007e   Code   RO         5125    i.prvCopyDataToQueue  queue.o
    0x08005780   0x08005780   0x00000050   Code   RO         5375    i.prvDeleteTCB      tasks.o
    0x080057d0   0x080057d0   0x00000028   Code   RO         5749    i.prvGetNextExpireTime  timers.o
    0x080057f8   0x080057f8   0x0000007c   Code   RO         5923    i.prvHeapInit       heap_4.o
    0x08005874   0x08005874   0x00000028   Code   RO         5376    i.prvIdleTask       tasks.o
    0x0800589c   0x0800589c   0x0000002a   Code   RO         5128    i.prvInitialiseNewQueue  queue.o
    0x080058c6   0x080058c6   0x000000be   Code   RO         5377    i.prvInitialiseNewTask  tasks.o
    0x08005984   0x08005984   0x00000068   Code   RO         5378    i.prvInitialiseTaskLists  tasks.o
    0x080059ec   0x080059ec   0x00000068   Code   RO         5924    i.prvInsertBlockIntoFreeList  heap_4.o
    0x08005a54   0x08005a54   0x00000058   Code   RO         5751    i.prvInsertTimerInActiveList  timers.o
    0x08005aac   0x08005aac   0x0000001a   Code   RO         5129    i.prvIsQueueEmpty   queue.o
    0x08005ac6   0x08005ac6   0x0000001e   Code   RO         5130    i.prvIsQueueFull    queue.o
    0x08005ae4   0x08005ae4   0x00000074   Code   RO         5752    i.prvProcessExpiredTimer  timers.o
    0x08005b58   0x08005b58   0x00000164   Code   RO         5753    i.prvProcessReceivedCommands  timers.o
    0x08005cbc   0x08005cbc   0x00000074   Code   RO         5754    i.prvProcessTimerOrBlockTask  timers.o
    0x08005d30   0x08005d30   0x00000030   Code   RO         5380    i.prvResetNextTaskUnblockTime  tasks.o
    0x08005d60   0x08005d60   0x0000002c   Code   RO         5755    i.prvSampleTimeNow  timers.o
    0x08005d8c   0x08005d8c   0x000000a4   Code   RO         5756    i.prvSwitchTimerLists  timers.o
    0x08005e30   0x08005e30   0x00000040   Code   RO          590    i.prvTaskExitError  include_port.o
    0x08005e70   0x08005e70   0x0000001a   Code   RO         5757    i.prvTimerTask      timers.o
    0x08005e8a   0x08005e8a   0x0000007e   Code   RO         5131    i.prvUnlockQueue    queue.o
    0x08005f08   0x08005f08   0x0000016c   Code   RO         5925    i.pvPortMalloc      heap_4.o
    0x08006074   0x08006074   0x0000002c   Code   RO          591    i.pxPortInitialiseStack  include_port.o
    0x080060a0   0x080060a0   0x00000022   Code   RO         4565    i.setSVpwm          foc.o
    0x080060c2   0x080060c2   0x00000002   PAD
    0x080060c4   0x080060c4   0x00000068   Code   RO         4566    i.setpwm_channel    foc.o
    0x0800612c   0x0800612c   0x00000016   Code   RO         2398    i.spi_default_para_init  at32f403a_407_spi.o
    0x08006142   0x08006142   0x0000000a   Code   RO         2399    i.spi_enable        at32f403a_407_spi.o
    0x0800614c   0x0800614c   0x00000008   Code   RO         2403    i.spi_i2s_data_receive  at32f403a_407_spi.o
    0x08006154   0x08006154   0x00000004   Code   RO         2404    i.spi_i2s_data_transmit  at32f403a_407_spi.o
    0x08006158   0x08006158   0x00000010   Code   RO         2408    i.spi_i2s_flag_get  at32f403a_407_spi.o
    0x08006168   0x08006168   0x00000124   Code   RO         2412    i.spi_init          at32f403a_407_spi.o
    0x0800628c   0x0800628c   0x000000f8   Code   RO         4275    i.system_core_clock_update  system_at32f403a_407.o
    0x08006384   0x08006384   0x00000010   Code   RO         1101    i.tmr_base_init     at32f403a_407_tmr.o
    0x08006394   0x08006394   0x00000048   Code   RO         1102    i.tmr_brkdt_config  at32f403a_407_tmr.o
    0x080063dc   0x080063dc   0x00000028   Code   RO         1109    i.tmr_channel_value_set  at32f403a_407_tmr.o
    0x08006404   0x08006404   0x0000000a   Code   RO         1110    i.tmr_clock_source_div_set  at32f403a_407_tmr.o
    0x0800640e   0x0800640e   0x0000000a   Code   RO         1111    i.tmr_cnt_dir_set   at32f403a_407_tmr.o
    0x08006418   0x08006418   0x0000000a   Code   RO         1112    i.tmr_counter_enable  at32f403a_407_tmr.o
    0x08006422   0x08006422   0x00000006   Code   RO         1124    i.tmr_flag_clear    at32f403a_407_tmr.o
    0x08006428   0x08006428   0x00000016   Code   RO         1133    i.tmr_interrupt_enable  at32f403a_407_tmr.o
    0x0800643e   0x0800643e   0x00000042   Code   RO         1136    i.tmr_output_channel_buffer_enable  at32f403a_407_tmr.o
    0x08006480   0x08006480   0x000001d0   Code   RO         1137    i.tmr_output_channel_config  at32f403a_407_tmr.o
    0x08006650   0x08006650   0x00000042   Code   RO         1138    i.tmr_output_channel_immediately_set  at32f403a_407_tmr.o
    0x08006692   0x08006692   0x0000000a   Code   RO         1143    i.tmr_output_enable  at32f403a_407_tmr.o
    0x0800669c   0x0800669c   0x0000000a   Code   RO         1146    i.tmr_period_buffer_enable  at32f403a_407_tmr.o
    0x080066a6   0x080066a6   0x0000000a   Code   RO         1149    i.tmr_primary_mode_select  at32f403a_407_tmr.o
    0x080066b0   0x080066b0   0x0000000a   Code   RO         1151    i.tmr_repetition_counter_set  at32f403a_407_tmr.o
    0x080066ba   0x080066ba   0x0000000a   Code   RO         1154    i.tmr_sub_sync_mode_set  at32f403a_407_tmr.o
    0x080066c4   0x080066c4   0x00000008   Code   RO         1884    i.usart_data_receive  at32f403a_407_usart.o
    0x080066cc   0x080066cc   0x00000008   Code   RO         1885    i.usart_data_transmit  at32f403a_407_usart.o
    0x080066d4   0x080066d4   0x0000000a   Code   RO         1887    i.usart_dma_transmitter_enable  at32f403a_407_usart.o
    0x080066de   0x080066de   0x0000000a   Code   RO         1888    i.usart_enable      at32f403a_407_usart.o
    0x080066e8   0x080066e8   0x00000012   Code   RO         1889    i.usart_flag_clear  at32f403a_407_usart.o
    0x080066fa   0x080066fa   0x00000010   Code   RO         1890    i.usart_flag_get    at32f403a_407_usart.o
    0x0800670a   0x0800670a   0x00000066   Code   RO         1891    i.usart_hardware_flow_control_set  at32f403a_407_usart.o
    0x08006770   0x08006770   0x00000080   Code   RO         1892    i.usart_init        at32f403a_407_usart.o
    0x080067f0   0x080067f0   0x00000036   Code   RO         1893    i.usart_interrupt_enable  at32f403a_407_usart.o
    0x08006826   0x08006826   0x000000b0   Code   RO         1894    i.usart_interrupt_flag_get  at32f403a_407_usart.o
    0x080068d6   0x080068d6   0x0000004c   Code   RO         1899    i.usart_parity_selection_config  at32f403a_407_usart.o
    0x08006922   0x08006922   0x0000000a   Code   RO         1900    i.usart_receiver_enable  at32f403a_407_usart.o
    0x0800692c   0x0800692c   0x0000000a   Code   RO         1907    i.usart_transmitter_enable  at32f403a_407_usart.o
    0x08006936   0x08006936   0x00000028   Code   RO         5084    i.uxListRemove      list.o
    0x0800695e   0x0800695e   0x00000002   PAD
    0x08006960   0x08006960   0x00000018   Code   RO          483    i.vApplicationGetIdleTaskMemory  freertos_app.o
    0x08006978   0x08006978   0x00000018   Code   RO          484    i.vApplicationGetTimerTaskMemory  freertos_app.o
    0x08006990   0x08006990   0x0000001a   Code   RO         5085    i.vListInitialise   list.o
    0x080069aa   0x080069aa   0x00000006   Code   RO         5086    i.vListInitialiseItem  list.o
    0x080069b0   0x080069b0   0x00000034   Code   RO         5087    i.vListInsert       list.o
    0x080069e4   0x080069e4   0x00000018   Code   RO         5088    i.vListInsertEnd    list.o
    0x080069fc   0x080069fc   0x00000054   Code   RO          593    i.vPortEnterCritical  include_port.o
    0x08006a50   0x08006a50   0x0000003c   Code   RO          594    i.vPortExitCritical  include_port.o
    0x08006a8c   0x08006a8c   0x000000a4   Code   RO         5926    i.vPortFree         heap_4.o
    0x08006b30   0x08006b30   0x00000028   Code   RO          595    i.vPortSetupTimerInterrupt  include_port.o
    0x08006b58   0x08006b58   0x00000078   Code   RO          596    i.vPortValidateInterruptPriority  include_port.o
    0x08006bd0   0x08006bd0   0x0000002c   Code   RO         5137    i.vQueueAddToRegistry  queue.o
    0x08006bfc   0x08006bfc   0x0000004a   Code   RO         5141    i.vQueueWaitForMessageRestricted  queue.o
    0x08006c46   0x08006c46   0x00000002   PAD
    0x08006c48   0x08006c48   0x0000005c   Code   RO         5393    i.vTaskDelay        tasks.o
    0x08006ca4   0x08006ca4   0x00000018   Code   RO         5398    i.vTaskInternalSetTimeOutState  tasks.o
    0x08006cbc   0x08006cbc   0x0000000c   Code   RO         5399    i.vTaskMissedYield  tasks.o
    0x08006cc8   0x08006cc8   0x00000038   Code   RO         5400    i.vTaskPlaceOnEventList  tasks.o
    0x08006d00   0x08006d00   0x00000040   Code   RO         5401    i.vTaskPlaceOnEventListRestricted  tasks.o
    0x08006d40   0x08006d40   0x000000c0   Code   RO         5409    i.vTaskStartScheduler  tasks.o
    0x08006e00   0x08006e00   0x00000010   Code   RO         5411    i.vTaskSuspendAll   tasks.o
    0x08006e10   0x08006e10   0x00000090   Code   RO         5412    i.vTaskSwitchContext  tasks.o
    0x08006ea0   0x08006ea0   0x00000138   Code   RO          750    i.wk_adc1_init      wk_adc.o
    0x08006fd8   0x08006fd8   0x0000009c   Code   RO          751    i.wk_adc2_init      wk_adc.o
    0x08007074   0x08007074   0x000000e0   Code   RO          780    i.wk_can1_init      wk_can.o
    0x08007154   0x08007154   0x00000010   Code   RO          393    i.wk_debug_config   wk_debug.o
    0x08007164   0x08007164   0x00000050   Code   RO          447    i.wk_dma1_channel1_init  wk_dma.o
    0x080071b4   0x080071b4   0x00000008   Code   RO          448    i.wk_dma_channel_config  wk_dma.o
    0x080071bc   0x080071bc   0x00000018   Code   RO          485    i.wk_freertos_init  freertos_app.o
    0x080071d4   0x080071d4   0x00000068   Code   RO          672    i.wk_gpio_config    wk_gpio.o
    0x0800723c   0x0800723c   0x000000e8   Code   RO          231    i.wk_nvic_config    at32f403a_407_wk_config.o
    0x08007324   0x08007324   0x0000008c   Code   RO          232    i.wk_periph_clock_config  at32f403a_407_wk_config.o
    0x080073b0   0x080073b0   0x000000c0   Code   RO          726    i.wk_spi1_init      wk_spi.o
    0x08007470   0x08007470   0x00000098   Code   RO          233    i.wk_system_clock_config  at32f403a_407_wk_config.o
    0x08007508   0x08007508   0x000002c0   Code   RO          696    i.wk_tmr1_init      wk_tmr.o
    0x080077c8   0x080077c8   0x0000004c   Code   RO          697    i.wk_tmr2_init      wk_tmr.o
    0x08007814   0x08007814   0x0000009c   Code   RO          417    i.wk_usart1_init    wk_usart.o
    0x080078b0   0x080078b0   0x0000009c   Code   RO          418    i.wk_usart3_init    wk_usart.o
    0x0800794c   0x0800794c   0x00000168   Code   RO          597    i.xPortStartScheduler  include_port.o
    0x08007ab4   0x08007ab4   0x00000034   Code   RO          598    i.xPortSysTickHandler  include_port.o
    0x08007ae8   0x08007ae8   0x000000a8   Code   RO         5146    i.xQueueGenericCreate  queue.o
    0x08007b90   0x08007b90   0x000000e0   Code   RO         5147    i.xQueueGenericCreateStatic  queue.o
    0x08007c70   0x08007c70   0x00000098   Code   RO         5148    i.xQueueGenericReset  queue.o
    0x08007d08   0x08007d08   0x000001a8   Code   RO         5149    i.xQueueGenericSend  queue.o
    0x08007eb0   0x08007eb0   0x00000120   Code   RO         5150    i.xQueueGenericSendFromISR  queue.o
    0x08007fd0   0x08007fd0   0x00000168   Code   RO         5159    i.xQueueReceive     queue.o
    0x08008138   0x08008138   0x00000090   Code   RO         5414    i.xTaskCheckForTimeOut  tasks.o
    0x080081c8   0x080081c8   0x000000ba   Code   RO         5416    i.xTaskCreateStatic  tasks.o
    0x08008282   0x08008282   0x00000002   PAD
    0x08008284   0x08008284   0x00000020   Code   RO         5423    i.xTaskGetSchedulerState  tasks.o
    0x080082a4   0x080082a4   0x0000000c   Code   RO         5424    i.xTaskGetTickCount  tasks.o
    0x080082b0   0x080082b0   0x00000144   Code   RO         5426    i.xTaskIncrementTick  tasks.o
    0x080083f4   0x080083f4   0x000000a4   Code   RO         5427    i.xTaskPriorityDisinherit  tasks.o
    0x08008498   0x08008498   0x00000098   Code   RO         5429    i.xTaskRemoveFromEventList  tasks.o
    0x08008530   0x08008530   0x00000104   Code   RO         5430    i.xTaskResumeAll    tasks.o
    0x08008634   0x08008634   0x00000078   Code   RO         5766    i.xTimerCreateTimerTask  timers.o
    0x080086ac   0x080086ac   0x00000084   Code   RO         5767    i.xTimerGenericCommand  timers.o
    0x08008730   0x08008730   0x00000028   Data   RO          901    .constdata          at32f403a_407_crm.o
    0x08008758   0x08008758   0x00000010   Data   RO         4276    .constdata          system_at32f403a_407.o
    0x08008768   0x08008768   0x00000038   Data   RO         6161    .constdata          m_wm.l(log.o)
    0x080087a0   0x080087a0   0x00000008   Data   RO         6492    .constdata          m_wm.l(qnan.o)
    0x080087a8   0x080087a8   0x00000020   Data   RO         6538    Region$$Table       anon$$obj.o


    Execution Region RW_IRAM1 (Exec base: 0x20000000, Load base: 0x080087c8, Size: 0x00004428, Max: 0x00018000, ABSOLUTE, COMPRESSED[0x00000034])

    Exec Addr    Load Addr    Size         Type   Attr      Idx    E Section Name        Object

    0x20000000   COMPRESSED   0x00000030   Data   RW          487    .data               freertos_app.o
    0x20000030   COMPRESSED   0x0000000c   Data   RW          599    .data               include_port.o
    0x2000003c   COMPRESSED   0x00000004   Data   RW         4277    .data               system_at32f403a_407.o
    0x20000040   COMPRESSED   0x00000010   Data   RW         4315    .data               usart3.o
    0x20000050   COMPRESSED   0x00000010   Data   RW         4414    .data               mt6701.o
    0x20000060   COMPRESSED   0x00000138   Data   RW         4568    .data               foc.o
    0x20000198   COMPRESSED   0x00000050   Data   RW         4689    .data               svpwm.o
    0x200001e8   COMPRESSED   0x00000004   Data   RW         4804    .data               speed_control.o
    0x200001ec   COMPRESSED   0x00000004   Data   RW         4847    .data               position_control.o
    0x200001f0   COMPRESSED   0x00000010   Data   RW         4891    .data               filter.o
    0x20000200   COMPRESSED   0x00000040   Data   RW         5433    .data               tasks.o
    0x20000240   COMPRESSED   0x00000014   Data   RW         5775    .data               timers.o
    0x20000254   COMPRESSED   0x00000020   Data   RW         5932    .data               heap_4.o
    0x20000274   COMPRESSED   0x00000004   Data   RW         6509    .data               mc_w.l(stdout.o)
    0x20000278   COMPRESSED   0x00000004   Data   RW         6521    .data               mc_w.l(errno.o)
    0x2000027c        -       0x0000000c   Zero   RW          294    .bss                at32f403a_407_int.o
    0x20000288        -       0x000011dc   Zero   RW          486    .bss                freertos_app.o
    0x20001464        -       0x00000080   Zero   RW         4314    .bss                usart3.o
    0x200014e4        -       0x00000028   Zero   RW         4456    .bss                flash_ops.o
    0x2000150c        -       0x0000000c   Zero   RW         4567    .bss                foc.o
    0x20001518        -       0x00000010   Zero   RW         4890    .bss                filter.o
    0x20001528        -       0x00000040   Zero   RW         5163    .bss                queue.o
    0x20001568        -       0x000001a4   Zero   RW         5432    .bss                tasks.o
    0x2000170c        -       0x00000118   Zero   RW         5774    .bss                timers.o
    0x20001824        -       0x00002800   Zero   RW         5931    .bss                heap_4.o
    0x20004024   COMPRESSED   0x00000004   PAD
    0x20004028        -       0x00000400   Zero   RW         4264    STACK               startup_at32f403a_407.o


==============================================================================

Image component sizes


      Code (inc. data)   RO Data    RW Data    ZI Data      Debug   Object Name

       942         22          0          0          0      15624   at32f403a_407_adc.o
       708          0          0          0          0       3429   at32f403a_407_can.o
      1046        116         40          0          0       9931   at32f403a_407_crm.o
       488         28          0          0          0       6101   at32f403a_407_dma.o
       760         56          0          0          0       7196   at32f403a_407_flash.o
       274          6          0          0          0       3919   at32f403a_407_gpio.o
       888        102          0          0         12      16944   at32f403a_407_int.o
       240         18          0          0          0      32106   at32f403a_407_misc.o
       352          0          0          0          0       4158   at32f403a_407_spi.o
       832          0          0          0          0      10975   at32f403a_407_tmr.o
       626         14          0          0          0       9099   at32f403a_407_usart.o
       644         30          0          0          0      33454   at32f403a_407_wk_config.o
      1002         82          0          0          0       4523   current_control.o
         0          0          0          0          0      22804   event_groups.o
       272         28          0         16         16       3400   filter.o
       368        130          0          0         40       3690   flash_ops.o
      2442        250          0        312         12      14166   foc.o
      2336        368          0         48       4572       9603   freertos_app.o
       756         74          0         32      10240       4843   heap_4.o
      1014         92          0         12          0      11929   include_port.o
        54          0          0          0          0       2019   led.o
       148          0          0          0          0       3610   list.o
       148         22          0          0          0     105719   main.o
       386         58          0          0          0       2027   mostemp.o
       230         18          0         16          0       2972   mt6701.o
        42          0          0          0          0        685   my_math.o
       478         18          0          4          0       2567   position_control.o
      2126         20          0          0         64      18502   queue.o
       552         22          0          4          0       2723   speed_control.o
        36          8        388          0       1024        820   startup_at32f403a_407.o
      1324         26          0         80          0       1753   svpwm.o
       360         38         16          4          0       2248   system_at32f403a_407.o
      2716        348          0         64        420      29262   tasks.o
      1318        124          0         20        280      33623   timers.o
       404         40          0         16        128       5138   usart3.o
       468         16          0          0          0       1314   wk_adc.o
       224         10          0          0          0        763   wk_can.o
        16          4          0          0          0        486   wk_debug.o
        88          4          0          0          0       1500   wk_dma.o
       104          6          0          0          0        565   wk_gpio.o
       192         10          0          0          0        651   wk_spi.o
       780         14          0          0          0       1510   wk_tmr.o
       312         28          0          0          0       1186   wk_usart.o

    ----------------------------------------------------------------------
     28526       2250        476        628      16812     449537   Object Totals
         0          0         32          0          0          0   (incl. Generated)
        30          0          0          0          4          0   (incl. Padding)

    ----------------------------------------------------------------------

      Code (inc. data)   RO Data    RW Data    ZI Data      Debug   Library Member Name

       100         28          0          0          0        372   dunder.o
        20          0          0          0          0        124   fabs.o
       176          0          0          0          0        168   fmodf.o
        16          6          0          0          0        116   funder.o
       964         92         56          0          0        316   log.o
       248          0          0          0          0        152   poly.o
         0          0          8          0          0          0   qnan.o
        86          0          0          0          0          0   __dczerorl2.o
         0          0          0          0          0          0   entry.o
         0          0          0          0          0          0   entry10a.o
         0          0          0          0          0          0   entry11a.o
         4          0          0          0          0          0   entry12b.o
         8          4          0          0          0          0   entry2.o
         4          0          0          0          0          0   entry5.o
         0          0          0          0          0          0   entry7b.o
         0          0          0          0          0          0   entry8b.o
         8          4          0          0          0          0   entry9a.o
        12          6          0          4          0         68   errno.o
        30          0          0          0          0          0   handlers.o
        36          8          0          0          0         68   init.o
         0          0          0          0          0          0   iusefp.o
        30          0          0          0          0         68   llshl.o
        36          0          0          0          0         68   llsshr.o
        32          0          0          0          0         68   llushr.o
        36          0          0          0          0         68   memcpya.o
        36          0          0          0          0        108   memseta.o
      2218         90          0          0          0        464   printfa.o
         0          0          0          4          0          0   stdout.o
        44          0          0          0          0         80   uidiv.o
        98          0          0          0          0         92   uldiv.o
        48          0          0          0          0         68   cdcmple.o
        48          0          0          0          0         68   cdrcmple.o
        56          0          0          0          0         88   d2f.o
       334          0          0          0          0        148   dadd.o
       222          0          0          0          0        100   ddiv.o
       186          0          0          0          0        176   depilogue.o
        48          0          0          0          0         68   dfixul.o
        34          0          0          0          0         76   dflti.o
       228          0          0          0          0         96   dmul.o
        38          0          0          0          0         68   f2d.o
       110          0          0          0          0        168   fepilogue.o
        82          0          0          0          0         96   frem.o

    ----------------------------------------------------------------------
      5694        238         64          8          0       3620   Library Totals
        18          0          0          0          0          0   (incl. Padding)

    ----------------------------------------------------------------------

      Code (inc. data)   RO Data    RW Data    ZI Data      Debug   Library Name

      1524        126         64          0          0       1248   m_wm.l
      2718        112          0          8          0       1152   mc_w.l
      1434          0          0          0          0       1220   mf_w.l

    ----------------------------------------------------------------------
      5694        238         64          8          0       3620   Library Totals

    ----------------------------------------------------------------------

==============================================================================


      Code (inc. data)   RO Data    RW Data    ZI Data      Debug   

     34220       2488        540        636      16812     426645   Grand Totals
     34220       2488        540         52      16812     426645   ELF Image Totals (compressed)
     34220       2488        540         52          0          0   ROM Totals

==============================================================================

    Total RO  Size (Code + RO Data)                34760 (  33.95kB)
    Total RW  Size (RW Data + ZI Data)             17448 (  17.04kB)
    Total ROM Size (Code + RO Data + RW Data)      34812 (  34.00kB)

==============================================================================

