Component: ARM Compiler 5.06 update 7 (build 960) Tool: armlink [4d3601]

==============================================================================

Section Cross References

    main.o(i.main) refers to at32f403a_407_wk_config.o(i.wk_system_clock_config) for wk_system_clock_config
    main.o(i.main) refers to at32f403a_407_wk_config.o(i.wk_periph_clock_config) for wk_periph_clock_config
    main.o(i.main) refers to wk_debug.o(i.wk_debug_config) for wk_debug_config
    main.o(i.main) refers to at32f403a_407_wk_config.o(i.wk_nvic_config) for wk_nvic_config
    main.o(i.main) refers to wk_gpio.o(i.wk_gpio_config) for wk_gpio_config
    main.o(i.main) refers to wk_adc.o(i.wk_adc1_init) for wk_adc1_init
    main.o(i.main) refers to wk_dma.o(i.wk_dma1_channel1_init) for wk_dma1_channel1_init
    main.o(i.main) refers to wk_dma.o(i.wk_dma_channel_config) for wk_dma_channel_config
    main.o(i.main) refers to at32f403a_407_dma.o(i.dma_channel_enable) for dma_channel_enable
    main.o(i.main) refers to wk_usart.o(i.wk_usart3_init) for wk_usart3_init
    main.o(i.main) refers to wk_spi.o(i.wk_spi1_init) for wk_spi1_init
    main.o(i.main) refers to wk_tmr.o(i.wk_tmr1_init) for wk_tmr1_init
    main.o(i.main) refers to wk_tmr.o(i.wk_tmr2_init) for wk_tmr2_init
    main.o(i.main) refers to freertos_app.o(i.wk_freertos_init) for wk_freertos_init
    main.o(i.main) refers to usart3.o(.bss) for uart3_tx_buffer
    at32f403a_407_wk_config.o(i.wk_nvic_config) refers to at32f403a_407_misc.o(i.nvic_priority_group_config) for nvic_priority_group_config
    at32f403a_407_wk_config.o(i.wk_nvic_config) refers to at32f403a_407_wk_config.o(i.__NVIC_GetPriorityGrouping) for __NVIC_GetPriorityGrouping
    at32f403a_407_wk_config.o(i.wk_nvic_config) refers to at32f403a_407_wk_config.o(i.NVIC_EncodePriority) for NVIC_EncodePriority
    at32f403a_407_wk_config.o(i.wk_nvic_config) refers to at32f403a_407_wk_config.o(i.__NVIC_SetPriority) for __NVIC_SetPriority
    at32f403a_407_wk_config.o(i.wk_nvic_config) refers to at32f403a_407_misc.o(i.nvic_irq_enable) for nvic_irq_enable
    at32f403a_407_wk_config.o(i.wk_periph_clock_config) refers to at32f403a_407_crm.o(i.crm_periph_clock_enable) for crm_periph_clock_enable
    at32f403a_407_wk_config.o(i.wk_system_clock_config) refers to at32f403a_407_crm.o(i.crm_reset) for crm_reset
    at32f403a_407_wk_config.o(i.wk_system_clock_config) refers to at32f403a_407_crm.o(i.crm_clock_source_enable) for crm_clock_source_enable
    at32f403a_407_wk_config.o(i.wk_system_clock_config) refers to at32f403a_407_crm.o(i.crm_flag_get) for crm_flag_get
    at32f403a_407_wk_config.o(i.wk_system_clock_config) refers to at32f403a_407_crm.o(i.crm_hext_stable_wait) for crm_hext_stable_wait
    at32f403a_407_wk_config.o(i.wk_system_clock_config) refers to at32f403a_407_crm.o(i.crm_pll_config) for crm_pll_config
    at32f403a_407_wk_config.o(i.wk_system_clock_config) refers to at32f403a_407_crm.o(i.crm_ahb_div_set) for crm_ahb_div_set
    at32f403a_407_wk_config.o(i.wk_system_clock_config) refers to at32f403a_407_crm.o(i.crm_apb2_div_set) for crm_apb2_div_set
    at32f403a_407_wk_config.o(i.wk_system_clock_config) refers to at32f403a_407_crm.o(i.crm_apb1_div_set) for crm_apb1_div_set
    at32f403a_407_wk_config.o(i.wk_system_clock_config) refers to at32f403a_407_crm.o(i.crm_auto_step_mode_enable) for crm_auto_step_mode_enable
    at32f403a_407_wk_config.o(i.wk_system_clock_config) refers to at32f403a_407_crm.o(i.crm_sysclk_switch) for crm_sysclk_switch
    at32f403a_407_wk_config.o(i.wk_system_clock_config) refers to at32f403a_407_crm.o(i.crm_sysclk_switch_status_get) for crm_sysclk_switch_status_get
    at32f403a_407_wk_config.o(i.wk_system_clock_config) refers to system_at32f403a_407.o(i.system_core_clock_update) for system_core_clock_update
    at32f403a_407_int.o(i.ADC1_2_IRQHandler) refers to at32f403a_407_adc.o(i.adc_interrupt_flag_get) for adc_interrupt_flag_get
    at32f403a_407_int.o(i.ADC1_2_IRQHandler) refers to at32f403a_407_adc.o(i.adc_preempt_conversion_data_get) for adc_preempt_conversion_data_get
    at32f403a_407_int.o(i.ADC1_2_IRQHandler) refers to foc.o(i.FocContorl) for FocContorl
    at32f403a_407_int.o(i.ADC1_2_IRQHandler) refers to at32f403a_407_adc.o(i.adc_flag_clear) for adc_flag_clear
    at32f403a_407_int.o(i.ADC1_2_IRQHandler) refers to foc.o(.bss) for g_motorAdValues
    at32f403a_407_int.o(i.ADC1_2_IRQHandler) refers to svpwm.o(.data) for PSVpwm
    at32f403a_407_int.o(i.ADC1_2_IRQHandler) refers to foc.o(.data) for g_pMotor
    at32f403a_407_int.o(i.DMA1_Channel1_IRQHandler) refers to at32f403a_407_dma.o(i.dma_interrupt_flag_get) for dma_interrupt_flag_get
    at32f403a_407_int.o(i.DMA1_Channel1_IRQHandler) refers to at32f403a_407_dma.o(i.dma_flag_clear) for dma_flag_clear
    at32f403a_407_int.o(i.DMA1_Channel1_IRQHandler) refers to at32f403a_407_dma.o(i.dma_channel_enable) for dma_channel_enable
[...]
    xYieldPending                            0x20000100   Data           4  tasks.o(.data)
    xNumOfOverflows                          0x20000104   Data           4  tasks.o(.data)
    uxTaskNumber                             0x20000108   Data           4  tasks.o(.data)
    xNextTaskUnblockTime                     0x2000010c   Data           4  tasks.o(.data)
    xIdleTaskHandle                          0x20000110   Data           4  tasks.o(.data)
    uxSchedulerSuspended                     0x20000118   Data           4  tasks.o(.data)
    .data                                    0x2000011c   Section       20  timers.o(.data)
    pxCurrentTimerList                       0x2000011c   Data           4  timers.o(.data)
    pxOverflowTimerList                      0x20000120   Data           4  timers.o(.data)
    xTimerQueue                              0x20000124   Data           4  timers.o(.data)
    xTimerTaskHandle                         0x20000128   Data           4  timers.o(.data)
    xLastTime                                0x2000012c   Data           4  timers.o(.data)
    .data                                    0x20000130   Section       32  heap_4.o(.data)
    xStart                                   0x20000130   Data           8  heap_4.o(.data)
    pxEnd                                    0x20000138   Data           4  heap_4.o(.data)
    xFreeBytesRemaining                      0x2000013c   Data           4  heap_4.o(.data)
    xMinimumEverFreeBytesRemaining           0x20000140   Data           4  heap_4.o(.data)
    xNumberOfSuccessfulAllocations           0x20000144   Data           4  heap_4.o(.data)
    xNumberOfSuccessfulFrees                 0x20000148   Data           4  heap_4.o(.data)
    xBlockAllocatedBit                       0x2000014c   Data           4  heap_4.o(.data)
    .data                                    0x20000150   Section        4  stdout.o(.data)
    .data                                    0x20000154   Section        4  errno.o(.data)
    _errno                                   0x20000154   Data           4  errno.o(.data)
    .bss                                     0x20000158   Section       12  at32f403a_407_int.o(.bss)
    focData                                  0x20000158   Data          12  at32f403a_407_int.o(.bss)
    .bss                                     0x20000164   Section     3968  freertos_app.o(.bss)
    g_ledRun                                 0x20000164   Data          16  freertos_app.o(.bss)
    idle_task_stack                          0x20000a2c   Data         512  freertos_app.o(.bss)
    timer_task_stack                         0x20000c2c   Data        1024  freertos_app.o(.bss)
    idle_task_tcb                            0x2000102c   Data          92  freertos_app.o(.bss)
    timer_task_tcb                           0x20001088   Data          92  freertos_app.o(.bss)
    .bss                                     0x200010e4   Section       16  usart3.o(.bss)
    .bss                                     0x200010f4   Section       32  flash_ops.o(.bss)
    .bss                                     0x20001114   Section      196  foc.o(.bss)
    .bss                                     0x200011d8   Section       16  filter.o(.bss)
    .bss                                     0x200011e8   Section       64  queue.o(.bss)
    .bss                                     0x20001228   Section      420  tasks.o(.bss)
    pxReadyTasksLists                        0x20001228   Data         320  tasks.o(.bss)
    xDelayedTaskList1                        0x20001368   Data          20  tasks.o(.bss)
    xDelayedTaskList2                        0x2000137c   Data          20  tasks.o(.bss)
    xPendingReadyList                        0x20001390   Data          20  tasks.o(.bss)
    xTasksWaitingTermination                 0x200013a4   Data          20  tasks.o(.bss)
    xSuspendedTaskList                       0x200013b8   Data          20  tasks.o(.bss)
    .bss                                     0x200013cc   Section      280  timers.o(.bss)
    xActiveTimerList1                        0x200013cc   Data          20  timers.o(.bss)
    xActiveTimerList2                        0x200013e0   Data          20  timers.o(.bss)
    xStaticTimerQueue                        0x200013f4   Data          80  timers.o(.bss)
    ucStaticTimerQueueStorage                0x20001444   Data         160  timers.o(.bss)
    .bss                                     0x200014e4   Section    10240  heap_4.o(.bss)
    ucHeap                                   0x200014e4   Data       10240  heap_4.o(.bss)
    STACK                                    0x20003ce8   Section     1024  startup_at32f403a_407.o(STACK)

    Global Symbols

    Symbol Name                              Value     Ov Type        Size  Object(Section)

    BuildAttributes$$THM_ISAv4$E$P$D$K$B$S$7EM$VFPi3$EXTD16$VFPS$VFMA$PE$A:L22UL41UL21$X:L11$S22US41US21$IEEE1$IW$USESV6$~STKCKD$USESV7$~SHL$OTIME$ROPI$IEEEX$EBA8$MICROLIB$REQ8$PRES8$EABIv2 0x00000000   Number         0  anon$$obj.o ABSOLUTE
    __ARM_use_no_argv                        0x00000000   Number         0  main.o ABSOLUTE
    _printf_a                                0x00000000   Number         0  stubs.o ABSOLUTE
    _printf_c                                0x00000000   Number         0  stubs.o ABSOLUTE
    _printf_charcount                        0x00000000   Number         0  stubs.o ABSOLUTE
    _printf_d                                0x00000000   Number         0  stubs.o ABSOLUTE
    _printf_e                                0x00000000   Number         0  stubs.o ABSOLUTE
    _printf_f                                0x00000000   Number         0  stubs.o ABSOLUTE
    _printf_flags                            0x00000000   Number         0  stubs.o ABSOLUTE
    _printf_fp_dec                           0x00000000   Number         0  stubs.o ABSOLUTE
    _printf_fp_hex                           0x00000000   Number         0  stubs.o ABSOLUTE
    _printf_g                                0x00000000   Number         0  stubs.o ABSOLUTE
    _printf_i                                0x00000000   Number         0  stubs.o ABSOLUTE
    _printf_int_dec                          0x00000000   Number         0  stubs.o ABSOLUTE
    _printf_l                                0x00000000   Number         0  stubs.o ABSOLUTE
    _printf_lc                               0x00000000   Number         0  stubs.o ABSOLUTE
    _printf_ll                               0x00000000   Number         0  stubs.o ABSOLUTE
    _printf_lld                              0x00000000   Number         0  stubs.o ABSOLUTE
    _printf_lli                              0x00000000   Number         0  stubs.o ABSOLUTE
    _printf_llo                              0x00000000   Number         0  stubs.o ABSOLUTE
    _printf_llu                              0x00000000   Number         0  stubs.o ABSOLUTE
    _printf_llx                              0x00000000   Number         0  stubs.o ABSOLUTE
    _printf_longlong_dec                     0x00000000   Number         0  stubs.o ABSOLUTE
    _printf_longlong_hex                     0x00000000   Number         0  stubs.o ABSOLUTE
    _printf_longlong_oct                     0x00000000   Number         0  stubs.o ABSOLUTE
    _printf_ls                               0x00000000   Number         0  stubs.o ABSOLUTE
    _printf_mbtowc                           0x00000000   Number         0  stubs.o ABSOLUTE
    _printf_n                                0x00000000   Number         0  stubs.o ABSOLUTE
    _printf_o                                0x00000000   Number         0  stubs.o ABSOLUTE
    _printf_p                                0x00000000   Number         0  stubs.o ABSOLUTE
    _printf_percent                          0x00000000   Number         0  stubs.o ABSOLUTE
    _printf_pre_padding                      0x00000000   Number         0  stubs.o ABSOLUTE
    _printf_return_value                     0x00000000   Number         0  stubs.o ABSOLUTE
    _printf_s                                0x00000000   Number         0  stubs.o ABSOLUTE
    _printf_sizespec                         0x00000000   Number         0  stubs.o ABSOLUTE
    _printf_str                              0x00000000   Number         0  stubs.o ABSOLUTE
    _printf_truncate_signed                  0x00000000   Number         0  stubs.o ABSOLUTE
    _printf_truncate_unsigned                0x00000000   Number         0  stubs.o ABSOLUTE
    _printf_u                                0x00000000   Number         0  stubs.o ABSOLUTE
    _printf_wc                               0x00000000   Number         0  stubs.o ABSOLUTE
    _printf_wctomb                           0x00000000   Number         0  stubs.o ABSOLUTE
    _printf_widthprec                        0x00000000   Number         0  stubs.o ABSOLUTE
    _printf_x                                0x00000000   Number         0  stubs.o ABSOLUTE
    __arm_fini_                               - Undefined Weak Reference
    __cpp_initialize__aeabi_                  - Undefined Weak Reference
    __cxa_finalize                            - Undefined Weak Reference
    _clock_init                               - Undefined Weak Reference
    _microlib_exit                            - Undefined Weak Reference
    __Vectors_Size                           0x00000184   Number         0  startup_at32f403a_407.o ABSOLUTE
    __Vectors                                0x08000000   Data           4  startup_at32f403a_407.o(RESET)
    __Vectors_End                            0x08000184   Data           0  startup_at32f403a_407.o(RESET)
    __main                                   0x08000185   Thumb Code     0  entry.o(.ARM.Collect$$$$00000000)
    _main_stk                                0x08000185   Thumb Code     0  entry2.o(.ARM.Collect$$$$00000001)
    _main_scatterload                        0x08000189   Thumb Code     0  entry5.o(.ARM.Collect$$$$00000004)
    __main_after_scatterload                 0x0800018d   Thumb Code     0  entry5.o(.ARM.Collect$$$$00000004)
    _main_clock                              0x0800018d   Thumb Code     0  entry7b.o(.ARM.Collect$$$$00000008)
    _main_cpp_init                           0x0800018d   Thumb Code     0  entry8b.o(.ARM.Collect$$$$0000000A)
    _main_init                               0x0800018d   Thumb Code     0  entry9a.o(.ARM.Collect$$$$0000000B)
    __rt_lib_shutdown_fini                   0x08000195   Thumb Code     0  entry12b.o(.ARM.Collect$$$$0000000E)
    __rt_final_cpp                           0x08000199   Thumb Code     0  entry10a.o(.ARM.Collect$$$$0000000F)
    __rt_final_exit                          0x08000199   Thumb Code     0  entry11a.o(.ARM.Collect$$$$00000011)
    SVC_Handler                              0x0800019d   Thumb Code    28  include_port.o(.emb_text)
    __asm___14_include_port_c_39a90d8d__prvStartFirstTask 0x080001bd   Thumb Code    36  include_port.o(.emb_text)
    __asm___14_include_port_c_39a90d8d__prvEnableVFP 0x080001e5   Thumb Code    16  include_port.o(.emb_text)
    PendSV_Handler                           0x080001f9   Thumb Code    88  include_port.o(.emb_text)
    vPortGetIPSR                             0x08000255   Thumb Code     6  include_port.o(.emb_text)
    Reset_Handler                            0x0800025d   Thumb Code     8  startup_at32f403a_407.o(.text)
    ACC_IRQHandler                           0x08000277   Thumb Code     0  startup_at32f403a_407.o(.text)
    ADC3_IRQHandler                          0x08000277   Thumb Code     0  startup_at32f403a_407.o(.text)
    CAN1_RX1_IRQHandler                      0x08000277   Thumb Code     0  startup_at32f403a_407.o(.text)
    CAN1_SE_IRQHandler                       0x08000277   Thumb Code     0  startup_at32f403a_407.o(.text)
    CAN2_RX0_IRQHandler                      0x08000277   Thumb Code     0  startup_at32f403a_407.o(.text)
    CAN2_RX1_IRQHandler                      0x08000277   Thumb Code     0  startup_at32f403a_407.o(.text)
    CAN2_SE_IRQHandler                       0x08000277   Thumb Code     0  startup_at32f403a_407.o(.text)
    CAN2_TX_IRQHandler                       0x08000277   Thumb Code     0  startup_at32f403a_407.o(.text)
    CRM_IRQHandler                           0x08000277   Thumb Code     0  startup_at32f403a_407.o(.text)
    DMA1_Channel2_IRQHandler                 0x08000277   Thumb Code     0  startup_at32f403a_407.o(.text)
    DMA1_Channel3_IRQHandler                 0x08000277   Thumb Code     0  startup_at32f403a_407.o(.text)
    DMA1_Channel4_IRQHandler                 0x08000277   Thumb Code     0  startup_at32f403a_407.o(.text)
    DMA1_Channel5_IRQHandler                 0x08000277   Thumb Code     0  startup_at32f403a_407.o(.text)
    DMA1_Channel6_IRQHandler                 0x08000277   Thumb Code     0  startup_at32f403a_407.o(.text)
    DMA1_Channel7_IRQHandler                 0x08000277   Thumb Code     0  startup_at32f403a_407.o(.text)
    DMA2_Channel1_IRQHandler                 0x08000277   Thumb Code     0  startup_at32f403a_407.o(.text)
    DMA2_Channel2_IRQHandler                 0x08000277   Thumb Code     0  startup_at32f403a_407.o(.text)
    DMA2_Channel3_IRQHandler                 0x08000277   Thumb Code     0  startup_at32f403a_407.o(.text)
    DMA2_Channel4_5_IRQHandler               0x08000277   Thumb Code     0  startup_at32f403a_407.o(.text)
    DMA2_Channel6_7_IRQHandler               0x08000277   Thumb Code     0  startup_at32f403a_407.o(.text)
    EMAC_IRQHandler                          0x08000277   Thumb Code     0  startup_at32f403a_407.o(.text)
    EMAC_WKUP_IRQHandler                     0x08000277   Thumb Code     0  startup_at32f403a_407.o(.text)
    EXINT0_IRQHandler                        0x08000277   Thumb Code     0  startup_at32f403a_407.o(.text)
    EXINT15_10_IRQHandler                    0x08000277   Thumb Code     0  startup_at32f403a_407.o(.text)
    EXINT1_IRQHandler                        0x08000277   Thumb Code     0  startup_at32f403a_407.o(.text)
    EXINT2_IRQHandler                        0x08000277   Thumb Code     0  startup_at32f403a_407.o(.text)
    EXINT3_IRQHandler                        0x08000277   Thumb Code     0  startup_at32f403a_407.o(.text)
    EXINT4_IRQHandler                        0x08000277   Thumb Code     0  startup_at32f403a_407.o(.text)
    EXINT9_5_IRQHandler                      0x08000277   Thumb Code     0  startup_at32f403a_407.o(.text)
    FLASH_IRQHandler                         0x08000277   Thumb Code     0  startup_at32f403a_407.o(.text)
    I2C1_ERR_IRQHandler                      0x08000277   Thumb Code     0  startup_at32f403a_407.o(.text)
    I2C1_EVT_IRQHandler                      0x08000277   Thumb Code     0  startup_at32f403a_407.o(.text)
    I2C2_ERR_IRQHandler                      0x08000277   Thumb Code     0  startup_at32f403a_407.o(.text)
    I2C2_EVT_IRQHandler                      0x08000277   Thumb Code     0  startup_at32f403a_407.o(.text)
    I2C3_ERR_IRQHandler                      0x08000277   Thumb Code     0  startup_at32f403a_407.o(.text)
    I2C3_EVT_IRQHandler                      0x08000277   Thumb Code     0  startup_at32f403a_407.o(.text)
    PVM_IRQHandler                           0x08000277   Thumb Code     0  startup_at32f403a_407.o(.text)
    RTCAlarm_IRQHandler                      0x08000277   Thumb Code     0  startup_at32f403a_407.o(.text)
    RTC_IRQHandler                           0x08000277   Thumb Code     0  startup_at32f403a_407.o(.text)
    SDIO1_IRQHandler                         0x08000277   Thumb Code     0  startup_at32f403a_407.o(.text)
    SDIO2_IRQHandler                         0x08000277   Thumb Code     0  startup_at32f403a_407.o(.text)
    SPI1_IRQHandler                          0x08000277   Thumb Code     0  startup_at32f403a_407.o(.text)
    SPI2_I2S2EXT_IRQHandler                  0x08000277   Thumb Code     0  startup_at32f403a_407.o(.text)
    SPI3_I2S3EXT_IRQHandler                  0x08000277   Thumb Code     0  startup_at32f403a_407.o(.text)
    SPI4_IRQHandler                          0x08000277   Thumb Code     0  startup_at32f403a_407.o(.text)
    TAMPER_IRQHandler                        0x08000277   Thumb Code     0  startup_at32f403a_407.o(.text)
    TMR1_BRK_TMR9_IRQHandler                 0x08000277   Thumb Code     0  startup_at32f403a_407.o(.text)
    TMR1_CH_IRQHandler                       0x08000277   Thumb Code     0  startup_at32f403a_407.o(.text)
    TMR1_OVF_TMR10_IRQHandler                0x08000277   Thumb Code     0  startup_at32f403a_407.o(.text)
    TMR1_TRG_HALL_TMR11_IRQHandler           0x08000277   Thumb Code     0  startup_at32f403a_407.o(.text)
    TMR3_GLOBAL_IRQHandler                   0x08000277   Thumb Code     0  startup_at32f403a_407.o(.text)
    TMR4_GLOBAL_IRQHandler                   0x08000277   Thumb Code     0  startup_at32f403a_407.o(.text)
    TMR5_GLOBAL_IRQHandler                   0x08000277   Thumb Code     0  startup_at32f403a_407.o(.text)
    TMR6_GLOBAL_IRQHandler                   0x08000277   Thumb Code     0  startup_at32f403a_407.o(.text)
    TMR7_GLOBAL_IRQHandler                   0x08000277   Thumb Code     0  startup_at32f403a_407.o(.text)
    TMR8_BRK_TMR12_IRQHandler                0x08000277   Thumb Code     0  startup_at32f403a_407.o(.text)
    TMR8_CH_IRQHandler                       0x08000277   Thumb Code     0  startup_at32f403a_407.o(.text)
    TMR8_OVF_TMR13_IRQHandler                0x08000277   Thumb Code     0  startup_at32f403a_407.o(.text)
    TMR8_TRG_HALL_TMR14_IRQHandler           0x08000277   Thumb Code     0  startup_at32f403a_407.o(.text)
    UART4_IRQHandler                         0x08000277   Thumb Code     0  startup_at32f403a_407.o(.text)
    UART5_IRQHandler                         0x08000277   Thumb Code     0  startup_at32f403a_407.o(.text)
    UART7_IRQHandler                         0x08000277   Thumb Code     0  startup_at32f403a_407.o(.text)
    UART8_IRQHandler                         0x08000277   Thumb Code     0  startup_at32f403a_407.o(.text)
    USART1_IRQHandler                        0x08000277   Thumb Code     0  startup_at32f403a_407.o(.text)
    USART2_IRQHandler                        0x08000277   Thumb Code     0  startup_at32f403a_407.o(.text)
    USART6_IRQHandler                        0x08000277   Thumb Code     0  startup_at32f403a_407.o(.text)
    USBFSWakeUp_IRQHandler                   0x08000277   Thumb Code     0  startup_at32f403a_407.o(.text)
    USBFS_H_CAN1_TX_IRQHandler               0x08000277   Thumb Code     0  startup_at32f403a_407.o(.text)
    USBFS_L_CAN1_RX0_IRQHandler              0x08000277   Thumb Code     0  startup_at32f403a_407.o(.text)
    USBFS_MAPH_IRQHandler                    0x08000277   Thumb Code     0  startup_at32f403a_407.o(.text)
    USBFS_MAPL_IRQHandler                    0x08000277   Thumb Code     0  startup_at32f403a_407.o(.text)
    WWDT_IRQHandler                          0x08000277   Thumb Code     0  startup_at32f403a_407.o(.text)
    XMC_IRQHandler                           0x08000277   Thumb Code     0  startup_at32f403a_407.o(.text)
    __aeabi_memcpy                           0x08000281   Thumb Code    36  memcpya.o(.text)
    __aeabi_memcpy4                          0x08000281   Thumb Code     0  memcpya.o(.text)
    __aeabi_memcpy8                          0x08000281   Thumb Code     0  memcpya.o(.text)
    __aeabi_memset                           0x080002a5   Thumb Code    14  memseta.o(.text)
    __aeabi_memset4                          0x080002a5   Thumb Code     0  memseta.o(.text)
    __aeabi_memset8                          0x080002a5   Thumb Code     0  memseta.o(.text)
    __aeabi_memclr                           0x080002b3   Thumb Code     4  memseta.o(.text)
    __aeabi_memclr4                          0x080002b3   Thumb Code     0  memseta.o(.text)
    __aeabi_memclr8                          0x080002b3   Thumb Code     0  memseta.o(.text)
    memset                                   0x080002b7   Thumb Code    18  memseta.o(.text)
    __aeabi_f2d                              0x080002c9   Thumb Code    38  f2d.o(.text)
    __aeabi_cdcmpeq                          0x080002f1   Thumb Code     0  cdcmple.o(.text)
    __aeabi_cdcmple                          0x080002f1   Thumb Code    48  cdcmple.o(.text)
    __aeabi_cdrcmple                         0x08000321   Thumb Code    48  cdrcmple.o(.text)
    __aeabi_d2f                              0x08000351   Thumb Code    56  d2f.o(.text)
    __aeabi_uidiv                            0x08000389   Thumb Code     0  uidiv.o(.text)
    __aeabi_uidivmod                         0x08000389   Thumb Code    44  uidiv.o(.text)
    __aeabi_uldivmod                         0x080003b5   Thumb Code    98  uldiv.o(.text)
    __I$use$fp                               0x08000417   Thumb Code     0  iusefp.o(.text)
    _float_round                             0x08000417   Thumb Code    18  fepilogue.o(.text)
    _float_epilogue                          0x08000429   Thumb Code    92  fepilogue.o(.text)
    _frem                                    0x08000485   Thumb Code    82  frem.o(.text)
    __aeabi_dadd                             0x080004d7   Thumb Code   322  dadd.o(.text)
    __aeabi_dsub                             0x08000619   Thumb Code     6  dadd.o(.text)
    __aeabi_drsub                            0x0800061f   Thumb Code     6  dadd.o(.text)
    __aeabi_dmul                             0x08000625   Thumb Code   228  dmul.o(.text)
    __aeabi_ddiv                             0x08000709   Thumb Code   222  ddiv.o(.text)
    __aeabi_d2ulz                            0x080007e7   Thumb Code    48  dfixul.o(.text)
    __scatterload                            0x08000819   Thumb Code    28  init.o(.text)
    __scatterload_rt2                        0x08000819   Thumb Code     0  init.o(.text)
    __aeabi_llsl                             0x0800083d   Thumb Code    30  llshl.o(.text)
    _ll_shift_l                              0x0800083d   Thumb Code     0  llshl.o(.text)
    __aeabi_llsr                             0x0800085b   Thumb Code    32  llushr.o(.text)
    _ll_ushift_r                             0x0800085b   Thumb Code     0  llushr.o(.text)
    __aeabi_lasr                             0x0800087b   Thumb Code    36  llsshr.o(.text)
    _ll_sshift_r                             0x0800087b   Thumb Code     0  llsshr.o(.text)
    _double_round                            0x0800089f   Thumb Code    30  depilogue.o(.text)
    _double_epilogue                         0x080008bd   Thumb Code   156  depilogue.o(.text)
    __decompress                             0x08000959   Thumb Code     0  __dczerorl2.o(.text)
    __decompress1                            0x08000959   Thumb Code    86  __dczerorl2.o(.text)
    ADC1_2_IRQHandler                        0x080009b1   Thumb Code    70  at32f403a_407_int.o(i.ADC1_2_IRQHandler)
    AngleGetCorrectedElec                    0x08000a09   Thumb Code    60  foc.o(i.AngleGetCorrectedElec)
    AngleInitZeroOffset                      0x08000a49   Thumb Code   178  foc.o(i.AngleInitZeroOffset)
    BusFault_Handler                         0x08000b05   Thumb Code     4  at32f403a_407_int.o(i.BusFault_Handler)
    CalculateElectricalAngle                 0x08000b09   Thumb Code    60  foc.o(i.CalculateElectricalAngle)
    CurrentPIControlID                       0x08000b49   Thumb Code   346  current_control.o(i.CurrentPIControlID)
    CurrentPIControlIQ                       0x08000ca3   Thumb Code   350  current_control.o(i.CurrentPIControlIQ)
    DMA1_Channel1_IRQHandler                 0x08000e01   Thumb Code    32  at32f403a_407_int.o(i.DMA1_Channel1_IRQHandler)
    DebugMon_Handler                         0x08000e29   Thumb Code     2  at32f403a_407_int.o(i.DebugMon_Handler)
    FocContorl                               0x08000e2d   Thumb Code   416  foc.o(i.FocContorl)
    HardFault_Handler                        0x08000fe5   Thumb Code     4  at32f403a_407_int.o(i.HardFault_Handler)
    LPF_Init                                 0x08000fe9   Thumb Code    78  filter.o(i.LPF_Init)
    LPF_Update                               0x08001045   Thumb Code    66  filter.o(i.LPF_Update)
    LimitValue                               0x08001087   Thumb Code    42  my_math.o(i.LimitValue)
    MemManage_Handler                        0x080010b1   Thumb Code     4  at32f403a_407_int.o(i.MemManage_Handler)
    MotorApplyStrongDrag                     0x080010b5   Thumb Code   230  foc.o(i.MotorApplyStrongDrag)
    MotorSetPwm                              0x080011ad   Thumb Code   218  foc.o(i.MotorSetPwm)
    Mt6701GetAngle                           0x0800129d   Thumb Code   120  mt6701.o(i.Mt6701GetAngle)
    Mt6701GetAngleWrapper                    0x08001321   Thumb Code    10  mt6701.o(i.Mt6701GetAngleWrapper)
    NMI_Handler                              0x08001383   Thumb Code     2  at32f403a_407_int.o(i.NMI_Handler)
    NormalizeAngle                           0x080013c5   Thumb Code    56  foc.o(i.NormalizeAngle)
    SVpwm                                    0x08001401   Thumb Code  1324  svpwm.o(i.SVpwm)
    SetCurrentPIDParams                      0x0800192d   Thumb Code   120  current_control.o(i.SetCurrentPIDParams)
    SetCurrentPIDTar                         0x080019cd   Thumb Code    72  current_control.o(i.SetCurrentPIDTar)
    SysTick_Handler                          0x08001a39   Thumb Code    16  at32f403a_407_int.o(i.SysTick_Handler)
    SystemInit                               0x08001a49   Thumb Code   100  system_at32f403a_407.o(i.SystemInit)
    TMR2_GLOBAL_IRQHandler                   0x08001ab9   Thumb Code   406  at32f403a_407_int.o(i.TMR2_GLOBAL_IRQHandler)
    USART3_IRQHandler                        0x08001c81   Thumb Code    38  at32f403a_407_int.o(i.USART3_IRQHandler)
    USART3_ParseFixedCommand                 0x08001cad   Thumb Code   172  usart3.o(i.USART3_ParseFixedCommand)
    USART3_SendPacket                        0x08001d6d   Thumb Code   146  usart3.o(i.USART3_SendPacket)
    UsageFault_Handler                       0x08001e0d   Thumb Code     4  at32f403a_407_int.o(i.UsageFault_Handler)
    __0printf                                0x08001e11   Thumb Code    22  printfa.o(i.__0printf)
    __1printf                                0x08001e11   Thumb Code     0  printfa.o(i.__0printf)
    __2printf                                0x08001e11   Thumb Code     0  printfa.o(i.__0printf)
    __c89printf                              0x08001e11   Thumb Code     0  printfa.o(i.__0printf)
    printf                                   0x08001e11   Thumb Code     0  printfa.o(i.__0printf)
    __hardfp_fabs                            0x08001e69   Thumb Code    20  fabs.o(i.__hardfp_fabs)
    __hardfp_fmodf                           0x08001e7d   Thumb Code   176  fmodf.o(i.__hardfp_fmodf)
    __mathlib_flt_invalid                    0x08001f2d   Thumb Code    10  funder.o(i.__mathlib_flt_invalid)
    __scatterload_copy                       0x08001f3d   Thumb Code    14  handlers.o(i.__scatterload_copy)
    __scatterload_null                       0x08001f4b   Thumb Code     2  handlers.o(i.__scatterload_null)
    __scatterload_zeroinit                   0x08001f4d   Thumb Code    14  handlers.o(i.__scatterload_zeroinit)
    __set_errno                              0x08001f5d   Thumb Code     6  errno.o(i.__set_errno)
    adc_base_config                          0x080027f3   Thumb Code    44  at32f403a_407_adc.o(i.adc_base_config)
    adc_base_default_para_init               0x0800281f   Thumb Code    14  at32f403a_407_adc.o(i.adc_base_default_para_init)
    adc_calibration_init                     0x0800282d   Thumb Code    12  at32f403a_407_adc.o(i.adc_calibration_init)
    adc_calibration_init_status_get          0x08002839   Thumb Code    18  at32f403a_407_adc.o(i.adc_calibration_init_status_get)
    adc_calibration_start                    0x0800284b   Thumb Code    12  at32f403a_407_adc.o(i.adc_calibration_start)
    adc_calibration_status_get               0x08002857   Thumb Code    18  at32f403a_407_adc.o(i.adc_calibration_status_get)
    adc_combine_mode_select                  0x08002869   Thumb Code    14  at32f403a_407_adc.o(i.adc_combine_mode_select)
    adc_enable                               0x0800287d   Thumb Code    10  at32f403a_407_adc.o(i.adc_enable)
    adc_flag_clear                           0x08002887   Thumb Code     6  at32f403a_407_adc.o(i.adc_flag_clear)
    adc_flag_get                             0x0800288d   Thumb Code    16  at32f403a_407_adc.o(i.adc_flag_get)
    adc_interrupt_enable                     0x0800289d   Thumb Code    22  at32f403a_407_adc.o(i.adc_interrupt_enable)
    adc_interrupt_flag_get                   0x080028b3   Thumb Code    84  at32f403a_407_adc.o(i.adc_interrupt_flag_get)
    adc_ordinary_channel_set                 0x08002907   Thumb Code   168  at32f403a_407_adc.o(i.adc_ordinary_channel_set)
    adc_ordinary_conversion_data_get         0x080029af   Thumb Code     8  at32f403a_407_adc.o(i.adc_ordinary_conversion_data_get)
    adc_ordinary_conversion_trigger_set      0x080029b7   Thumb Code    52  at32f403a_407_adc.o(i.adc_ordinary_conversion_trigger_set)
    adc_ordinary_part_mode_enable            0x080029eb   Thumb Code    10  at32f403a_407_adc.o(i.adc_ordinary_part_mode_enable)
    adc_ordinary_software_trigger_enable     0x080029f5   Thumb Code    10  at32f403a_407_adc.o(i.adc_ordinary_software_trigger_enable)
    adc_preempt_channel_length_set           0x080029ff   Thumb Code    12  at32f403a_407_adc.o(i.adc_preempt_channel_length_set)
    adc_preempt_channel_set                  0x08002a0b   Thumb Code   142  at32f403a_407_adc.o(i.adc_preempt_channel_set)
    adc_preempt_conversion_data_get          0x08002a99   Thumb Code    50  at32f403a_407_adc.o(i.adc_preempt_conversion_data_get)
    adc_preempt_conversion_trigger_set       0x08002acb   Thumb Code    52  at32f403a_407_adc.o(i.adc_preempt_conversion_trigger_set)
    adc_preempt_offset_value_set             0x08002aff   Thumb Code    62  at32f403a_407_adc.o(i.adc_preempt_offset_value_set)
    adc_reset                                0x08002b3d   Thumb Code    84  at32f403a_407_adc.o(i.adc_reset)
    clarke_transform                         0x08002ba1   Thumb Code    30  foc.o(i.clarke_transform)
    comm_task_func                           0x08002bc5   Thumb Code   792  freertos_app.o(i.comm_task_func)
    control_task_func                        0x08002f45   Thumb Code   148  freertos_app.o(i.control_task_func)
    crm_adc_clock_div_set                    0x08002ff5   Thumb Code    28  at32f403a_407_crm.o(i.crm_adc_clock_div_set)
    crm_ahb_div_set                          0x08003015   Thumb Code    14  at32f403a_407_crm.o(i.crm_ahb_div_set)
    crm_apb1_div_set                         0x08003029   Thumb Code    14  at32f403a_407_crm.o(i.crm_apb1_div_set)
    crm_apb2_div_set                         0x0800303d   Thumb Code    14  at32f403a_407_crm.o(i.crm_apb2_div_set)
    crm_auto_step_mode_enable                0x08003051   Thumb Code    34  at32f403a_407_crm.o(i.crm_auto_step_mode_enable)
    crm_clock_source_enable                  0x08003079   Thumb Code    90  at32f403a_407_crm.o(i.crm_clock_source_enable)
    crm_clocks_freq_get                      0x080030d9   Thumb Code   268  at32f403a_407_crm.o(i.crm_clocks_freq_get)
    crm_flag_get                             0x08003205   Thumb Code    42  at32f403a_407_crm.o(i.crm_flag_get)
    crm_hext_stable_wait                     0x08003235   Thumb Code    46  at32f403a_407_crm.o(i.crm_hext_stable_wait)
    crm_periph_clock_enable                  0x08003265   Thumb Code    62  at32f403a_407_crm.o(i.crm_periph_clock_enable)
    crm_periph_reset                         0x080032a9   Thumb Code    62  at32f403a_407_crm.o(i.crm_periph_reset)
    crm_pll_config                           0x080032ed   Thumb Code   118  at32f403a_407_crm.o(i.crm_pll_config)
    crm_reset                                0x08003369   Thumb Code    80  at32f403a_407_crm.o(i.crm_reset)
    crm_sysclk_switch                        0x080033c1   Thumb Code    54  at32f403a_407_crm.o(i.crm_sysclk_switch)
    crm_sysclk_switch_status_get             0x080033fd   Thumb Code    10  at32f403a_407_crm.o(i.crm_sysclk_switch_status_get)
    dma_channel_enable                       0x0800340d   Thumb Code    10  at32f403a_407_dma.o(i.dma_channel_enable)
    dma_data_number_set                      0x08003417   Thumb Code     4  at32f403a_407_dma.o(i.dma_data_number_set)
    dma_default_para_init                    0x0800341b   Thumb Code    24  at32f403a_407_dma.o(i.dma_default_para_init)
    dma_flag_clear                           0x08003435   Thumb Code    22  at32f403a_407_dma.o(i.dma_flag_clear)
    dma_flexible_config                      0x08003455   Thumb Code   152  at32f403a_407_dma.o(i.dma_flexible_config)
    dma_init                                 0x080034ed   Thumb Code    92  at32f403a_407_dma.o(i.dma_init)
    dma_interrupt_enable                     0x08003549   Thumb Code    18  at32f403a_407_dma.o(i.dma_interrupt_enable)
    dma_interrupt_flag_get                   0x0800355d   Thumb Code    36  at32f403a_407_dma.o(i.dma_interrupt_flag_get)
    dma_reset                                0x08003589   Thumb Code   102  at32f403a_407_dma.o(i.dma_reset)
    flash_bank1_operation_status_get         0x08003785   Thumb Code    48  at32f403a_407_flash.o(i.flash_bank1_operation_status_get)
    flash_bank1_operation_wait_for           0x080037b9   Thumb Code    36  at32f403a_407_flash.o(i.flash_bank1_operation_wait_for)
    flash_bank2_operation_status_get         0x080037dd   Thumb Code    48  at32f403a_407_flash.o(i.flash_bank2_operation_status_get)
    flash_bank2_operation_wait_for           0x08003811   Thumb Code    36  at32f403a_407_flash.o(i.flash_bank2_operation_wait_for)
    flash_halfword_program                   0x08003835   Thumb Code   174  at32f403a_407_flash.o(i.flash_halfword_program)
    flash_lock                               0x080038ed   Thumb Code    28  at32f403a_407_flash.o(i.flash_lock)
    flash_sector_erase                       0x0800390d   Thumb Code   214  at32f403a_407_flash.o(i.flash_sector_erase)
    flash_spim_dummy_read                    0x080039ed   Thumb Code    16  at32f403a_407_flash.o(i.flash_spim_dummy_read)
    flash_spim_operation_status_get          0x08003a05   Thumb Code    48  at32f403a_407_flash.o(i.flash_spim_operation_status_get)
    flash_spim_operation_wait_for            0x08003a39   Thumb Code    36  at32f403a_407_flash.o(i.flash_spim_operation_wait_for)
    flash_unlock                             0x08003a5d   Thumb Code    20  at32f403a_407_flash.o(i.flash_unlock)
    foc_params_load                          0x08003a7d   Thumb Code    82  flash_ops.o(i.foc_params_load)
    foc_params_save                          0x08003b1d   Thumb Code   118  flash_ops.o(i.foc_params_save)
    fputc                                    0x08003bf5   Thumb Code    46  usart3.o(i.fputc)
    freertos_semaphore_create                0x08003c29   Thumb Code    18  freertos_app.o(i.freertos_semaphore_create)
    freertos_task_create                     0x08003c41   Thumb Code    64  freertos_app.o(i.freertos_task_create)
    getAdoffset                              0x08003cbd   Thumb Code    68  foc.o(i.getAdoffset)
    gpio_bits_reset                          0x08003d85   Thumb Code     4  at32f403a_407_gpio.o(i.gpio_bits_reset)
    gpio_bits_set                            0x08003d89   Thumb Code     4  at32f403a_407_gpio.o(i.gpio_bits_set)
    gpio_default_para_init                   0x08003d8d   Thumb Code    22  at32f403a_407_gpio.o(i.gpio_default_para_init)
    gpio_init                                0x08003da3   Thumb Code   168  at32f403a_407_gpio.o(i.gpio_init)
    gpio_pin_remap_config                    0x08003e4d   Thumb Code    70  at32f403a_407_gpio.o(i.gpio_pin_remap_config)
    led_get                                  0x08003f65   Thumb Code     6  led.o(i.led_get)
    led_init                                 0x08003f6b   Thumb Code    14  led.o(i.led_init)
    led_set                                  0x08003f79   Thumb Code    34  led.o(i.led_set)
    main                                     0x08003f9d   Thumb Code    72  main.o(i.main)
    nvic_irq_enable                          0x08003ff1   Thumb Code   190  at32f403a_407_misc.o(i.nvic_irq_enable)
    nvic_priority_group_config               0x080040b9   Thumb Code    32  at32f403a_407_misc.o(i.nvic_priority_group_config)
    park_transform                           0x080040e1   Thumb Code    88  foc.o(i.park_transform)
    pvPortMalloc                             0x08004b59   Thumb Code   338  heap_4.o(i.pvPortMalloc)
    pxPortInitialiseStack                    0x08004cc5   Thumb Code    38  include_port.o(i.pxPortInitialiseStack)
    spi_default_para_init                    0x08004d99   Thumb Code    22  at32f403a_407_spi.o(i.spi_default_para_init)
    spi_enable                               0x08004daf   Thumb Code    10  at32f403a_407_spi.o(i.spi_enable)
    spi_i2s_data_receive                     0x08004db9   Thumb Code     8  at32f403a_407_spi.o(i.spi_i2s_data_receive)
    spi_i2s_data_transmit                    0x08004dc1   Thumb Code     4  at32f403a_407_spi.o(i.spi_i2s_data_transmit)
    spi_i2s_flag_get                         0x08004dc5   Thumb Code    16  at32f403a_407_spi.o(i.spi_i2s_flag_get)
    spi_init                                 0x08004dd5   Thumb Code   292  at32f403a_407_spi.o(i.spi_init)
    system_core_clock_update                 0x08004ef9   Thumb Code   222  system_at32f403a_407.o(i.system_core_clock_update)
    tmr_base_init                            0x08004ff1   Thumb Code    16  at32f403a_407_tmr.o(i.tmr_base_init)
    tmr_brkdt_config                         0x08005001   Thumb Code    72  at32f403a_407_tmr.o(i.tmr_brkdt_config)
    tmr_channel_value_set                    0x08005049   Thumb Code    40  at32f403a_407_tmr.o(i.tmr_channel_value_set)
    tmr_clock_source_div_set                 0x08005071   Thumb Code    10  at32f403a_407_tmr.o(i.tmr_clock_source_div_set)
    tmr_cnt_dir_set                          0x0800507b   Thumb Code    10  at32f403a_407_tmr.o(i.tmr_cnt_dir_set)
    tmr_counter_enable                       0x08005085   Thumb Code    10  at32f403a_407_tmr.o(i.tmr_counter_enable)
    tmr_flag_clear                           0x0800508f   Thumb Code     6  at32f403a_407_tmr.o(i.tmr_flag_clear)
    tmr_interrupt_enable                     0x08005095   Thumb Code    22  at32f403a_407_tmr.o(i.tmr_interrupt_enable)
    tmr_output_channel_buffer_enable         0x080050ab   Thumb Code    66  at32f403a_407_tmr.o(i.tmr_output_channel_buffer_enable)
    tmr_output_channel_config                0x080050ed   Thumb Code   416  at32f403a_407_tmr.o(i.tmr_output_channel_config)
    tmr_output_channel_immediately_set       0x0800528d   Thumb Code    66  at32f403a_407_tmr.o(i.tmr_output_channel_immediately_set)
    tmr_output_enable                        0x080052cf   Thumb Code    10  at32f403a_407_tmr.o(i.tmr_output_enable)
    tmr_period_buffer_enable                 0x080052d9   Thumb Code    10  at32f403a_407_tmr.o(i.tmr_period_buffer_enable)
    tmr_primary_mode_select                  0x080052e3   Thumb Code    10  at32f403a_407_tmr.o(i.tmr_primary_mode_select)
    tmr_repetition_counter_set               0x080052ed   Thumb Code    10  at32f403a_407_tmr.o(i.tmr_repetition_counter_set)
    tmr_sub_sync_mode_set                    0x080052f7   Thumb Code    10  at32f403a_407_tmr.o(i.tmr_sub_sync_mode_set)
    usart_data_receive                       0x08005301   Thumb Code     8  at32f403a_407_usart.o(i.usart_data_receive)
    usart_data_transmit                      0x08005309   Thumb Code     8  at32f403a_407_usart.o(i.usart_data_transmit)
    usart_dma_transmitter_enable             0x08005311   Thumb Code    10  at32f403a_407_usart.o(i.usart_dma_transmitter_enable)
    usart_enable                             0x0800531b   Thumb Code    10  at32f403a_407_usart.o(i.usart_enable)
    usart_flag_clear                         0x08005325   Thumb Code    18  at32f403a_407_usart.o(i.usart_flag_clear)
    usart_flag_get                           0x08005337   Thumb Code    16  at32f403a_407_usart.o(i.usart_flag_get)
    usart_hardware_flow_control_set          0x08005347   Thumb Code   102  at32f403a_407_usart.o(i.usart_hardware_flow_control_set)
    usart_init                               0x080053ad   Thumb Code   114  at32f403a_407_usart.o(i.usart_init)
    usart_interrupt_enable                   0x0800542d   Thumb Code    54  at32f403a_407_usart.o(i.usart_interrupt_enable)
    usart_interrupt_flag_get                 0x08005463   Thumb Code   176  at32f403a_407_usart.o(i.usart_interrupt_flag_get)
    usart_parity_selection_config            0x08005513   Thumb Code    76  at32f403a_407_usart.o(i.usart_parity_selection_config)
    usart_receiver_enable                    0x0800555f   Thumb Code    10  at32f403a_407_usart.o(i.usart_receiver_enable)
    usart_transmitter_enable                 0x08005569   Thumb Code    10  at32f403a_407_usart.o(i.usart_transmitter_enable)
    uxListRemove                             0x08005573   Thumb Code    40  list.o(i.uxListRemove)
    vApplicationGetIdleTaskMemory            0x0800559d   Thumb Code    14  freertos_app.o(i.vApplicationGetIdleTaskMemory)
    vApplicationGetTimerTaskMemory           0x080055b5   Thumb Code    16  freertos_app.o(i.vApplicationGetTimerTaskMemory)
    vListInitialise                          0x080055cd   Thumb Code    26  list.o(i.vListInitialise)
    vListInitialiseItem                      0x080055e7   Thumb Code     6  list.o(i.vListInitialiseItem)
    vListInsert                              0x080055ed   Thumb Code    52  list.o(i.vListInsert)
    vListInsertEnd                           0x08005621   Thumb Code    24  list.o(i.vListInsertEnd)
    vPortEnterCritical                       0x08005639   Thumb Code    76  include_port.o(i.vPortEnterCritical)
    vPortExitCritical                        0x0800568d   Thumb Code    56  include_port.o(i.vPortExitCritical)
    vPortFree                                0x080056c9   Thumb Code   150  heap_4.o(i.vPortFree)
    vPortSetupTimerInterrupt                 0x0800576d   Thumb Code    36  include_port.o(i.vPortSetupTimerInterrupt)
    vPortValidateInterruptPriority           0x08005795   Thumb Code   106  include_port.o(i.vPortValidateInterruptPriority)
    vQueueAddToRegistry                      0x0800580d   Thumb Code    38  queue.o(i.vQueueAddToRegistry)
    vQueueWaitForMessageRestricted           0x08005839   Thumb Code    74  queue.o(i.vQueueWaitForMessageRestricted)
    vTaskDelay                               0x08005885   Thumb Code    82  tasks.o(i.vTaskDelay)
    vTaskInternalSetTimeOutState             0x080058e1   Thumb Code    14  tasks.o(i.vTaskInternalSetTimeOutState)
    vTaskMissedYield                         0x080058f9   Thumb Code     8  tasks.o(i.vTaskMissedYield)
    vTaskPlaceOnEventList                    0x08005905   Thumb Code    52  tasks.o(i.vTaskPlaceOnEventList)
    vTaskPlaceOnEventListRestricted          0x0800593d   Thumb Code    60  tasks.o(i.vTaskPlaceOnEventListRestricted)
    vTaskStartScheduler                      0x0800597d   Thumb Code   160  tasks.o(i.vTaskStartScheduler)
    vTaskSuspendAll                          0x08005a3d   Thumb Code    12  tasks.o(i.vTaskSuspendAll)
    vTaskSwitchContext                       0x08005a4d   Thumb Code   122  tasks.o(i.vTaskSwitchContext)
    wk_adc1_init                             0x08005add   Thumb Code   294  wk_adc.o(i.wk_adc1_init)
    wk_debug_config                          0x08005c0d   Thumb Code    12  wk_debug.o(i.wk_debug_config)
    wk_dma1_channel1_init                    0x08005c1d   Thumb Code    76  wk_dma.o(i.wk_dma1_channel1_init)
    wk_dma_channel_config                    0x08005c6d   Thumb Code     8  wk_dma.o(i.wk_dma_channel_config)
    wk_freertos_init                         0x08005c75   Thumb Code    24  freertos_app.o(i.wk_freertos_init)
    wk_gpio_config                           0x08005c8d   Thumb Code    98  wk_gpio.o(i.wk_gpio_config)
    wk_nvic_config                           0x08005cf5   Thumb Code   232  at32f403a_407_wk_config.o(i.wk_nvic_config)
    wk_periph_clock_config                   0x08005ddd   Thumb Code   100  at32f403a_407_wk_config.o(i.wk_periph_clock_config)
    wk_spi1_init                             0x08005e49   Thumb Code   182  wk_spi.o(i.wk_spi1_init)
    wk_system_clock_config                   0x08005f09   Thumb Code   146  at32f403a_407_wk_config.o(i.wk_system_clock_config)
    wk_tmr1_init                             0x08005fa1   Thumb Code   690  wk_tmr.o(i.wk_tmr1_init)
    wk_tmr2_init                             0x08006261   Thumb Code    76  wk_tmr.o(i.wk_tmr2_init)
    wk_usart3_init                           0x080062ad   Thumb Code   142  wk_usart.o(i.wk_usart3_init)
    xPortStartScheduler                      0x08006349   Thumb Code   330  include_port.o(i.xPortStartScheduler)
    xPortSysTickHandler                      0x080064b1   Thumb Code    46  include_port.o(i.xPortSysTickHandler)
    xQueueGenericCreate                      0x080064e5   Thumb Code   168  queue.o(i.xQueueGenericCreate)
    xQueueGenericCreateStatic                0x0800658d   Thumb Code   224  queue.o(i.xQueueGenericCreateStatic)
    xQueueGenericReset                       0x0800666d   Thumb Code   146  queue.o(i.xQueueGenericReset)
    xQueueGenericSend                        0x08006705   Thumb Code   420  queue.o(i.xQueueGenericSend)
    xQueueGenericSendFromISR                 0x080068ad   Thumb Code   288  queue.o(i.xQueueGenericSendFromISR)
    xQueueReceive                            0x080069cd   Thumb Code   356  queue.o(i.xQueueReceive)
    xTaskCheckForTimeOut                     0x08006b35   Thumb Code   136  tasks.o(i.xTaskCheckForTimeOut)
    xTaskCreateStatic                        0x08006bc5   Thumb Code   186  tasks.o(i.xTaskCreateStatic)
    xTaskGetSchedulerState                   0x08006c81   Thumb Code    24  tasks.o(i.xTaskGetSchedulerState)
    xTaskGetTickCount                        0x08006ca1   Thumb Code     6  tasks.o(i.xTaskGetTickCount)
    xTaskIncrementTick                       0x08006cad   Thumb Code   280  tasks.o(i.xTaskIncrementTick)
    xTaskPriorityDisinherit                  0x08006df1   Thumb Code   152  tasks.o(i.xTaskPriorityDisinherit)
    xTaskRemoveFromEventList                 0x08006e95   Thumb Code   126  tasks.o(i.xTaskRemoveFromEventList)
    xTaskResumeAll                           0x08006f2d   Thumb Code   222  tasks.o(i.xTaskResumeAll)
    xTimerCreateTimerTask                    0x08007031   Thumb Code   100  timers.o(i.xTimerCreateTimerTask)
    xTimerGenericCommand                     0x080070a9   Thumb Code   128  timers.o(i.xTimerGenericCommand)
    Region$$Table$$Base                      0x08007164   Number         0  anon$$obj.o(Region$$Table)
    Region$$Table$$Limit                     0x08007184   Number         0  anon$$obj.o(Region$$Table)
    adcVbus                                  0x20000004   Data           2  freertos_app.o(.data)
    dcVbus                                   0x20000008   Data           4  freertos_app.o(.data)
    uabcEnabled                              0x20000014   Data           1  freertos_app.o(.data)
    adcEnabled                               0x20000015   Data           1  freertos_app.o(.data)
    tabcEnabled                              0x20000016   Data           1  freertos_app.o(.data)
    IabcEnabled                              0x20000017   Data           1  freertos_app.o(.data)
    UAlpha_BetaEnabled                       0x20000018   Data           1  freertos_app.o(.data)
    IAlpha_BetaEnabled                       0x20000019   Data           1  freertos_app.o(.data)
    IQ_ID_Enabled                            0x2000001a   Data           1  freertos_app.o(.data)
    comm_task_handle                         0x2000001c   Data           4  freertos_app.o(.data)
    control_task_handle                      0x20000020   Data           4  freertos_app.o(.data)
    usart3_dma_tx_sem_handle                 0x20000024   Data           4  freertos_app.o(.data)
    system_core_clock                        0x20000034   Data           4  system_at32f403a_407.o(.data)
    usart3_tx_dma_status                     0x20000038   Data           1  usart3.o(.data)
    g_commCmd                                0x20000043   Data           1  usart3.o(.data)
    g_cmdData                                0x20000044   Data           4  usart3.o(.data)
    g_mt6701                                 0x20000048   Data          16  mt6701.o(.data)
    g_udc                                    0x20000058   Data           4  foc.o(.data)
    zero                                     0x2000005c   Data           4  foc.o(.data)
    g_ADoffest                               0x20000060   Data           6  foc.o(.data)
    cnt                                      0x20000068   Data           4  foc.o(.data)
    g_pMotor                                 0x2000006c   Data           4  foc.o(.data)
    g_pwmA                                   0x20000070   Data           4  foc.o(.data)
    g_pwmB                                   0x20000074   Data           4  foc.o(.data)
    g_pwmC                                   0x20000078   Data           4  foc.o(.data)
    TpSVpwm                                  0x2000007c   Data          76  svpwm.o(.data)
    PSVpwm                                   0x200000c8   Data           4  svpwm.o(.data)
    PM1_LPF                                  0x200000cc   Data           4  filter.o(.data)
    M1_LPF_Speed                             0x200000d0   Data           8  filter.o(.data)
    PM1_LPF_Speed                            0x200000d8   Data           4  filter.o(.data)
    pxCurrentTCB                             0x200000dc   Data           4  tasks.o(.data)
    uxTopUsedPriority                        0x20000114   Data           4  tasks.o(.data)
    __stdout                                 0x20000150   Data           4  stdout.o(.data)
    comm_task_stack                          0x20000174   Data        1024  freertos_app.o(.bss)
    control_task_stack                       0x20000574   Data        1024  freertos_app.o(.bss)
    comm_task_buffer                         0x20000974   Data          92  freertos_app.o(.bss)
    control_task_buffer                      0x200009d0   Data          92  freertos_app.o(.bss)
    uart3_tx_buffer                          0x200010e4   Data          16  usart3.o(.bss)
    g_readback                               0x200010f4   Data          16  flash_ops.o(.bss)
    g_params                                 0x20001104   Data          16  flash_ops.o(.bss)
    g_motorAdValues                          0x20001114   Data          12  foc.o(.bss)
    Motor                                    0x20001120   Data         184  foc.o(.bss)
    M1_LPF                                   0x200011d8   Data          16  filter.o(.bss)
    xQueueRegistry                           0x200011e8   Data          64  queue.o(.bss)
    __initial_sp                             0x200040e8   Data           0  startup_at32f403a_407.o(STACK)



==============================================================================

Memory Map of the image

  Image Entry point : 0x08000185

  Load Region LR_IROM1 (Base: 0x08000000, Size: 0x000072dc, Max: 0x00040000, ABSOLUTE, COMPRESSED[0x000071b4])

    Execution Region ER_IROM1 (Exec base: 0x08000000, Load base: 0x08000000, Size: 0x00007184, Max: 0x00040000, ABSOLUTE)

    Exec Addr    Load Addr    Size         Type   Attr      Idx    E Section Name        Object

    0x08000000   0x08000000   0x00000184   Data   RO         2574    RESET               startup_at32f403a_407.o
    0x08000184   0x08000184   0x00000000   Code   RO         4333  * .ARM.Collect$$$$00000000  mc_w.l(entry.o)
    0x08000184   0x08000184   0x00000004   Code   RO         4629    .ARM.Collect$$$$00000001  mc_w.l(entry2.o)
    0x08000188   0x08000188   0x00000004   Code   RO         4632    .ARM.Collect$$$$00000004  mc_w.l(entry5.o)
    0x0800018c   0x0800018c   0x00000000   Code   RO         4634    .ARM.Collect$$$$00000008  mc_w.l(entry7b.o)
    0x0800018c   0x0800018c   0x00000000   Code   RO         4636    .ARM.Collect$$$$0000000A  mc_w.l(entry8b.o)
    0x0800018c   0x0800018c   0x00000008   Code   RO         4637    .ARM.Collect$$$$0000000B  mc_w.l(entry9a.o)
    0x08000194   0x08000194   0x00000004   Code   RO         4644    .ARM.Collect$$$$0000000E  mc_w.l(entry12b.o)
    0x08000198   0x08000198   0x00000000   Code   RO         4639    .ARM.Collect$$$$0000000F  mc_w.l(entry10a.o)
    0x08000198   0x08000198   0x00000000   Code   RO         4641    .ARM.Collect$$$$00000011  mc_w.l(entry11a.o)
    0x08000198   0x08000198   0x00000004   Code   RO         4630    .ARM.Collect$$$$00002712  mc_w.l(entry2.o)
    0x0800019c   0x0800019c   0x000000be   Code   RO          518    .emb_text           include_port.o
    0x0800025a   0x0800025a   0x00000002   PAD
    0x0800025c   0x0800025c   0x00000024   Code   RO         2575    .text               startup_at32f403a_407.o
    0x08000280   0x08000280   0x00000024   Code   RO         4336    .text               mc_w.l(memcpya.o)
    0x080002a4   0x080002a4   0x00000024   Code   RO         4340    .text               mc_w.l(memseta.o)
    0x080002c8   0x080002c8   0x00000026   Code   RO         4607    .text               mf_w.l(f2d.o)
    0x080002ee   0x080002ee   0x00000002   PAD
    0x080002f0   0x080002f0   0x00000030   Code   RO         4609    .text               mf_w.l(cdcmple.o)
    0x08000320   0x08000320   0x00000030   Code   RO         4611    .text               mf_w.l(cdrcmple.o)
    0x08000350   0x08000350   0x00000038   Code   RO         4613    .text               mf_w.l(d2f.o)
    0x08000388   0x08000388   0x0000002c   Code   RO         4646    .text               mc_w.l(uidiv.o)
    0x080003b4   0x080003b4   0x00000062   Code   RO         4648    .text               mc_w.l(uldiv.o)
    0x08000416   0x08000416   0x00000000   Code   RO         4657    .text               mc_w.l(iusefp.o)
    0x08000416   0x08000416   0x0000006e   Code   RO         4658    .text               mf_w.l(fepilogue.o)
    0x08000484   0x08000484   0x00000052   Code   RO         4660    .text               mf_w.l(frem.o)
    0x080004d6   0x080004d6   0x0000014e   Code   RO         4662    .text               mf_w.l(dadd.o)
    0x08000624   0x08000624   0x000000e4   Code   RO         4664    .text               mf_w.l(dmul.o)
    0x08000708   0x08000708   0x000000de   Code   RO         4666    .text               mf_w.l(ddiv.o)
    0x080007e6   0x080007e6   0x00000030   Code   RO         4668    .text               mf_w.l(dfixul.o)
    0x08000816   0x08000816   0x00000002   PAD
    0x08000818   0x08000818   0x00000024   Code   RO         4670    .text               mc_w.l(init.o)
    0x0800083c   0x0800083c   0x0000001e   Code   RO         4672    .text               mc_w.l(llshl.o)
    0x0800085a   0x0800085a   0x00000020   Code   RO         4674    .text               mc_w.l(llushr.o)
    0x0800087a   0x0800087a   0x00000024   Code   RO         4676    .text               mc_w.l(llsshr.o)
    0x0800089e   0x0800089e   0x000000ba   Code   RO         4678    .text               mf_w.l(depilogue.o)
    0x08000958   0x08000958   0x00000056   Code   RO         4688    .text               mc_w.l(__dczerorl2.o)
    0x080009ae   0x080009ae   0x00000002   PAD
    0x080009b0   0x080009b0   0x00000058   Code   RO          233    i.ADC1_2_IRQHandler  at32f403a_407_int.o
    0x08000a08   0x08000a08   0x00000040   Code   RO         2851    i.AngleGetCorrectedElec  foc.o
    0x08000a48   0x08000a48   0x000000bc   Code   RO         2852    i.AngleInitZeroOffset  foc.o
    0x08000b04   0x08000b04   0x00000004   Code   RO          234    i.BusFault_Handler  at32f403a_407_int.o
    0x08000b08   0x08000b08   0x00000040   Code   RO         2853    i.CalculateElectricalAngle  foc.o
    0x08000b48   0x08000b48   0x0000015a   Code   RO         3015    i.CurrentPIControlID  current_control.o
    0x08000ca2   0x08000ca2   0x0000015e   Code   RO         3016    i.CurrentPIControlIQ  current_control.o
    0x08000e00   0x08000e00   0x00000028   Code   RO          235    i.DMA1_Channel1_IRQHandler  at32f403a_407_int.o
    0x08000e28   0x08000e28   0x00000002   Code   RO          236    i.DebugMon_Handler  at32f403a_407_int.o
    0x08000e2a   0x08000e2a   0x00000002   PAD
    0x08000e2c   0x08000e2c   0x000001b8   Code   RO         2854    i.FocContorl        foc.o
    0x08000fe4   0x08000fe4   0x00000004   Code   RO          237    i.HardFault_Handler  at32f403a_407_int.o
    0x08000fe8   0x08000fe8   0x0000005c   Code   RO         3061    i.LPF_Init          filter.o
    0x08001044   0x08001044   0x00000042   Code   RO         3064    i.LPF_Update        filter.o
    0x08001086   0x08001086   0x0000002a   Code   RO         3110    i.LimitValue        my_math.o
    0x080010b0   0x080010b0   0x00000004   Code   RO          238    i.MemManage_Handler  at32f403a_407_int.o
    0x080010b4   0x080010b4   0x000000f8   Code   RO         2855    i.MotorApplyStrongDrag  foc.o
    0x080011ac   0x080011ac   0x000000f0   Code   RO         2856    i.MotorSetPwm       foc.o
    0x0800129c   0x0800129c   0x00000084   Code   RO         2719    i.Mt6701GetAngle    mt6701.o
    0x08001320   0x08001320   0x00000010   Code   RO         2720    i.Mt6701GetAngleWrapper  mt6701.o
    0x08001330   0x08001330   0x00000052   Code   RO         2721    i.Mt6701SpiReadByte  mt6701.o
    0x08001382   0x08001382   0x00000002   Code   RO          239    i.NMI_Handler       at32f403a_407_int.o
    0x08001384   0x08001384   0x00000040   Code   RO          178    i.NVIC_EncodePriority  at32f403a_407_wk_config.o
    0x080013c4   0x080013c4   0x0000003c   Code   RO         2857    i.NormalizeAngle    foc.o
    0x08001400   0x08001400   0x0000052c   Code   RO         2985    i.SVpwm             svpwm.o
    0x0800192c   0x0800192c   0x000000a0   Code   RO         3017    i.SetCurrentPIDParams  current_control.o
    0x080019cc   0x080019cc   0x0000006c   Code   RO         3018    i.SetCurrentPIDTar  current_control.o
    0x08001a38   0x08001a38   0x00000010   Code   RO          240    i.SysTick_Handler   at32f403a_407_int.o
    0x08001a48   0x08001a48   0x00000070   Code   RO         2582    i.SystemInit        system_at32f403a_407.o
    0x08001ab8   0x08001ab8   0x000001c8   Code   RO          241    i.TMR2_GLOBAL_IRQHandler  at32f403a_407_int.o
    0x08001c80   0x08001c80   0x0000002c   Code   RO          242    i.USART3_IRQHandler  at32f403a_407_int.o
    0x08001cac   0x08001cac   0x000000c0   Code   RO         2619    i.USART3_ParseFixedCommand  usart3.o
    0x08001d6c   0x08001d6c   0x000000a0   Code   RO         2620    i.USART3_SendPacket  usart3.o
    0x08001e0c   0x08001e0c   0x00000004   Code   RO          243    i.UsageFault_Handler  at32f403a_407_int.o
    0x08001e10   0x08001e10   0x00000020   Code   RO         4577    i.__0printf         mc_w.l(printfa.o)
    0x08001e30   0x08001e30   0x00000010   Code   RO          179    i.__NVIC_GetPriorityGrouping  at32f403a_407_wk_config.o
    0x08001e40   0x08001e40   0x00000028   Code   RO          180    i.__NVIC_SetPriority  at32f403a_407_wk_config.o
    0x08001e68   0x08001e68   0x00000014   Code   RO         4315    i.__hardfp_fabs     m_wm.l(fabs.o)
    0x08001e7c   0x08001e7c   0x000000b0   Code   RO         4321    i.__hardfp_fmodf    m_wm.l(fmodf.o)
    0x08001f2c   0x08001f2c   0x00000010   Code   RO         4618    i.__mathlib_flt_invalid  m_wm.l(funder.o)
    0x08001f3c   0x08001f3c   0x0000000e   Code   RO         4682    i.__scatterload_copy  mc_w.l(handlers.o)
    0x08001f4a   0x08001f4a   0x00000002   Code   RO         4683    i.__scatterload_null  mc_w.l(handlers.o)
    0x08001f4c   0x08001f4c   0x0000000e   Code   RO         4684    i.__scatterload_zeroinit  mc_w.l(handlers.o)
    0x08001f5a   0x08001f5a   0x00000002   PAD
    0x08001f5c   0x08001f5c   0x0000000c   Code   RO         4652    i.__set_errno       mc_w.l(errno.o)
    0x08001f68   0x08001f68   0x00000184   Code   RO         4584    i._fp_digits        mc_w.l(printfa.o)
    0x080020ec   0x080020ec   0x000006b4   Code   RO         4585    i._printf_core      mc_w.l(printfa.o)
    0x080027a0   0x080027a0   0x00000024   Code   RO         4586    i._printf_post_padding  mc_w.l(printfa.o)
    0x080027c4   0x080027c4   0x0000002e   Code   RO         4587    i._printf_pre_padding  mc_w.l(printfa.o)
    0x080027f2   0x080027f2   0x0000002c   Code   RO         1706    i.adc_base_config   at32f403a_407_adc.o
    0x0800281e   0x0800281e   0x0000000e   Code   RO         1707    i.adc_base_default_para_init  at32f403a_407_adc.o
    0x0800282c   0x0800282c   0x0000000c   Code   RO         1708    i.adc_calibration_init  at32f403a_407_adc.o
    0x08002838   0x08002838   0x00000012   Code   RO         1709    i.adc_calibration_init_status_get  at32f403a_407_adc.o
    0x0800284a   0x0800284a   0x0000000c   Code   RO         1710    i.adc_calibration_start  at32f403a_407_adc.o
    0x08002856   0x08002856   0x00000012   Code   RO         1711    i.adc_calibration_status_get  at32f403a_407_adc.o
    0x08002868   0x08002868   0x00000014   Code   RO         1712    i.adc_combine_mode_select  at32f403a_407_adc.o
    0x0800287c   0x0800287c   0x0000000a   Code   RO         1715    i.adc_enable        at32f403a_407_adc.o
    0x08002886   0x08002886   0x00000006   Code   RO         1716    i.adc_flag_clear    at32f403a_407_adc.o
    0x0800288c   0x0800288c   0x00000010   Code   RO         1717    i.adc_flag_get      at32f403a_407_adc.o
    0x0800289c   0x0800289c   0x00000016   Code   RO         1718    i.adc_interrupt_enable  at32f403a_407_adc.o
    0x080028b2   0x080028b2   0x00000054   Code   RO         1719    i.adc_interrupt_flag_get  at32f403a_407_adc.o
    0x08002906   0x08002906   0x000000a8   Code   RO         1720    i.adc_ordinary_channel_set  at32f403a_407_adc.o
    0x080029ae   0x080029ae   0x00000008   Code   RO         1721    i.adc_ordinary_conversion_data_get  at32f403a_407_adc.o
    0x080029b6   0x080029b6   0x00000034   Code   RO         1722    i.adc_ordinary_conversion_trigger_set  at32f403a_407_adc.o
    0x080029ea   0x080029ea   0x0000000a   Code   RO         1724    i.adc_ordinary_part_mode_enable  at32f403a_407_adc.o
    0x080029f4   0x080029f4   0x0000000a   Code   RO         1725    i.adc_ordinary_software_trigger_enable  at32f403a_407_adc.o
    0x080029fe   0x080029fe   0x0000000c   Code   RO         1728    i.adc_preempt_channel_length_set  at32f403a_407_adc.o
    0x08002a0a   0x08002a0a   0x0000008e   Code   RO         1729    i.adc_preempt_channel_set  at32f403a_407_adc.o
    0x08002a98   0x08002a98   0x00000032   Code   RO         1730    i.adc_preempt_conversion_data_get  at32f403a_407_adc.o
    0x08002aca   0x08002aca   0x00000034   Code   RO         1731    i.adc_preempt_conversion_trigger_set  at32f403a_407_adc.o
    0x08002afe   0x08002afe   0x0000003e   Code   RO         1732    i.adc_preempt_offset_value_set  at32f403a_407_adc.o
    0x08002b3c   0x08002b3c   0x00000064   Code   RO         1736    i.adc_reset         at32f403a_407_adc.o
    0x08002ba0   0x08002ba0   0x00000024   Code   RO         2859    i.clarke_transform  foc.o
    0x08002bc4   0x08002bc4   0x00000380   Code   RO          421    i.comm_task_func    freertos_app.o
    0x08002f44   0x08002f44   0x000000b0   Code   RO          422    i.control_task_func  freertos_app.o
    0x08002ff4   0x08002ff4   0x00000020   Code   RO          703    i.crm_adc_clock_div_set  at32f403a_407_crm.o
    0x08003014   0x08003014   0x00000014   Code   RO          704    i.crm_ahb_div_set   at32f403a_407_crm.o
    0x08003028   0x08003028   0x00000014   Code   RO          705    i.crm_apb1_div_set  at32f403a_407_crm.o
    0x0800303c   0x0800303c   0x00000014   Code   RO          706    i.crm_apb2_div_set  at32f403a_407_crm.o
    0x08003050   0x08003050   0x00000028   Code   RO          707    i.crm_auto_step_mode_enable  at32f403a_407_crm.o
    0x08003078   0x08003078   0x00000060   Code   RO          713    i.crm_clock_source_enable  at32f403a_407_crm.o
    0x080030d8   0x080030d8   0x0000012c   Code   RO          714    i.crm_clocks_freq_get  at32f403a_407_crm.o
    0x08003204   0x08003204   0x00000030   Code   RO          716    i.crm_flag_get      at32f403a_407_crm.o
    0x08003234   0x08003234   0x0000002e   Code   RO          719    i.crm_hext_stable_wait  at32f403a_407_crm.o
    0x08003262   0x08003262   0x00000002   PAD
    0x08003264   0x08003264   0x00000044   Code   RO          727    i.crm_periph_clock_enable  at32f403a_407_crm.o
    0x080032a8   0x080032a8   0x00000044   Code   RO          728    i.crm_periph_reset  at32f403a_407_crm.o
    0x080032ec   0x080032ec   0x0000007c   Code   RO          730    i.crm_pll_config    at32f403a_407_crm.o
    0x08003368   0x08003368   0x00000058   Code   RO          731    i.crm_reset         at32f403a_407_crm.o
    0x080033c0   0x080033c0   0x0000003c   Code   RO          734    i.crm_sysclk_switch  at32f403a_407_crm.o
    0x080033fc   0x080033fc   0x00000010   Code   RO          735    i.crm_sysclk_switch_status_get  at32f403a_407_crm.o
    0x0800340c   0x0800340c   0x0000000a   Code   RO         2096    i.dma_channel_enable  at32f403a_407_dma.o
    0x08003416   0x08003416   0x00000004   Code   RO         2098    i.dma_data_number_set  at32f403a_407_dma.o
    0x0800341a   0x0800341a   0x00000018   Code   RO         2099    i.dma_default_para_init  at32f403a_407_dma.o
    0x08003432   0x08003432   0x00000002   PAD
    0x08003434   0x08003434   0x00000020   Code   RO         2100    i.dma_flag_clear    at32f403a_407_dma.o
    0x08003454   0x08003454   0x00000098   Code   RO         2102    i.dma_flexible_config  at32f403a_407_dma.o
    0x080034ec   0x080034ec   0x0000005c   Code   RO         2103    i.dma_init          at32f403a_407_dma.o
    0x08003548   0x08003548   0x00000012   Code   RO         2104    i.dma_interrupt_enable  at32f403a_407_dma.o
    0x0800355a   0x0800355a   0x00000002   PAD
    0x0800355c   0x0800355c   0x0000002c   Code   RO         2105    i.dma_interrupt_flag_get  at32f403a_407_dma.o
    0x08003588   0x08003588   0x00000070   Code   RO         2106    i.dma_reset         at32f403a_407_dma.o
    0x080035f8   0x080035f8   0x000000c4   Code   RO         2860    i.fast_cos          foc.o
    0x080036bc   0x080036bc   0x000000c8   Code   RO         2861    i.fast_sin          foc.o
    0x08003784   0x08003784   0x00000034   Code   RO         2182    i.flash_bank1_operation_status_get  at32f403a_407_flash.o
    0x080037b8   0x080037b8   0x00000024   Code   RO         2183    i.flash_bank1_operation_wait_for  at32f403a_407_flash.o
    0x080037dc   0x080037dc   0x00000034   Code   RO         2187    i.flash_bank2_operation_status_get  at32f403a_407_flash.o
    0x08003810   0x08003810   0x00000024   Code   RO         2188    i.flash_bank2_operation_wait_for  at32f403a_407_flash.o
    0x08003834   0x08003834   0x000000b8   Code   RO         2198    i.flash_halfword_program  at32f403a_407_flash.o
    0x080038ec   0x080038ec   0x00000020   Code   RO         2201    i.flash_lock        at32f403a_407_flash.o
    0x0800390c   0x0800390c   0x000000e0   Code   RO         2204    i.flash_sector_erase  at32f403a_407_flash.o
    0x080039ec   0x080039ec   0x00000018   Code   RO         2213    i.flash_spim_dummy_read  at32f403a_407_flash.o
    0x08003a04   0x08003a04   0x00000034   Code   RO         2218    i.flash_spim_operation_status_get  at32f403a_407_flash.o
    0x08003a38   0x08003a38   0x00000024   Code   RO         2219    i.flash_spim_operation_wait_for  at32f403a_407_flash.o
    0x08003a5c   0x08003a5c   0x00000020   Code   RO         2223    i.flash_unlock      at32f403a_407_flash.o
    0x08003a7c   0x08003a7c   0x000000a0   Code   RO         2760    i.foc_params_load   flash_ops.o
    0x08003b1c   0x08003b1c   0x000000d8   Code   RO         2761    i.foc_params_save   flash_ops.o
    0x08003bf4   0x08003bf4   0x00000034   Code   RO         2621    i.fputc             usart3.o
    0x08003c28   0x08003c28   0x00000018   Code   RO          423    i.freertos_semaphore_create  freertos_app.o
    0x08003c40   0x08003c40   0x0000007c   Code   RO          424    i.freertos_task_create  freertos_app.o
    0x08003cbc   0x08003cbc   0x0000004c   Code   RO         2862    i.getAdoffset       foc.o
    0x08003d08   0x08003d08   0x0000007c   Code   RO          425    i.getVbus           freertos_app.o
    0x08003d84   0x08003d84   0x00000004   Code   RO         1292    i.gpio_bits_reset   at32f403a_407_gpio.o
    0x08003d88   0x08003d88   0x00000004   Code   RO         1293    i.gpio_bits_set     at32f403a_407_gpio.o
    0x08003d8c   0x08003d8c   0x00000016   Code   RO         1296    i.gpio_default_para_init  at32f403a_407_gpio.o
    0x08003da2   0x08003da2   0x000000a8   Code   RO         1300    i.gpio_init         at32f403a_407_gpio.o
    0x08003e4a   0x08003e4a   0x00000002   PAD
    0x08003e4c   0x08003e4c   0x0000004c   Code   RO         1306    i.gpio_pin_remap_config  at32f403a_407_gpio.o
    0x08003e98   0x08003e98   0x00000074   Code   RO         2863    i.inv_clarke_transform  foc.o
    0x08003f0c   0x08003f0c   0x00000058   Code   RO         2864    i.inv_park_transform  foc.o
    0x08003f64   0x08003f64   0x00000006   Code   RO         2683    i.led_get           led.o
    0x08003f6a   0x08003f6a   0x0000000e   Code   RO         2684    i.led_init          led.o
    0x08003f78   0x08003f78   0x00000022   Code   RO         2685    i.led_set           led.o
    0x08003f9a   0x08003f9a   0x00000002   PAD
    0x08003f9c   0x08003f9c   0x00000054   Code   RO            4    i.main              main.o
    0x08003ff0   0x08003ff0   0x000000c8   Code   RO         2482    i.nvic_irq_enable   at32f403a_407_misc.o
    0x080040b8   0x080040b8   0x00000028   Code   RO         2484    i.nvic_priority_group_config  at32f403a_407_misc.o
    0x080040e0   0x080040e0   0x00000058   Code   RO         2865    i.park_transform    foc.o
    0x08004138   0x08004138   0x0000007c   Code   RO         3547    i.prvAddCurrentTaskToDelayedList  tasks.o
    0x080041b4   0x080041b4   0x000000b8   Code   RO         3548    i.prvAddNewTaskToReadyList  tasks.o
    0x0800426c   0x0800426c   0x00000074   Code   RO         3923    i.prvCheckForValidListAndQueue  timers.o
    0x080042e0   0x080042e0   0x00000048   Code   RO         3549    i.prvCheckTasksWaitingTermination  tasks.o
    0x08004328   0x08004328   0x0000002a   Code   RO         3299    i.prvCopyDataFromQueue  queue.o
    0x08004352   0x08004352   0x0000007e   Code   RO         3300    i.prvCopyDataToQueue  queue.o
    0x080043d0   0x080043d0   0x00000050   Code   RO         3550    i.prvDeleteTCB      tasks.o
    0x08004420   0x08004420   0x00000028   Code   RO         3924    i.prvGetNextExpireTime  timers.o
    0x08004448   0x08004448   0x0000007c   Code   RO         4098    i.prvHeapInit       heap_4.o
    0x080044c4   0x080044c4   0x00000028   Code   RO         3551    i.prvIdleTask       tasks.o
    0x080044ec   0x080044ec   0x0000002a   Code   RO         3303    i.prvInitialiseNewQueue  queue.o
    0x08004516   0x08004516   0x000000be   Code   RO         3552    i.prvInitialiseNewTask  tasks.o
    0x080045d4   0x080045d4   0x00000068   Code   RO         3553    i.prvInitialiseTaskLists  tasks.o
    0x0800463c   0x0800463c   0x00000068   Code   RO         4099    i.prvInsertBlockIntoFreeList  heap_4.o
    0x080046a4   0x080046a4   0x00000058   Code   RO         3926    i.prvInsertTimerInActiveList  timers.o
    0x080046fc   0x080046fc   0x0000001a   Code   RO         3304    i.prvIsQueueEmpty   queue.o
    0x08004716   0x08004716   0x0000001e   Code   RO         3305    i.prvIsQueueFull    queue.o
    0x08004734   0x08004734   0x00000074   Code   RO         3927    i.prvProcessExpiredTimer  timers.o
    0x080047a8   0x080047a8   0x00000164   Code   RO         3928    i.prvProcessReceivedCommands  timers.o
    0x0800490c   0x0800490c   0x00000074   Code   RO         3929    i.prvProcessTimerOrBlockTask  timers.o
    0x08004980   0x08004980   0x00000030   Code   RO         3555    i.prvResetNextTaskUnblockTime  tasks.o
    0x080049b0   0x080049b0   0x0000002c   Code   RO         3930    i.prvSampleTimeNow  timers.o
    0x080049dc   0x080049dc   0x000000a4   Code   RO         3931    i.prvSwitchTimerLists  timers.o
    0x08004a80   0x08004a80   0x00000040   Code   RO          519    i.prvTaskExitError  include_port.o
    0x08004ac0   0x08004ac0   0x0000001a   Code   RO         3932    i.prvTimerTask      timers.o
    0x08004ada   0x08004ada   0x0000007e   Code   RO         3306    i.prvUnlockQueue    queue.o
    0x08004b58   0x08004b58   0x0000016c   Code   RO         4100    i.pvPortMalloc      heap_4.o
    0x08004cc4   0x08004cc4   0x0000002c   Code   RO          520    i.pxPortInitialiseStack  include_port.o
    0x08004cf0   0x08004cf0   0x00000022   Code   RO         2866    i.setSVpwm          foc.o
    0x08004d12   0x08004d12   0x00000002   PAD
    0x08004d14   0x08004d14   0x00000084   Code   RO         2867    i.setpwm_channel    foc.o
    0x08004d98   0x08004d98   0x00000016   Code   RO         1942    i.spi_default_para_init  at32f403a_407_spi.o
    0x08004dae   0x08004dae   0x0000000a   Code   RO         1943    i.spi_enable        at32f403a_407_spi.o
    0x08004db8   0x08004db8   0x00000008   Code   RO         1947    i.spi_i2s_data_receive  at32f403a_407_spi.o
    0x08004dc0   0x08004dc0   0x00000004   Code   RO         1948    i.spi_i2s_data_transmit  at32f403a_407_spi.o
    0x08004dc4   0x08004dc4   0x00000010   Code   RO         1952    i.spi_i2s_flag_get  at32f403a_407_spi.o
    0x08004dd4   0x08004dd4   0x00000124   Code   RO         1956    i.spi_init          at32f403a_407_spi.o
    0x08004ef8   0x08004ef8   0x000000f8   Code   RO         2583    i.system_core_clock_update  system_at32f403a_407.o
    0x08004ff0   0x08004ff0   0x00000010   Code   RO          939    i.tmr_base_init     at32f403a_407_tmr.o
    0x08005000   0x08005000   0x00000048   Code   RO          940    i.tmr_brkdt_config  at32f403a_407_tmr.o
    0x08005048   0x08005048   0x00000028   Code   RO          947    i.tmr_channel_value_set  at32f403a_407_tmr.o
    0x08005070   0x08005070   0x0000000a   Code   RO          948    i.tmr_clock_source_div_set  at32f403a_407_tmr.o
    0x0800507a   0x0800507a   0x0000000a   Code   RO          949    i.tmr_cnt_dir_set   at32f403a_407_tmr.o
    0x08005084   0x08005084   0x0000000a   Code   RO          950    i.tmr_counter_enable  at32f403a_407_tmr.o
    0x0800508e   0x0800508e   0x00000006   Code   RO          962    i.tmr_flag_clear    at32f403a_407_tmr.o
    0x08005094   0x08005094   0x00000016   Code   RO          971    i.tmr_interrupt_enable  at32f403a_407_tmr.o
    0x080050aa   0x080050aa   0x00000042   Code   RO          974    i.tmr_output_channel_buffer_enable  at32f403a_407_tmr.o
    0x080050ec   0x080050ec   0x000001a0   Code   RO          975    i.tmr_output_channel_config  at32f403a_407_tmr.o
    0x0800528c   0x0800528c   0x00000042   Code   RO          976    i.tmr_output_channel_immediately_set  at32f403a_407_tmr.o
    0x080052ce   0x080052ce   0x0000000a   Code   RO          981    i.tmr_output_enable  at32f403a_407_tmr.o
    0x080052d8   0x080052d8   0x0000000a   Code   RO          984    i.tmr_period_buffer_enable  at32f403a_407_tmr.o
    0x080052e2   0x080052e2   0x0000000a   Code   RO          987    i.tmr_primary_mode_select  at32f403a_407_tmr.o
    0x080052ec   0x080052ec   0x0000000a   Code   RO          989    i.tmr_repetition_counter_set  at32f403a_407_tmr.o
    0x080052f6   0x080052f6   0x0000000a   Code   RO          992    i.tmr_sub_sync_mode_set  at32f403a_407_tmr.o
    0x08005300   0x08005300   0x00000008   Code   RO         1428    i.usart_data_receive  at32f403a_407_usart.o
    0x08005308   0x08005308   0x00000008   Code   RO         1429    i.usart_data_transmit  at32f403a_407_usart.o
    0x08005310   0x08005310   0x0000000a   Code   RO         1431    i.usart_dma_transmitter_enable  at32f403a_407_usart.o
    0x0800531a   0x0800531a   0x0000000a   Code   RO         1432    i.usart_enable      at32f403a_407_usart.o
    0x08005324   0x08005324   0x00000012   Code   RO         1433    i.usart_flag_clear  at32f403a_407_usart.o
    0x08005336   0x08005336   0x00000010   Code   RO         1434    i.usart_flag_get    at32f403a_407_usart.o
    0x08005346   0x08005346   0x00000066   Code   RO         1435    i.usart_hardware_flow_control_set  at32f403a_407_usart.o
    0x080053ac   0x080053ac   0x00000080   Code   RO         1436    i.usart_init        at32f403a_407_usart.o
    0x0800542c   0x0800542c   0x00000036   Code   RO         1437    i.usart_interrupt_enable  at32f403a_407_usart.o
    0x08005462   0x08005462   0x000000b0   Code   RO         1438    i.usart_interrupt_flag_get  at32f403a_407_usart.o
    0x08005512   0x08005512   0x0000004c   Code   RO         1443    i.usart_parity_selection_config  at32f403a_407_usart.o
    0x0800555e   0x0800555e   0x0000000a   Code   RO         1444    i.usart_receiver_enable  at32f403a_407_usart.o
    0x08005568   0x08005568   0x0000000a   Code   RO         1451    i.usart_transmitter_enable  at32f403a_407_usart.o
    0x08005572   0x08005572   0x00000028   Code   RO         3259    i.uxListRemove      list.o
    0x0800559a   0x0800559a   0x00000002   PAD
    0x0800559c   0x0800559c   0x00000018   Code   RO          426    i.vApplicationGetIdleTaskMemory  freertos_app.o
    0x080055b4   0x080055b4   0x00000018   Code   RO          427    i.vApplicationGetTimerTaskMemory  freertos_app.o
    0x080055cc   0x080055cc   0x0000001a   Code   RO         3260    i.vListInitialise   list.o
    0x080055e6   0x080055e6   0x00000006   Code   RO         3261    i.vListInitialiseItem  list.o
    0x080055ec   0x080055ec   0x00000034   Code   RO         3262    i.vListInsert       list.o
    0x08005620   0x08005620   0x00000018   Code   RO         3263    i.vListInsertEnd    list.o
    0x08005638   0x08005638   0x00000054   Code   RO          522    i.vPortEnterCritical  include_port.o
    0x0800568c   0x0800568c   0x0000003c   Code   RO          523    i.vPortExitCritical  include_port.o
    0x080056c8   0x080056c8   0x000000a4   Code   RO         4101    i.vPortFree         heap_4.o
    0x0800576c   0x0800576c   0x00000028   Code   RO          524    i.vPortSetupTimerInterrupt  include_port.o
    0x08005794   0x08005794   0x00000078   Code   RO          525    i.vPortValidateInterruptPriority  include_port.o
    0x0800580c   0x0800580c   0x0000002c   Code   RO         3312    i.vQueueAddToRegistry  queue.o
    0x08005838   0x08005838   0x0000004a   Code   RO         3316    i.vQueueWaitForMessageRestricted  queue.o
    0x08005882   0x08005882   0x00000002   PAD
    0x08005884   0x08005884   0x0000005c   Code   RO         3568    i.vTaskDelay        tasks.o
    0x080058e0   0x080058e0   0x00000018   Code   RO         3573    i.vTaskInternalSetTimeOutState  tasks.o
    0x080058f8   0x080058f8   0x0000000c   Code   RO         3574    i.vTaskMissedYield  tasks.o
    0x08005904   0x08005904   0x00000038   Code   RO         3575    i.vTaskPlaceOnEventList  tasks.o
    0x0800593c   0x0800593c   0x00000040   Code   RO         3576    i.vTaskPlaceOnEventListRestricted  tasks.o
    0x0800597c   0x0800597c   0x000000c0   Code   RO         3584    i.vTaskStartScheduler  tasks.o
    0x08005a3c   0x08005a3c   0x00000010   Code   RO         3586    i.vTaskSuspendAll   tasks.o
    0x08005a4c   0x08005a4c   0x00000090   Code   RO         3587    i.vTaskSwitchContext  tasks.o
    0x08005adc   0x08005adc   0x00000130   Code   RO          679    i.wk_adc1_init      wk_adc.o
    0x08005c0c   0x08005c0c   0x00000010   Code   RO          343    i.wk_debug_config   wk_debug.o
    0x08005c1c   0x08005c1c   0x00000050   Code   RO          391    i.wk_dma1_channel1_init  wk_dma.o
    0x08005c6c   0x08005c6c   0x00000008   Code   RO          392    i.wk_dma_channel_config  wk_dma.o
    0x08005c74   0x08005c74   0x00000018   Code   RO          428    i.wk_freertos_init  freertos_app.o
    0x08005c8c   0x08005c8c   0x00000068   Code   RO          601    i.wk_gpio_config    wk_gpio.o
    0x08005cf4   0x08005cf4   0x000000e8   Code   RO          181    i.wk_nvic_config    at32f403a_407_wk_config.o
    0x08005ddc   0x08005ddc   0x0000006c   Code   RO          182    i.wk_periph_clock_config  at32f403a_407_wk_config.o
    0x08005e48   0x08005e48   0x000000c0   Code   RO          655    i.wk_spi1_init      wk_spi.o
    0x08005f08   0x08005f08   0x00000098   Code   RO          183    i.wk_system_clock_config  at32f403a_407_wk_config.o
    0x08005fa0   0x08005fa0   0x000002c0   Code   RO          625    i.wk_tmr1_init      wk_tmr.o
    0x08006260   0x08006260   0x0000004c   Code   RO          626    i.wk_tmr2_init      wk_tmr.o
    0x080062ac   0x080062ac   0x0000009c   Code   RO          367    i.wk_usart3_init    wk_usart.o
    0x08006348   0x08006348   0x00000168   Code   RO          526    i.xPortStartScheduler  include_port.o
    0x080064b0   0x080064b0   0x00000034   Code   RO          527    i.xPortSysTickHandler  include_port.o
    0x080064e4   0x080064e4   0x000000a8   Code   RO         3321    i.xQueueGenericCreate  queue.o
    0x0800658c   0x0800658c   0x000000e0   Code   RO         3322    i.xQueueGenericCreateStatic  queue.o
    0x0800666c   0x0800666c   0x00000098   Code   RO         3323    i.xQueueGenericReset  queue.o
    0x08006704   0x08006704   0x000001a8   Code   RO         3324    i.xQueueGenericSend  queue.o
    0x080068ac   0x080068ac   0x00000120   Code   RO         3325    i.xQueueGenericSendFromISR  queue.o
    0x080069cc   0x080069cc   0x00000168   Code   RO         3334    i.xQueueReceive     queue.o
    0x08006b34   0x08006b34   0x00000090   Code   RO         3589    i.xTaskCheckForTimeOut  tasks.o
    0x08006bc4   0x08006bc4   0x000000ba   Code   RO         3591    i.xTaskCreateStatic  tasks.o
    0x08006c7e   0x08006c7e   0x00000002   PAD
    0x08006c80   0x08006c80   0x00000020   Code   RO         3598    i.xTaskGetSchedulerState  tasks.o
    0x08006ca0   0x08006ca0   0x0000000c   Code   RO         3599    i.xTaskGetTickCount  tasks.o
    0x08006cac   0x08006cac   0x00000144   Code   RO         3601    i.xTaskIncrementTick  tasks.o
    0x08006df0   0x08006df0   0x000000a4   Code   RO         3602    i.xTaskPriorityDisinherit  tasks.o
    0x08006e94   0x08006e94   0x00000098   Code   RO         3604    i.xTaskRemoveFromEventList  tasks.o
    0x08006f2c   0x08006f2c   0x00000104   Code   RO         3605    i.xTaskResumeAll    tasks.o
    0x08007030   0x08007030   0x00000078   Code   RO         3941    i.xTimerCreateTimerTask  timers.o
    0x080070a8   0x080070a8   0x00000084   Code   RO         3942    i.xTimerGenericCommand  timers.o
    0x0800712c   0x0800712c   0x00000028   Data   RO          739    .constdata          at32f403a_407_crm.o
    0x08007154   0x08007154   0x00000010   Data   RO         2584    .constdata          system_at32f403a_407.o
    0x08007164   0x08007164   0x00000020   Data   RO         4680    Region$$Table       anon$$obj.o


    Execution Region RW_IRAM1 (Exec base: 0x20000000, Load base: 0x08007184, Size: 0x000040e8, Max: 0x00018000, ABSOLUTE, COMPRESSED[0x00000030])

    Exec Addr    Load Addr    Size         Type   Attr      Idx    E Section Name        Object

    0x20000000   COMPRESSED   0x00000028   Data   RW          430    .data               freertos_app.o
    0x20000028   COMPRESSED   0x0000000c   Data   RW          528    .data               include_port.o
    0x20000034   COMPRESSED   0x00000004   Data   RW         2585    .data               system_at32f403a_407.o
    0x20000038   COMPRESSED   0x00000010   Data   RW         2623    .data               usart3.o
    0x20000048   COMPRESSED   0x00000010   Data   RW         2722    .data               mt6701.o
    0x20000058   COMPRESSED   0x00000024   Data   RW         2869    .data               foc.o
    0x2000007c   COMPRESSED   0x00000050   Data   RW         2986    .data               svpwm.o
    0x200000cc   COMPRESSED   0x00000010   Data   RW         3066    .data               filter.o
    0x200000dc   COMPRESSED   0x00000040   Data   RW         3608    .data               tasks.o
    0x2000011c   COMPRESSED   0x00000014   Data   RW         3950    .data               timers.o
    0x20000130   COMPRESSED   0x00000020   Data   RW         4107    .data               heap_4.o
    0x20000150   COMPRESSED   0x00000004   Data   RW         4645    .data               mc_w.l(stdout.o)
    0x20000154   COMPRESSED   0x00000004   Data   RW         4653    .data               mc_w.l(errno.o)
    0x20000158        -       0x0000000c   Zero   RW          244    .bss                at32f403a_407_int.o
    0x20000164        -       0x00000f80   Zero   RW          429    .bss                freertos_app.o
    0x200010e4        -       0x00000010   Zero   RW         2622    .bss                usart3.o
    0x200010f4        -       0x00000020   Zero   RW         2763    .bss                flash_ops.o
    0x20001114        -       0x000000c4   Zero   RW         2868    .bss                foc.o
    0x200011d8        -       0x00000010   Zero   RW         3065    .bss                filter.o
    0x200011e8        -       0x00000040   Zero   RW         3338    .bss                queue.o
    0x20001228        -       0x000001a4   Zero   RW         3607    .bss                tasks.o
    0x200013cc        -       0x00000118   Zero   RW         3949    .bss                timers.o
    0x200014e4        -       0x00002800   Zero   RW         4106    .bss                heap_4.o
    0x20003ce4   COMPRESSED   0x00000004   PAD
    0x20003ce8        -       0x00000400   Zero   RW         2572    STACK               startup_at32f403a_407.o


==============================================================================

Image component sizes


      Code (inc. data)   RO Data    RW Data    ZI Data      Debug   Object Name

       942         22          0          0          0      15624   at32f403a_407_adc.o
      1046        116         40          0          0       9931   at32f403a_407_crm.o
       488         28          0          0          0       6101   at32f403a_407_dma.o
       760         56          0          0          0       7196   at32f403a_407_flash.o
       274          6          0          0          0       3919   at32f403a_407_gpio.o
       664         82          0          0         12      16840   at32f403a_407_int.o
       240         18          0          0          0      32106   at32f403a_407_misc.o
       352          0          0          0          0       4158   at32f403a_407_spi.o
       784          0          0          0          0      10959   at32f403a_407_tmr.o
       626         14          0          0          0       9099   at32f403a_407_usart.o
       612         28          0          0          0      33442   at32f403a_407_wk_config.o
       964         76          0          0          0       4275   current_control.o
         0          0          0          0          0      22804   event_groups.o
       158         14          0         16         16       2144   filter.o
       376        176          0          0         32       2766   flash_ops.o
      2270        188          0         36        196      13882   foc.o
      1416        258          0         40       3968       7326   freertos_app.o
       756         74          0         32      10240       4843   heap_4.o
      1014         92          0         12          0      11929   include_port.o
        54          0          0          0          0       2019   led.o
       148          0          0          0          0       3610   list.o
        84         12          0          0          0      95939   main.o
       230         18          0         16          0       2972   mt6701.o
        42          0          0          0          0        685   my_math.o
      2126         20          0          0         64      18502   queue.o
        36          8        388          0       1024        820   startup_at32f403a_407.o
      1324         26          0         80          0       1753   svpwm.o
       360         38         16          4          0       2248   system_at32f403a_407.o
      2716        348          0         64        420      29262   tasks.o
      1318        124          0         20        280      33623   timers.o
       404         40          0         16         16       5138   usart3.o
       304         10          0          0          0        691   wk_adc.o
        16          4          0          0          0        486   wk_debug.o
        88          4          0          0          0       1504   wk_dma.o
       104          6          0          0          0        565   wk_gpio.o
       192         10          0          0          0        651   wk_spi.o
       780         14          0          0          0       1510   wk_tmr.o
       156         14          0          0          0        593   wk_usart.o

    ----------------------------------------------------------------------
     24246       1944        476        336      16272     421915   Object Totals
         0          0         32          0          0          0   (incl. Generated)
        22          0          0          0          4          0   (incl. Padding)

    ----------------------------------------------------------------------

      Code (inc. data)   RO Data    RW Data    ZI Data      Debug   Library Member Name

        20          0          0          0          0        124   fabs.o
       176          0          0          0          0        168   fmodf.o
        16          6          0          0          0        116   funder.o
        86          0          0          0          0          0   __dczerorl2.o
         0          0          0          0          0          0   entry.o
         0          0          0          0          0          0   entry10a.o
         0          0          0          0          0          0   entry11a.o
         4          0          0          0          0          0   entry12b.o
         8          4          0          0          0          0   entry2.o
         4          0          0          0          0          0   entry5.o
         0          0          0          0          0          0   entry7b.o
         0          0          0          0          0          0   entry8b.o
         8          4          0          0          0          0   entry9a.o
        12          6          0          4          0         68   errno.o
        30          0          0          0          0          0   handlers.o
        36          8          0          0          0         68   init.o
         0          0          0          0          0          0   iusefp.o
        30          0          0          0          0         68   llshl.o
        36          0          0          0          0         68   llsshr.o
        32          0          0          0          0         68   llushr.o
        36          0          0          0          0         68   memcpya.o
        36          0          0          0          0        108   memseta.o
      2218         90          0          0          0        464   printfa.o
         0          0          0          4          0          0   stdout.o
        44          0          0          0          0         80   uidiv.o
        98          0          0          0          0         92   uldiv.o
        48          0          0          0          0         68   cdcmple.o
        48          0          0          0          0         68   cdrcmple.o
        56          0          0          0          0         88   d2f.o
       334          0          0          0          0        148   dadd.o
       222          0          0          0          0        100   ddiv.o
       186          0          0          0          0        176   depilogue.o
        48          0          0          0          0         68   dfixul.o
       228          0          0          0          0         96   dmul.o
        38          0          0          0          0         68   f2d.o
       110          0          0          0          0        168   fepilogue.o
        82          0          0          0          0         96   frem.o

    ----------------------------------------------------------------------
      4338        118          0          8          0       2704   Library Totals
         8          0          0          0          0          0   (incl. Padding)

    ----------------------------------------------------------------------

      Code (inc. data)   RO Data    RW Data    ZI Data      Debug   Library Name

       212          6          0          0          0        408   m_wm.l
      2718        112          0          8          0       1152   mc_w.l
      1400          0          0          0          0       1144   mf_w.l

    ----------------------------------------------------------------------
      4338        118          0          8          0       2704   Library Totals

    ----------------------------------------------------------------------

==============================================================================


      Code (inc. data)   RO Data    RW Data    ZI Data      Debug   

     28584       2062        476        344      16272     400659   Grand Totals
     28584       2062        476         48      16272     400659   ELF Image Totals (compressed)
     28584       2062        476         48          0          0   ROM Totals

==============================================================================

    Total RO  Size (Code + RO Data)                29060 (  28.38kB)
    Total RW  Size (RW Data + ZI Data)             16616 (  16.23kB)
    Total ROM Size (Code + RO Data + RW Data)      29108 (  28.43kB)

==============================================================================

